Component: ARM Compiler 5.06 update 6 (build 750) Tool: armlink [4d35ed]

==============================================================================

Section Cross References

    startup_stm32f410cx.o(RESET) refers to startup_stm32f410cx.o(STACK) for __initial_sp
    startup_stm32f410cx.o(RESET) refers to startup_stm32f410cx.o(.text) for Reset_Handler
    startup_stm32f410cx.o(RESET) refers to stm32f4xx_it.o(i.NMI_Handler) for NMI_Handler
    startup_stm32f410cx.o(RESET) refers to stm32f4xx_it.o(i.HardFault_Handler) for HardFault_Handler
    startup_stm32f410cx.o(RESET) refers to stm32f4xx_it.o(i.MemManage_Handler) for MemManage_Handler
    startup_stm32f410cx.o(RESET) refers to stm32f4xx_it.o(i.BusFault_Handler) for BusFault_Handler
    startup_stm32f410cx.o(RESET) refers to stm32f4xx_it.o(i.UsageFault_Handler) for UsageFault_Handler
    startup_stm32f410cx.o(RESET) refers to stm32f4xx_it.o(i.SVC_Handler) for SVC_Handler
    startup_stm32f410cx.o(RESET) refers to stm32f4xx_it.o(i.DebugMon_Handler) for DebugMon_Handler
    startup_stm32f410cx.o(RESET) refers to stm32f4xx_it.o(i.PendSV_Handler) for PendSV_Handler
    startup_stm32f410cx.o(RESET) refers to stm32f4xx_it.o(i.SysTick_Handler) for SysTick_Handler
    startup_stm32f410cx.o(RESET) refers to stm32f4xx_it.o(i.USART1_IRQHandler) for USART1_IRQHandler
    startup_stm32f410cx.o(RESET) refers to stm32f4xx_it.o(i.DMA2_Stream2_IRQHandler) for DMA2_Stream2_IRQHandler
    startup_stm32f410cx.o(.text) refers to system_stm32f4xx.o(i.SystemInit) for SystemInit
    startup_stm32f410cx.o(.text) refers to entry.o(.ARM.Collect$$$$00000000) for __main
    tj_mpu6050.o(i.I2C_Read) refers to stm32f4xx_hal_fmpi2c.o(i.HAL_FMPI2C_Master_Transmit) for HAL_FMPI2C_Master_Transmit
    tj_mpu6050.o(i.I2C_Read) refers to stm32f4xx_hal_fmpi2c.o(i.HAL_FMPI2C_Master_Receive) for HAL_FMPI2C_Master_Receive
    tj_mpu6050.o(i.I2C_Read) refers to tj_mpu6050.o(.bss) for .bss
    tj_mpu6050.o(i.I2C_Write8) refers to stm32f4xx_hal_fmpi2c.o(i.HAL_FMPI2C_Master_Transmit) for HAL_FMPI2C_Master_Transmit
    tj_mpu6050.o(i.I2C_Write8) refers to tj_mpu6050.o(.bss) for .bss
    tj_mpu6050.o(i.MPU6050_Config) refers to tj_mpu6050.o(i.I2C_Write8) for I2C_Write8
    tj_mpu6050.o(i.MPU6050_Config) refers to stm32f4xx_hal.o(i.HAL_Delay) for HAL_Delay
    tj_mpu6050.o(i.MPU6050_Config) refers to tj_mpu6050.o(i.MPU6050_Set_SMPRT_DIV) for MPU6050_Set_SMPRT_DIV
    tj_mpu6050.o(i.MPU6050_Config) refers to tj_mpu6050.o(.data) for .data
    tj_mpu6050.o(i.MPU6050_Get_Accel_Cali) refers to tj_mpu6050.o(i.MPU6050_Get_Accel_Scale) for MPU6050_Get_Accel_Scale
    tj_mpu6050.o(i.MPU6050_Get_Accel_Cali) refers to tj_mpu6050.o(.data) for .data
    tj_mpu6050.o(i.MPU6050_Get_Accel_RawData) refers to tj_mpu6050.o(i.I2C_Read) for I2C_Read
    tj_mpu6050.o(i.MPU6050_Get_Accel_RawData) refers to tj_mpu6050.o(.data) for .data
    tj_mpu6050.o(i.MPU6050_Get_Accel_Scale) refers to tj_mpu6050.o(i.MPU6050_Get_Accel_RawData) for MPU6050_Get_Accel_RawData
    tj_mpu6050.o(i.MPU6050_Get_Accel_Scale) refers to tj_mpu6050.o(.data) for .data
    tj_mpu6050.o(i.MPU6050_Get_FSYNC) refers to tj_mpu6050.o(i.I2C_Read) for I2C_Read
    tj_mpu6050.o(i.MPU6050_Get_Gyro_RawData) refers to tj_mpu6050.o(.data) for .data
    tj_mpu6050.o(i.MPU6050_Get_Gyro_Scale) refers to tj_mpu6050.o(i.MPU6050_Get_Gyro_RawData) for MPU6050_Get_Gyro_RawData
    tj_mpu6050.o(i.MPU6050_Get_Gyro_Scale) refers to tj_mpu6050.o(.data) for .data
    tj_mpu6050.o(i.MPU6050_Get_SMPRT_DIV) refers to tj_mpu6050.o(i.I2C_Read) for I2C_Read
    tj_mpu6050.o(i.MPU6050_Init) refers to memcpya.o(.text) for __aeabi_memcpy4
    tj_mpu6050.o(i.MPU6050_Init) refers to tj_mpu6050.o(.bss) for .bss
    tj_mpu6050.o(i.MPU6050_Set_FSYNC) refers to tj_mpu6050.o(i.I2C_Read) for I2C_Read
    tj_mpu6050.o(i.MPU6050_Set_FSYNC) refers to tj_mpu6050.o(i.I2C_Write8) for I2C_Write8
    tj_mpu6050.o(i.MPU6050_Set_SMPRT_DIV) refers to tj_mpu6050.o(i.I2C_Write8) for I2C_Write8
    tj_mpu6050.o(i._Accel_Cali) refers to tj_mpu6050.o(.data) for .data
    main.o(i.HAL_UART_RxCpltCallback) refers to strlen.o(.text) for strlen
    main.o(i.HAL_UART_RxCpltCallback) refers to stm32f4xx_hal_uart.o(i.HAL_UART_Transmit) for HAL_UART_Transmit
    main.o(i.HAL_UART_RxCpltCallback) refers to stm32f4xx_hal_gpio.o(i.HAL_GPIO_TogglePin) for HAL_GPIO_TogglePin
    main.o(i.HAL_UART_RxCpltCallback) refers to main.o(.bss) for .bss
    main.o(i.MX_FMPI2C1_Init) refers to stm32f4xx_hal_fmpi2c.o(i.HAL_FMPI2C_Init) for HAL_FMPI2C_Init
    main.o(i.MX_FMPI2C1_Init) refers to stm32f4xx_hal_fmpi2c_ex.o(i.HAL_FMPI2CEx_ConfigAnalogFilter) for HAL_FMPI2CEx_ConfigAnalogFilter
    main.o(i.MX_FMPI2C1_Init) refers to main.o(.bss) for .bss
    main.o(i.MX_GPIO_Init) refers to memseta.o(.text) for __aeabi_memclr4
    main.o(i.MX_GPIO_Init) refers to stm32f4xx_hal_gpio.o(i.HAL_GPIO_WritePin) for HAL_GPIO_WritePin
[...]
    Removing stm32f4xx_hal_dma_ex.o(.revsh_text), (4 bytes).
    Removing stm32f4xx_hal_dma_ex.o(.rrx_text), (6 bytes).
    Removing stm32f4xx_hal_dma_ex.o(i.DMA_MultiBufferSetConfig), (30 bytes).
    Removing stm32f4xx_hal_dma_ex.o(i.HAL_DMAEx_ChangeMemory), (14 bytes).
    Removing stm32f4xx_hal_dma_ex.o(i.HAL_DMAEx_MultiBufferStart), (100 bytes).
    Removing stm32f4xx_hal_dma_ex.o(i.HAL_DMAEx_MultiBufferStart_IT), (2432 bytes).
    Removing stm32f4xx_hal_dma.o(.rev16_text), (4 bytes).
    Removing stm32f4xx_hal_dma.o(.revsh_text), (4 bytes).
    Removing stm32f4xx_hal_dma.o(.rrx_text), (6 bytes).
    Removing stm32f4xx_hal_dma.o(i.HAL_DMA_Abort), (142 bytes).
    Removing stm32f4xx_hal_dma.o(i.HAL_DMA_DeInit), (86 bytes).
    Removing stm32f4xx_hal_dma.o(i.HAL_DMA_GetError), (4 bytes).
    Removing stm32f4xx_hal_dma.o(i.HAL_DMA_GetState), (6 bytes).
    Removing stm32f4xx_hal_dma.o(i.HAL_DMA_PollForTransfer), (292 bytes).
    Removing stm32f4xx_hal_dma.o(i.HAL_DMA_RegisterCallback), (80 bytes).
    Removing stm32f4xx_hal_dma.o(i.HAL_DMA_Start), (70 bytes).
    Removing stm32f4xx_hal_dma.o(i.HAL_DMA_UnRegisterCallback), (96 bytes).
    Removing stm32f4xx_hal_pwr.o(.rev16_text), (4 bytes).
    Removing stm32f4xx_hal_pwr.o(.revsh_text), (4 bytes).
    Removing stm32f4xx_hal_pwr.o(.rrx_text), (6 bytes).
    Removing stm32f4xx_hal_pwr.o(i.HAL_PWR_ConfigPVD), (124 bytes).
    Removing stm32f4xx_hal_pwr.o(i.HAL_PWR_DeInit), (24 bytes).
    Removing stm32f4xx_hal_pwr.o(i.HAL_PWR_DisableBkUpAccess), (12 bytes).
    Removing stm32f4xx_hal_pwr.o(i.HAL_PWR_DisablePVD), (12 bytes).
    Removing stm32f4xx_hal_pwr.o(i.HAL_PWR_DisableSEVOnPend), (16 bytes).
    Removing stm32f4xx_hal_pwr.o(i.HAL_PWR_DisableSleepOnExit), (16 bytes).
    Removing stm32f4xx_hal_pwr.o(i.HAL_PWR_DisableWakeUpPin), (16 bytes).
    Removing stm32f4xx_hal_pwr.o(i.HAL_PWR_EnableBkUpAccess), (12 bytes).
    Removing stm32f4xx_hal_pwr.o(i.HAL_PWR_EnablePVD), (12 bytes).
    Removing stm32f4xx_hal_pwr.o(i.HAL_PWR_EnableSEVOnPend), (16 bytes).
    Removing stm32f4xx_hal_pwr.o(i.HAL_PWR_EnableSleepOnExit), (16 bytes).
    Removing stm32f4xx_hal_pwr.o(i.HAL_PWR_EnableWakeUpPin), (16 bytes).
    Removing stm32f4xx_hal_pwr.o(i.HAL_PWR_EnterSLEEPMode), (32 bytes).
    Removing stm32f4xx_hal_pwr.o(i.HAL_PWR_EnterSTANDBYMode), (32 bytes).
    Removing stm32f4xx_hal_pwr.o(i.HAL_PWR_EnterSTOPMode), (56 bytes).
    Removing stm32f4xx_hal_pwr.o(i.HAL_PWR_PVDCallback), (2 bytes).
    Removing stm32f4xx_hal_pwr.o(i.HAL_PWR_PVD_IRQHandler), (28 bytes).
    Removing stm32f4xx_hal_pwr_ex.o(.rev16_text), (4 bytes).
    Removing stm32f4xx_hal_pwr_ex.o(.revsh_text), (4 bytes).
    Removing stm32f4xx_hal_pwr_ex.o(.rrx_text), (6 bytes).
    Removing stm32f4xx_hal_pwr_ex.o(i.HAL_PWREx_ControlVoltageScaling), (176 bytes).
    Removing stm32f4xx_hal_pwr_ex.o(i.HAL_PWREx_DisableBkUpReg), (60 bytes).
    Removing stm32f4xx_hal_pwr_ex.o(i.HAL_PWREx_DisableFlashPowerDown), (12 bytes).
    Removing stm32f4xx_hal_pwr_ex.o(i.HAL_PWREx_DisableLowRegulatorLowVoltage), (12 bytes).
    Removing stm32f4xx_hal_pwr_ex.o(i.HAL_PWREx_DisableMainRegulatorLowVoltage), (12 bytes).
    Removing stm32f4xx_hal_pwr_ex.o(i.HAL_PWREx_EnableBkUpReg), (60 bytes).
    Removing stm32f4xx_hal_pwr_ex.o(i.HAL_PWREx_EnableFlashPowerDown), (12 bytes).
    Removing stm32f4xx_hal_pwr_ex.o(i.HAL_PWREx_EnableLowRegulatorLowVoltage), (12 bytes).
    Removing stm32f4xx_hal_pwr_ex.o(i.HAL_PWREx_EnableMainRegulatorLowVoltage), (12 bytes).
    Removing stm32f4xx_hal_pwr_ex.o(i.HAL_PWREx_GetVoltageRange), (16 bytes).
    Removing stm32f4xx_hal_cortex.o(.rev16_text), (4 bytes).
    Removing stm32f4xx_hal_cortex.o(.revsh_text), (4 bytes).
    Removing stm32f4xx_hal_cortex.o(.rrx_text), (6 bytes).
    Removing stm32f4xx_hal_cortex.o(i.HAL_MPU_ConfigRegion), (84 bytes).
    Removing stm32f4xx_hal_cortex.o(i.HAL_MPU_Disable), (28 bytes).
    Removing stm32f4xx_hal_cortex.o(i.HAL_MPU_Enable), (36 bytes).
    Removing stm32f4xx_hal_cortex.o(i.HAL_NVIC_ClearPendingIRQ), (22 bytes).
    Removing stm32f4xx_hal_cortex.o(i.HAL_NVIC_DisableIRQ), (22 bytes).
    Removing stm32f4xx_hal_cortex.o(i.HAL_NVIC_GetActive), (32 bytes).
    Removing stm32f4xx_hal_cortex.o(i.HAL_NVIC_GetPendingIRQ), (32 bytes).
    Removing stm32f4xx_hal_cortex.o(i.HAL_NVIC_GetPriority), (82 bytes).
    Removing stm32f4xx_hal_cortex.o(i.HAL_NVIC_GetPriorityGrouping), (16 bytes).
    Removing stm32f4xx_hal_cortex.o(i.HAL_NVIC_SetPendingIRQ), (22 bytes).
    Removing stm32f4xx_hal_cortex.o(i.HAL_NVIC_SystemReset), (36 bytes).
    Removing stm32f4xx_hal_cortex.o(i.HAL_SYSTICK_CLKSourceConfig), (24 bytes).
    Removing stm32f4xx_hal_cortex.o(i.HAL_SYSTICK_Callback), (2 bytes).
    Removing stm32f4xx_hal_cortex.o(i.HAL_SYSTICK_IRQHandler), (8 bytes).
    Removing stm32f4xx_hal.o(.rev16_text), (4 bytes).
    Removing stm32f4xx_hal.o(.revsh_text), (4 bytes).
    Removing stm32f4xx_hal.o(.rrx_text), (6 bytes).
    Removing stm32f4xx_hal.o(i.HAL_DBGMCU_DisableDBGSleepMode), (16 bytes).
    Removing stm32f4xx_hal.o(i.HAL_DBGMCU_DisableDBGStandbyMode), (16 bytes).
    Removing stm32f4xx_hal.o(i.HAL_DBGMCU_DisableDBGStopMode), (16 bytes).
    Removing stm32f4xx_hal.o(i.HAL_DBGMCU_EnableDBGSleepMode), (16 bytes).
    Removing stm32f4xx_hal.o(i.HAL_DBGMCU_EnableDBGStandbyMode), (16 bytes).
    Removing stm32f4xx_hal.o(i.HAL_DBGMCU_EnableDBGStopMode), (16 bytes).
    Removing stm32f4xx_hal.o(i.HAL_DeInit), (40 bytes).
    Removing stm32f4xx_hal.o(i.HAL_DisableCompensationCell), (12 bytes).
    Removing stm32f4xx_hal.o(i.HAL_EnableCompensationCell), (12 bytes).
    Removing stm32f4xx_hal.o(i.HAL_GetDEVID), (16 bytes).
    Removing stm32f4xx_hal.o(i.HAL_GetHalVersion), (8 bytes).
    Removing stm32f4xx_hal.o(i.HAL_GetREVID), (12 bytes).
    Removing stm32f4xx_hal.o(i.HAL_GetTickFreq), (12 bytes).
    Removing stm32f4xx_hal.o(i.HAL_GetTickPrio), (12 bytes).
    Removing stm32f4xx_hal.o(i.HAL_GetUID), (28 bytes).
    Removing stm32f4xx_hal.o(i.HAL_MspDeInit), (2 bytes).
    Removing stm32f4xx_hal.o(i.HAL_MspInit), (2 bytes).
    Removing stm32f4xx_hal.o(i.HAL_ResumeTick), (14 bytes).
    Removing stm32f4xx_hal.o(i.HAL_SetTickFreq), (28 bytes).
    Removing stm32f4xx_hal.o(i.HAL_SuspendTick), (14 bytes).
    Removing system_stm32f4xx.o(.rev16_text), (4 bytes).
    Removing system_stm32f4xx.o(.revsh_text), (4 bytes).
    Removing system_stm32f4xx.o(.rrx_text), (6 bytes).
    Removing system_stm32f4xx.o(i.SystemCoreClockUpdate), (124 bytes).
    Removing retarget_io.o(i.ITM_ReceiveChar), (28 bytes).
    Removing retarget_io.o(i.ITM_SendChar), (36 bytes).
    Removing retarget_io.o(i.__aeabi_assert), (144 bytes).
    Removing retarget_io.o(i.__backspace), (40 bytes).
    Removing retarget_io.o(i.abort), (2 bytes).
    Removing retarget_io.o(i.fgetc), (52 bytes).
    Removing retarget_io.o(i.fputc), (32 bytes).
    Removing retarget_io.o(.data), (12 bytes).
    Removing dneg.o(.text), (6 bytes).
    Removing cdcmple.o(.text), (48 bytes).

517 unused section(s) (total 35153 bytes) removed from the image.

==============================================================================

Image Symbol Table

    Local Symbols

    Symbol Name                              Value     Ov Type        Size  Object(Section)

    ../Drivers/STM32F4xx_HAL_Driver/Src/stm32f4xx_hal.c 0x00000000   Number         0  stm32f4xx_hal.o ABSOLUTE
    ../Drivers/STM32F4xx_HAL_Driver/Src/stm32f4xx_hal_cortex.c 0x00000000   Number         0  stm32f4xx_hal_cortex.o ABSOLUTE
    ../Drivers/STM32F4xx_HAL_Driver/Src/stm32f4xx_hal_dma.c 0x00000000   Number         0  stm32f4xx_hal_dma.o ABSOLUTE
    ../Drivers/STM32F4xx_HAL_Driver/Src/stm32f4xx_hal_dma_ex.c 0x00000000   Number         0  stm32f4xx_hal_dma_ex.o ABSOLUTE
    ../Drivers/STM32F4xx_HAL_Driver/Src/stm32f4xx_hal_flash.c 0x00000000   Number         0  stm32f4xx_hal_flash.o ABSOLUTE
    ../Drivers/STM32F4xx_HAL_Driver/Src/stm32f4xx_hal_flash_ex.c 0x00000000   Number         0  stm32f4xx_hal_flash_ex.o ABSOLUTE
    ../Drivers/STM32F4xx_HAL_Driver/Src/stm32f4xx_hal_flash_ramfunc.c 0x00000000   Number         0  stm32f4xx_hal_flash_ramfunc.o ABSOLUTE
    ../Drivers/STM32F4xx_HAL_Driver/Src/stm32f4xx_hal_fmpi2c.c 0x00000000   Number         0  stm32f4xx_hal_fmpi2c.o ABSOLUTE
    ../Drivers/STM32F4xx_HAL_Driver/Src/stm32f4xx_hal_fmpi2c_ex.c 0x00000000   Number         0  stm32f4xx_hal_fmpi2c_ex.o ABSOLUTE
    ../Drivers/STM32F4xx_HAL_Driver/Src/stm32f4xx_hal_gpio.c 0x00000000   Number         0  stm32f4xx_hal_gpio.o ABSOLUTE
    ../Drivers/STM32F4xx_HAL_Driver/Src/stm32f4xx_hal_pwr.c 0x00000000   Number         0  stm32f4xx_hal_pwr.o ABSOLUTE
    ../Drivers/STM32F4xx_HAL_Driver/Src/stm32f4xx_hal_pwr_ex.c 0x00000000   Number         0  stm32f4xx_hal_pwr_ex.o ABSOLUTE
    ../Drivers/STM32F4xx_HAL_Driver/Src/stm32f4xx_hal_rcc.c 0x00000000   Number         0  stm32f4xx_hal_rcc.o ABSOLUTE
    ../Drivers/STM32F4xx_HAL_Driver/Src/stm32f4xx_hal_rcc_ex.c 0x00000000   Number         0  stm32f4xx_hal_rcc_ex.o ABSOLUTE
    ../Drivers/STM32F4xx_HAL_Driver/Src/stm32f4xx_hal_rtc.c 0x00000000   Number         0  stm32f4xx_hal_rtc.o ABSOLUTE
    ../Drivers/STM32F4xx_HAL_Driver/Src/stm32f4xx_hal_rtc_ex.c 0x00000000   Number         0  stm32f4xx_hal_rtc_ex.o ABSOLUTE
    ../Drivers/STM32F4xx_HAL_Driver/Src/stm32f4xx_hal_tim.c 0x00000000   Number         0  stm32f4xx_hal_tim.o ABSOLUTE
    ../Drivers/STM32F4xx_HAL_Driver/Src/stm32f4xx_hal_tim_ex.c 0x00000000   Number         0  stm32f4xx_hal_tim_ex.o ABSOLUTE
    ../Drivers/STM32F4xx_HAL_Driver/Src/stm32f4xx_hal_uart.c 0x00000000   Number         0  stm32f4xx_hal_uart.o ABSOLUTE
    ../Src/main.c                            0x00000000   Number         0  main.o ABSOLUTE
    ../Src/stm32f4xx_hal_msp.c               0x00000000   Number         0  stm32f4xx_hal_msp.o ABSOLUTE
    ../Src/stm32f4xx_it.c                    0x00000000   Number         0  stm32f4xx_it.o ABSOLUTE
    ../Src/system_stm32f4xx.c                0x00000000   Number         0  system_stm32f4xx.o ABSOLUTE
    ../clib/../cmprslib/zerorunl2.c          0x00000000   Number         0  __dczerorl2.o ABSOLUTE
    ../clib/microlib/division.c              0x00000000   Number         0  uldiv.o ABSOLUTE
    ../clib/microlib/errno.c                 0x00000000   Number         0  errno.o ABSOLUTE
    ../clib/microlib/init/entry.s            0x00000000   Number         0  entry5.o ABSOLUTE
    ../clib/microlib/init/entry.s            0x00000000   Number         0  entry.o ABSOLUTE
    ../clib/microlib/init/entry.s            0x00000000   Number         0  entry2.o ABSOLUTE
    ../clib/microlib/init/entry.s            0x00000000   Number         0  entry9a.o ABSOLUTE
    ../clib/microlib/init/entry.s            0x00000000   Number         0  entry11b.o ABSOLUTE
    ../clib/microlib/init/entry.s            0x00000000   Number         0  entry11a.o ABSOLUTE
    ../clib/microlib/init/entry.s            0x00000000   Number         0  entry10b.o ABSOLUTE
    ../clib/microlib/init/entry.s            0x00000000   Number         0  entry10a.o ABSOLUTE
    ../clib/microlib/init/entry.s            0x00000000   Number         0  entry9b.o ABSOLUTE
    ../clib/microlib/init/entry.s            0x00000000   Number         0  entry8b.o ABSOLUTE
    ../clib/microlib/init/entry.s            0x00000000   Number         0  entry8a.o ABSOLUTE
    ../clib/microlib/init/entry.s            0x00000000   Number         0  entry7b.o ABSOLUTE
    ../clib/microlib/init/entry.s            0x00000000   Number         0  entry7a.o ABSOLUTE
    ../clib/microlib/longlong.c              0x00000000   Number         0  llsshr.o ABSOLUTE
    ../clib/microlib/longlong.c              0x00000000   Number         0  llshl.o ABSOLUTE
    ../clib/microlib/longlong.c              0x00000000   Number         0  llushr.o ABSOLUTE
    ../clib/microlib/stdio/fputs.c           0x00000000   Number         0  fputs.o ABSOLUTE
    ../clib/microlib/stdio/fputs.c           0x00000000   Number         0  fputs_e.o ABSOLUTE
    ../clib/microlib/stdio/streams.c         0x00000000   Number         0  stderr.o ABSOLUTE
    ../clib/microlib/stdio/streams.c         0x00000000   Number         0  stdin.o ABSOLUTE
    ../clib/microlib/stdio/streams.c         0x00000000   Number         0  stdout.o ABSOLUTE
    ../clib/microlib/string/memcpy.c         0x00000000   Number         0  memcpya.o ABSOLUTE
    ../clib/microlib/string/memcpy.c         0x00000000   Number         0  memcpyb.o ABSOLUTE
    ../clib/microlib/string/memset.c         0x00000000   Number         0  memseta.o ABSOLUTE
    ../clib/microlib/string/strlen.c         0x00000000   Number         0  strlen.o ABSOLUTE
    ../clib/microlib/stubs.s                 0x00000000   Number         0  iusefp.o ABSOLUTE
    ../fplib/microlib/d2f.c                  0x00000000   Number         0  d2f.o ABSOLUTE
    ../fplib/microlib/f2d.c                  0x00000000   Number         0  f2d.o ABSOLUTE
    ../fplib/microlib/fpadd.c                0x00000000   Number         0  dadd.o ABSOLUTE
    ../fplib/microlib/fpdiv.c                0x00000000   Number         0  ddiv.o ABSOLUTE
    ../fplib/microlib/fpepilogue.c           0x00000000   Number         0  fepilogue.o ABSOLUTE
    ../fplib/microlib/fpepilogue.c           0x00000000   Number         0  depilogue.o ABSOLUTE
    ../fplib/microlib/fpfix.c                0x00000000   Number         0  dfixi.o ABSOLUTE
    ../fplib/microlib/fpmul.c                0x00000000   Number         0  dmul.o ABSOLUTE
    ../fplib/microlib/fpneg.c                0x00000000   Number         0  dneg.o ABSOLUTE
    ../fplib/microlib/fpsqrt.c               0x00000000   Number         0  dsqrt.o ABSOLUTE
    ../mathlib/asin.c                        0x00000000   Number         0  asin.o ABSOLUTE
    ../mathlib/asin.c                        0x00000000   Number         0  asin_x.o ABSOLUTE
    ../mathlib/dunder.c                      0x00000000   Number         0  dunder.o ABSOLUTE
    ../mathlib/fabs.c                        0x00000000   Number         0  fabs.o ABSOLUTE
    ../mathlib/fpclassify.c                  0x00000000   Number         0  fpclassify.o ABSOLUTE
    ../mathlib/poly.c                        0x00000000   Number         0  poly.o ABSOLUTE
    ../mathlib/sqrt.c                        0x00000000   Number         0  sqrt_x.o ABSOLUTE
    ../mathlib/sqrt.c                        0x00000000   Number         0  sqrt.o ABSOLUTE
    ..\Drivers\STM32F4xx_HAL_Driver\Src\stm32f4xx_hal.c 0x00000000   Number         0  stm32f4xx_hal.o ABSOLUTE
    ..\Drivers\STM32F4xx_HAL_Driver\Src\stm32f4xx_hal_cortex.c 0x00000000   Number         0  stm32f4xx_hal_cortex.o ABSOLUTE
    ..\Drivers\STM32F4xx_HAL_Driver\Src\stm32f4xx_hal_dma.c 0x00000000   Number         0  stm32f4xx_hal_dma.o ABSOLUTE
    ..\Drivers\STM32F4xx_HAL_Driver\Src\stm32f4xx_hal_dma_ex.c 0x00000000   Number         0  stm32f4xx_hal_dma_ex.o ABSOLUTE
    ..\Drivers\STM32F4xx_HAL_Driver\Src\stm32f4xx_hal_flash.c 0x00000000   Number         0  stm32f4xx_hal_flash.o ABSOLUTE
    ..\Drivers\STM32F4xx_HAL_Driver\Src\stm32f4xx_hal_flash_ex.c 0x00000000   Number         0  stm32f4xx_hal_flash_ex.o ABSOLUTE
    ..\Drivers\STM32F4xx_HAL_Driver\Src\stm32f4xx_hal_flash_ramfunc.c 0x00000000   Number         0  stm32f4xx_hal_flash_ramfunc.o ABSOLUTE
    ..\Drivers\STM32F4xx_HAL_Driver\Src\stm32f4xx_hal_fmpi2c.c 0x00000000   Number         0  stm32f4xx_hal_fmpi2c.o ABSOLUTE
    ..\Drivers\STM32F4xx_HAL_Driver\Src\stm32f4xx_hal_fmpi2c_ex.c 0x00000000   Number         0  stm32f4xx_hal_fmpi2c_ex.o ABSOLUTE
    ..\Drivers\STM32F4xx_HAL_Driver\Src\stm32f4xx_hal_gpio.c 0x00000000   Number         0  stm32f4xx_hal_gpio.o ABSOLUTE
    ..\Drivers\STM32F4xx_HAL_Driver\Src\stm32f4xx_hal_pwr.c 0x00000000   Number         0  stm32f4xx_hal_pwr.o ABSOLUTE
    ..\Drivers\STM32F4xx_HAL_Driver\Src\stm32f4xx_hal_pwr_ex.c 0x00000000   Number         0  stm32f4xx_hal_pwr_ex.o ABSOLUTE
    ..\Drivers\STM32F4xx_HAL_Driver\Src\stm32f4xx_hal_rcc.c 0x00000000   Number         0  stm32f4xx_hal_rcc.o ABSOLUTE
    ..\Drivers\STM32F4xx_HAL_Driver\Src\stm32f4xx_hal_rcc_ex.c 0x00000000   Number         0  stm32f4xx_hal_rcc_ex.o ABSOLUTE
    ..\Drivers\STM32F4xx_HAL_Driver\Src\stm32f4xx_hal_rtc.c 0x00000000   Number         0  stm32f4xx_hal_rtc.o ABSOLUTE
    ..\Drivers\STM32F4xx_HAL_Driver\Src\stm32f4xx_hal_rtc_ex.c 0x00000000   Number         0  stm32f4xx_hal_rtc_ex.o ABSOLUTE
    ..\Drivers\STM32F4xx_HAL_Driver\Src\stm32f4xx_hal_tim.c 0x00000000   Number         0  stm32f4xx_hal_tim.o ABSOLUTE
    ..\Drivers\STM32F4xx_HAL_Driver\Src\stm32f4xx_hal_tim_ex.c 0x00000000   Number         0  stm32f4xx_hal_tim_ex.o ABSOLUTE
    ..\Drivers\STM32F4xx_HAL_Driver\Src\stm32f4xx_hal_uart.c 0x00000000   Number         0  stm32f4xx_hal_uart.o ABSOLUTE
    ..\Src\TJ_MPU6050.c                      0x00000000   Number         0  tj_mpu6050.o ABSOLUTE
    ..\Src\dwt_stm32_delay.c                 0x00000000   Number         0  dwt_stm32_delay.o ABSOLUTE
    ..\Src\main.c                            0x00000000   Number         0  main.o ABSOLUTE
    ..\Src\stm32f4xx_hal_msp.c               0x00000000   Number         0  stm32f4xx_hal_msp.o ABSOLUTE
    ..\Src\stm32f4xx_it.c                    0x00000000   Number         0  stm32f4xx_it.o ABSOLUTE
    ..\Src\system_stm32f4xx.c                0x00000000   Number         0  system_stm32f4xx.o ABSOLUTE
    ..\\Src\\TJ_MPU6050.c                    0x00000000   Number         0  tj_mpu6050.o ABSOLUTE
    ..\\Src\\dwt_stm32_delay.c               0x00000000   Number         0  dwt_stm32_delay.o ABSOLUTE
    C:\Users\Jonathan\AppData\Local\Arm\Packs\Keil\ARM_Compiler\1.6.1\Source\retarget_io.c 0x00000000   Number         0  retarget_io.o ABSOLUTE
    cdcmple.s                                0x00000000   Number         0  cdcmple.o ABSOLUTE
    dc.s                                     0x00000000   Number         0  dc.o ABSOLUTE
    handlers.s                               0x00000000   Number         0  handlers.o ABSOLUTE
    init.s                                   0x00000000   Number         0  init.o ABSOLUTE
    startup_stm32f410cx.s                    0x00000000   Number         0  startup_stm32f410cx.o ABSOLUTE
    RESET                                    0x08000000   Section      456  startup_stm32f410cx.o(RESET)
    .ARM.Collect$$$$00000000                 0x080001c8   Section        0  entry.o(.ARM.Collect$$$$00000000)
    .ARM.Collect$$$$00000001                 0x080001c8   Section        4  entry2.o(.ARM.Collect$$$$00000001)
    .ARM.Collect$$$$00000004                 0x080001cc   Section        4  entry5.o(.ARM.Collect$$$$00000004)
    .ARM.Collect$$$$00000008                 0x080001d0   Section        0  entry7b.o(.ARM.Collect$$$$00000008)
    .ARM.Collect$$$$0000000A                 0x080001d0   Section        0  entry8b.o(.ARM.Collect$$$$0000000A)
    .ARM.Collect$$$$0000000B                 0x080001d0   Section        8  entry9a.o(.ARM.Collect$$$$0000000B)
    .ARM.Collect$$$$0000000D                 0x080001d8   Section        0  entry10a.o(.ARM.Collect$$$$0000000D)
    .ARM.Collect$$$$0000000F                 0x080001d8   Section        0  entry11a.o(.ARM.Collect$$$$0000000F)
    .ARM.Collect$$$$00002712                 0x080001d8   Section        4  entry2.o(.ARM.Collect$$$$00002712)
    __lit__00000000                          0x080001d8   Data           4  entry2.o(.ARM.Collect$$$$00002712)
    .text                                    0x080001dc   Section       36  startup_stm32f410cx.o(.text)
    $v0                                      0x080001dc   Number         0  startup_stm32f410cx.o(.text)
    .text                                    0x08000200   Section        0  uldiv.o(.text)
    .text                                    0x08000262   Section        0  memcpya.o(.text)
    .text                                    0x08000286   Section        0  memseta.o(.text)
    .text                                    0x080002aa   Section        0  strlen.o(.text)
    .text                                    0x080002b8   Section        0  dadd.o(.text)
    .text                                    0x08000406   Section        0  dmul.o(.text)
    .text                                    0x080004ea   Section        0  ddiv.o(.text)
    .text                                    0x080005c8   Section        0  dfixi.o(.text)
    .text                                    0x08000606   Section        0  f2d.o(.text)
    .text                                    0x0800062c   Section        0  d2f.o(.text)
    .text                                    0x08000664   Section        0  llshl.o(.text)
    .text                                    0x08000682   Section        0  llushr.o(.text)
    .text                                    0x080006a2   Section        0  llsshr.o(.text)
    .text                                    0x080006c6   Section        0  iusefp.o(.text)
    .text                                    0x080006c6   Section        0  fepilogue.o(.text)
    .text                                    0x08000734   Section        0  depilogue.o(.text)
    .text                                    0x080007ee   Section        0  dsqrt.o(.text)
    .text                                    0x08000890   Section       36  init.o(.text)
    .text                                    0x080008b4   Section        0  __dczerorl2.o(.text)
    i.BusFault_Handler                       0x0800090a   Section        0  stm32f4xx_it.o(i.BusFault_Handler)
    i.DMA2_Stream2_IRQHandler                0x0800090c   Section        0  stm32f4xx_it.o(i.DMA2_Stream2_IRQHandler)
    i.DMA_CalcBaseAndBitshift                0x08000918   Section        0  stm32f4xx_hal_dma.o(i.DMA_CalcBaseAndBitshift)
    DMA_CalcBaseAndBitshift                  0x08000919   Thumb Code    34  stm32f4xx_hal_dma.o(i.DMA_CalcBaseAndBitshift)
    i.DMA_CheckFifoParam                     0x08000940   Section        0  stm32f4xx_hal_dma.o(i.DMA_CheckFifoParam)
    DMA_CheckFifoParam                       0x08000941   Thumb Code    84  stm32f4xx_hal_dma.o(i.DMA_CheckFifoParam)
    i.DMA_SetConfig                          0x08000994   Section        0  stm32f4xx_hal_dma.o(i.DMA_SetConfig)
    DMA_SetConfig                            0x08000995   Thumb Code    40  stm32f4xx_hal_dma.o(i.DMA_SetConfig)
    i.DWT_Delay_Init                         0x080009bc   Section        0  dwt_stm32_delay.o(i.DWT_Delay_Init)
    i.DebugMon_Handler                       0x08000a00   Section        0  stm32f4xx_it.o(i.DebugMon_Handler)
    i.Error_Handler                          0x08000a02   Section        0  main.o(i.Error_Handler)
    i.FMPI2C_Flush_TXDR                      0x08000a04   Section        0  stm32f4xx_hal_fmpi2c.o(i.FMPI2C_Flush_TXDR)
    FMPI2C_Flush_TXDR                        0x08000a05   Thumb Code    34  stm32f4xx_hal_fmpi2c.o(i.FMPI2C_Flush_TXDR)
    i.FMPI2C_IsAcknowledgeFailed             0x08000a28   Section        0  stm32f4xx_hal_fmpi2c.o(i.FMPI2C_IsAcknowledgeFailed)
    FMPI2C_IsAcknowledgeFailed               0x08000a29   Thumb Code   118  stm32f4xx_hal_fmpi2c.o(i.FMPI2C_IsAcknowledgeFailed)
    i.FMPI2C_TransferConfig                  0x08000aa4   Section        0  stm32f4xx_hal_fmpi2c.o(i.FMPI2C_TransferConfig)
    FMPI2C_TransferConfig                    0x08000aa5   Thumb Code    40  stm32f4xx_hal_fmpi2c.o(i.FMPI2C_TransferConfig)
    i.FMPI2C_WaitOnFlagUntilTimeout          0x08000ad0   Section        0  stm32f4xx_hal_fmpi2c.o(i.FMPI2C_WaitOnFlagUntilTimeout)
    FMPI2C_WaitOnFlagUntilTimeout            0x08000ad1   Thumb Code    82  stm32f4xx_hal_fmpi2c.o(i.FMPI2C_WaitOnFlagUntilTimeout)
    i.FMPI2C_WaitOnRXNEFlagUntilTimeout      0x08000b24   Section        0  stm32f4xx_hal_fmpi2c.o(i.FMPI2C_WaitOnRXNEFlagUntilTimeout)
    FMPI2C_WaitOnRXNEFlagUntilTimeout        0x08000b25   Thumb Code   132  stm32f4xx_hal_fmpi2c.o(i.FMPI2C_WaitOnRXNEFlagUntilTimeout)
    i.FMPI2C_WaitOnSTOPFlagUntilTimeout      0x08000bac   Section        0  stm32f4xx_hal_fmpi2c.o(i.FMPI2C_WaitOnSTOPFlagUntilTimeout)
    FMPI2C_WaitOnSTOPFlagUntilTimeout        0x08000bad   Thumb Code    78  stm32f4xx_hal_fmpi2c.o(i.FMPI2C_WaitOnSTOPFlagUntilTimeout)
    i.FMPI2C_WaitOnTXISFlagUntilTimeout      0x08000bfa   Section        0  stm32f4xx_hal_fmpi2c.o(i.FMPI2C_WaitOnTXISFlagUntilTimeout)
    FMPI2C_WaitOnTXISFlagUntilTimeout        0x08000bfb   Thumb Code    82  stm32f4xx_hal_fmpi2c.o(i.FMPI2C_WaitOnTXISFlagUntilTimeout)
    i.HAL_DMA_Abort_IT                       0x08000c4c   Section        0  stm32f4xx_hal_dma.o(i.HAL_DMA_Abort_IT)
    i.HAL_DMA_IRQHandler                     0x08000c70   Section        0  stm32f4xx_hal_dma.o(i.HAL_DMA_IRQHandler)
    i.HAL_DMA_Init                           0x08000e10   Section        0  stm32f4xx_hal_dma.o(i.HAL_DMA_Init)
    i.HAL_DMA_Start_IT                       0x08000ee4   Section        0  stm32f4xx_hal_dma.o(i.HAL_DMA_Start_IT)
    i.HAL_Delay                              0x08000f5c   Section        0  stm32f4xx_hal.o(i.HAL_Delay)
    i.HAL_FMPI2CEx_ConfigAnalogFilter        0x08000f80   Section        0  stm32f4xx_hal_fmpi2c_ex.o(i.HAL_FMPI2CEx_ConfigAnalogFilter)
    i.HAL_FMPI2C_Init                        0x08000fd8   Section        0  stm32f4xx_hal_fmpi2c.o(i.HAL_FMPI2C_Init)
    i.HAL_FMPI2C_Master_Receive              0x08001090   Section        0  stm32f4xx_hal_fmpi2c.o(i.HAL_FMPI2C_Master_Receive)
    i.HAL_FMPI2C_Master_Transmit             0x080011c0   Section        0  stm32f4xx_hal_fmpi2c.o(i.HAL_FMPI2C_Master_Transmit)
    i.HAL_FMPI2C_MspInit                     0x080012ec   Section        0  stm32f4xx_hal_msp.o(i.HAL_FMPI2C_MspInit)
    i.HAL_GPIO_Init                          0x08001358   Section        0  stm32f4xx_hal_gpio.o(i.HAL_GPIO_Init)
    i.HAL_GPIO_TogglePin                     0x080014c4   Section        0  stm32f4xx_hal_gpio.o(i.HAL_GPIO_TogglePin)
    i.HAL_GPIO_WritePin                      0x080014cc   Section        0  stm32f4xx_hal_gpio.o(i.HAL_GPIO_WritePin)
    i.HAL_GetTick                            0x080014d8   Section        0  stm32f4xx_hal.o(i.HAL_GetTick)
    i.HAL_IncTick                            0x080014e4   Section        0  stm32f4xx_hal.o(i.HAL_IncTick)
    i.HAL_Init                               0x080014f4   Section        0  stm32f4xx_hal.o(i.HAL_Init)
    i.HAL_InitTick                           0x08001528   Section        0  stm32f4xx_hal.o(i.HAL_InitTick)
    i.HAL_MspInit                            0x08001568   Section        0  stm32f4xx_hal_msp.o(i.HAL_MspInit)
    i.HAL_NVIC_EnableIRQ                     0x08001598   Section        0  stm32f4xx_hal_cortex.o(i.HAL_NVIC_EnableIRQ)
    i.HAL_NVIC_SetPriority                   0x080015b0   Section        0  stm32f4xx_hal_cortex.o(i.HAL_NVIC_SetPriority)
    i.HAL_NVIC_SetPriorityGrouping           0x080015f0   Section        0  stm32f4xx_hal_cortex.o(i.HAL_NVIC_SetPriorityGrouping)
    i.HAL_RCCEx_PeriphCLKConfig              0x08001614   Section        0  stm32f4xx_hal_rcc_ex.o(i.HAL_RCCEx_PeriphCLKConfig)
    i.HAL_RCC_ClockConfig                    0x08001738   Section        0  stm32f4xx_hal_rcc.o(i.HAL_RCC_ClockConfig)
    i.HAL_RCC_GetPCLK1Freq                   0x08001868   Section        0  stm32f4xx_hal_rcc.o(i.HAL_RCC_GetPCLK1Freq)
    i.HAL_RCC_GetPCLK2Freq                   0x08001888   Section        0  stm32f4xx_hal_rcc.o(i.HAL_RCC_GetPCLK2Freq)
    i.HAL_RCC_GetSysClockFreq                0x080018a8   Section        0  stm32f4xx_hal_rcc.o(i.HAL_RCC_GetSysClockFreq)
    i.HAL_RCC_OscConfig                      0x0800190c   Section        0  stm32f4xx_hal_rcc_ex.o(i.HAL_RCC_OscConfig)
    i.HAL_RTC_Init                           0x08001c30   Section        0  stm32f4xx_hal_rtc.o(i.HAL_RTC_Init)
    i.HAL_RTC_MspInit                        0x08001cdc   Section        0  stm32f4xx_hal_msp.o(i.HAL_RTC_MspInit)
    i.HAL_RTC_WaitForSynchro                 0x08001cf4   Section        0  stm32f4xx_hal_rtc.o(i.HAL_RTC_WaitForSynchro)
    i.HAL_SYSTICK_Config                     0x08001d2a   Section        0  stm32f4xx_hal_cortex.o(i.HAL_SYSTICK_Config)
    i.HAL_TIMEx_ConfigBreakDeadTime          0x08001d52   Section        0  stm32f4xx_hal_tim_ex.o(i.HAL_TIMEx_ConfigBreakDeadTime)
    i.HAL_TIMEx_MasterConfigSynchronization  0x08001dac   Section        0  stm32f4xx_hal_tim_ex.o(i.HAL_TIMEx_MasterConfigSynchronization)
    i.HAL_TIM_MspPostInit                    0x08001dfc   Section        0  stm32f4xx_hal_msp.o(i.HAL_TIM_MspPostInit)
    i.HAL_TIM_PWM_ConfigChannel              0x08001e50   Section        0  stm32f4xx_hal_tim.o(i.HAL_TIM_PWM_ConfigChannel)
    i.HAL_TIM_PWM_Init                       0x08001f20   Section        0  stm32f4xx_hal_tim.o(i.HAL_TIM_PWM_Init)
    i.HAL_TIM_PWM_MspInit                    0x08001f58   Section        0  stm32f4xx_hal_msp.o(i.HAL_TIM_PWM_MspInit)
    i.HAL_TIM_PWM_Start                      0x08001f80   Section        0  stm32f4xx_hal_tim.o(i.HAL_TIM_PWM_Start)
    i.HAL_UART_ErrorCallback                 0x08001fb0   Section        0  stm32f4xx_hal_uart.o(i.HAL_UART_ErrorCallback)
    i.HAL_UART_IRQHandler                    0x08001fb4   Section        0  stm32f4xx_hal_uart.o(i.HAL_UART_IRQHandler)
    i.HAL_UART_Init                          0x080020c4   Section        0  stm32f4xx_hal_uart.o(i.HAL_UART_Init)
    i.HAL_UART_MspInit                       0x08002128   Section        0  stm32f4xx_hal_msp.o(i.HAL_UART_MspInit)
    i.HAL_UART_Receive_DMA                   0x080021dc   Section        0  stm32f4xx_hal_uart.o(i.HAL_UART_Receive_DMA)
    i.HAL_UART_RxCpltCallback                0x08002274   Section        0  main.o(i.HAL_UART_RxCpltCallback)
    i.HAL_UART_RxHalfCpltCallback            0x080022a0   Section        0  stm32f4xx_hal_uart.o(i.HAL_UART_RxHalfCpltCallback)
    i.HAL_UART_Transmit                      0x080022a2   Section        0  stm32f4xx_hal_uart.o(i.HAL_UART_Transmit)
    i.HAL_UART_TxCpltCallback                0x0800235c   Section        0  stm32f4xx_hal_uart.o(i.HAL_UART_TxCpltCallback)
    i.HardFault_Handler                      0x0800235e   Section        0  stm32f4xx_it.o(i.HardFault_Handler)
    i.I2C_Read                               0x08002360   Section        0  tj_mpu6050.o(i.I2C_Read)
    i.I2C_Write8                             0x08002394   Section        0  tj_mpu6050.o(i.I2C_Write8)
    i.MPU6050_Config                         0x080023b4   Section        0  tj_mpu6050.o(i.MPU6050_Config)
    i.MPU6050_Get_Accel_RawData              0x08002488   Section        0  tj_mpu6050.o(i.MPU6050_Get_Accel_RawData)
    i.MPU6050_Get_Gyro_RawData               0x08002514   Section        0  tj_mpu6050.o(i.MPU6050_Get_Gyro_RawData)
    i.MPU6050_Init                           0x08002528   Section        0  tj_mpu6050.o(i.MPU6050_Init)
    i.MPU6050_Set_SMPRT_DIV                  0x08002538   Section        0  tj_mpu6050.o(i.MPU6050_Set_SMPRT_DIV)
    i.MX_FMPI2C1_Init                        0x08002540   Section        0  main.o(i.MX_FMPI2C1_Init)
    MX_FMPI2C1_Init                          0x08002541   Thumb Code    46  main.o(i.MX_FMPI2C1_Init)
    i.MX_GPIO_Init                           0x0800257c   Section        0  main.o(i.MX_GPIO_Init)
    MX_GPIO_Init                             0x0800257d   Thumb Code   192  main.o(i.MX_GPIO_Init)
    i.MX_TIM1_Init                           0x0800264c   Section        0  main.o(i.MX_TIM1_Init)
    MX_TIM1_Init                             0x0800264d   Thumb Code   154  main.o(i.MX_TIM1_Init)
    i.MemManage_Handler                      0x080026f0   Section        0  stm32f4xx_it.o(i.MemManage_Handler)
    i.NMI_Handler                            0x080026f2   Section        0  stm32f4xx_it.o(i.NMI_Handler)
    i.NVIC_SetPriority                       0x080026f4   Section        0  stm32f4xx_hal_cortex.o(i.NVIC_SetPriority)
    NVIC_SetPriority                         0x080026f5   Thumb Code    32  stm32f4xx_hal_cortex.o(i.NVIC_SetPriority)
    i.PendSV_Handler                         0x08002714   Section        0  stm32f4xx_it.o(i.PendSV_Handler)
    i.RTC_EnterInitMode                      0x08002718   Section        0  stm32f4xx_hal_rtc.o(i.RTC_EnterInitMode)
    i.SVC_Handler                            0x08002752   Section        0  stm32f4xx_it.o(i.SVC_Handler)
    i.SysTick_Handler                        0x08002754   Section        0  stm32f4xx_it.o(i.SysTick_Handler)
    i.SystemClock_Config                     0x08002758   Section        0  main.o(i.SystemClock_Config)
    i.SystemInit                             0x080027f4   Section        0  system_stm32f4xx.o(i.SystemInit)
    i.TIM_Base_SetConfig                     0x08002848   Section        0  stm32f4xx_hal_tim.o(i.TIM_Base_SetConfig)
    i.TIM_CCxChannelCmd                      0x080028a4   Section        0  stm32f4xx_hal_tim.o(i.TIM_CCxChannelCmd)
    i.TIM_OC1_SetConfig                      0x080028bc   Section        0  stm32f4xx_hal_tim.o(i.TIM_OC1_SetConfig)
    TIM_OC1_SetConfig                        0x080028bd   Thumb Code    74  stm32f4xx_hal_tim.o(i.TIM_OC1_SetConfig)
    i.TIM_OC2_SetConfig                      0x0800290c   Section        0  stm32f4xx_hal_tim.o(i.TIM_OC2_SetConfig)
    i.TIM_OC3_SetConfig                      0x08002964   Section        0  stm32f4xx_hal_tim.o(i.TIM_OC3_SetConfig)
    TIM_OC3_SetConfig                        0x08002965   Thumb Code    82  stm32f4xx_hal_tim.o(i.TIM_OC3_SetConfig)
    i.TIM_OC4_SetConfig                      0x080029bc   Section        0  stm32f4xx_hal_tim.o(i.TIM_OC4_SetConfig)
    TIM_OC4_SetConfig                        0x080029bd   Thumb Code    64  stm32f4xx_hal_tim.o(i.TIM_OC4_SetConfig)
    i.UART_DMAAbortOnError                   0x08002a00   Section        0  stm32f4xx_hal_uart.o(i.UART_DMAAbortOnError)
    UART_DMAAbortOnError                     0x08002a01   Thumb Code    16  stm32f4xx_hal_uart.o(i.UART_DMAAbortOnError)
    i.UART_DMAError                          0x08002a10   Section        0  stm32f4xx_hal_uart.o(i.UART_DMAError)
    UART_DMAError                            0x08002a11   Thumb Code    74  stm32f4xx_hal_uart.o(i.UART_DMAError)
    i.UART_DMAReceiveCplt                    0x08002a5a   Section        0  stm32f4xx_hal_uart.o(i.UART_DMAReceiveCplt)
    UART_DMAReceiveCplt                      0x08002a5b   Thumb Code    60  stm32f4xx_hal_uart.o(i.UART_DMAReceiveCplt)
    i.UART_DMARxHalfCplt                     0x08002a96   Section        0  stm32f4xx_hal_uart.o(i.UART_DMARxHalfCplt)
    UART_DMARxHalfCplt                       0x08002a97   Thumb Code    10  stm32f4xx_hal_uart.o(i.UART_DMARxHalfCplt)
    i.UART_EndRxTransfer                     0x08002aa0   Section        0  stm32f4xx_hal_uart.o(i.UART_EndRxTransfer)
    UART_EndRxTransfer                       0x08002aa1   Thumb Code    28  stm32f4xx_hal_uart.o(i.UART_EndRxTransfer)
    i.UART_EndTxTransfer                     0x08002abc   Section        0  stm32f4xx_hal_uart.o(i.UART_EndTxTransfer)
    UART_EndTxTransfer                       0x08002abd   Thumb Code    18  stm32f4xx_hal_uart.o(i.UART_EndTxTransfer)
    i.UART_Receive_IT                        0x08002ace   Section        0  stm32f4xx_hal_uart.o(i.UART_Receive_IT)
    UART_Receive_IT                          0x08002acf   Thumb Code   140  stm32f4xx_hal_uart.o(i.UART_Receive_IT)
    i.UART_SetConfig                         0x08002b5c   Section        0  stm32f4xx_hal_uart.o(i.UART_SetConfig)
    UART_SetConfig                           0x08002b5d   Thumb Code   676  stm32f4xx_hal_uart.o(i.UART_SetConfig)
    i.UART_Transmit_IT                       0x08002e08   Section        0  stm32f4xx_hal_uart.o(i.UART_Transmit_IT)
    UART_Transmit_IT                         0x08002e09   Thumb Code    98  stm32f4xx_hal_uart.o(i.UART_Transmit_IT)
    i.UART_WaitOnFlagUntilTimeout            0x08002e6a   Section        0  stm32f4xx_hal_uart.o(i.UART_WaitOnFlagUntilTimeout)
    UART_WaitOnFlagUntilTimeout              0x08002e6b   Thumb Code   100  stm32f4xx_hal_uart.o(i.UART_WaitOnFlagUntilTimeout)
    i.USART1_IRQHandler                      0x08002ed0   Section        0  stm32f4xx_it.o(i.USART1_IRQHandler)
    i.UsageFault_Handler                     0x08002edc   Section        0  stm32f4xx_it.o(i.UsageFault_Handler)
    i.__ARM_fpclassify                       0x08002ede   Section        0  fpclassify.o(i.__ARM_fpclassify)
    i.__hardfp_asin                          0x08002f10   Section        0  asin.o(i.__hardfp_asin)
    i.__hardfp_sqrt                          0x08003270   Section        0  sqrt.o(i.__hardfp_sqrt)
    i.__kernel_poly                          0x080032ea   Section        0  poly.o(i.__kernel_poly)
    i.__mathlib_dbl_infnan                   0x080033e2   Section        0  dunder.o(i.__mathlib_dbl_infnan)
    i.__mathlib_dbl_invalid                  0x080033f8   Section        0  dunder.o(i.__mathlib_dbl_invalid)
    i.__mathlib_dbl_underflow                0x08003418   Section        0  dunder.o(i.__mathlib_dbl_underflow)
    i.__scatterload_copy                     0x08003438   Section       14  handlers.o(i.__scatterload_copy)
    i.__scatterload_null                     0x08003446   Section        2  handlers.o(i.__scatterload_null)
    i.__scatterload_zeroinit                 0x08003448   Section       14  handlers.o(i.__scatterload_zeroinit)
    i.__set_errno                            0x08003458   Section        0  errno.o(i.__set_errno)
    i.fabs                                   0x08003464   Section        0  fabs.o(i.fabs)
    i.main                                   0x0800347c   Section        0  main.o(i.main)
    i.sqrt                                   0x08003a5a   Section        0  sqrt.o(i.sqrt)
    .constdata                               0x08003ac8   Section       30  main.o(.constdata)
    .constdata                               0x08003ae6   Section        8  stm32f4xx_hal_dma.o(.constdata)
    flagBitshiftOffset                       0x08003ae6   Data           8  stm32f4xx_hal_dma.o(.constdata)
    .constdata                               0x08003aee   Section       16  system_stm32f4xx.o(.constdata)
    .constdata                               0x08003afe   Section        8  system_stm32f4xx.o(.constdata)
    .constdata                               0x08003b08   Section       80  asin.o(.constdata)
    pS                                       0x08003b08   Data          48  asin.o(.constdata)
    qS                                       0x08003b38   Data          32  asin.o(.constdata)
    .data                                    0x20000000   Section       26  tj_mpu6050.o(.data)
    A_X_Bias                                 0x20000000   Data           4  tj_mpu6050.o(.data)
    A_Y_Bias                                 0x20000004   Data           4  tj_mpu6050.o(.data)
    A_Z_Bias                                 0x20000008   Data           4  tj_mpu6050.o(.data)
    accelScalingFactor                       0x2000000c   Data           4  tj_mpu6050.o(.data)
    gyroScalingFactor                        0x20000010   Data           4  tj_mpu6050.o(.data)
    GyroRW                                   0x20000014   Data           6  tj_mpu6050.o(.data)
    .data                                    0x2000001c   Section      260  main.o(.data)
    .data                                    0x20000120   Section       12  stm32f4xx_hal.o(.data)
    .data                                    0x2000012c   Section        4  system_stm32f4xx.o(.data)
    .data                                    0x20000130   Section        4  errno.o(.data)
    _errno                                   0x20000130   Data           4  errno.o(.data)
    .bss                                     0x20000134   Section       76  tj_mpu6050.o(.bss)
    i2cHandler                               0x20000134   Data          76  tj_mpu6050.o(.bss)
    .bss                                     0x20000180   Section      262  main.o(.bss)
    .bss                                     0x20000288   Section       96  main.o(.bss)
    STACK                                    0x200002e8   Section     1024  startup_stm32f410cx.o(STACK)

    Global Symbols

    Symbol Name                              Value     Ov Type        Size  Object(Section)

    BuildAttributes$$THM_ISAv4$E$P$D$K$B$S$7EM$VFPi3$EXTD16$VFPS$VFMA$PE$A:L22UL41UL21$X:L11$S22US41US21$IEEE1$IW$USESV6$~STKCKD$USESV7$~SHL$OTIME$ROPI$IEEEX$EBA8$MICROLIB$REQ8$PRES8$EABIv2 0x00000000   Number         0  anon$$obj.o ABSOLUTE
    __ARM_use_no_argv                        0x00000000   Number         0  main.o ABSOLUTE
    __cpp_initialize__aeabi_                  - Undefined Weak Reference
    __cxa_finalize                            - Undefined Weak Reference
    _clock_init                               - Undefined Weak Reference
    _microlib_exit                            - Undefined Weak Reference
    __Vectors_Size                           0x000001c8   Number         0  startup_stm32f410cx.o ABSOLUTE
    __Vectors                                0x08000000   Data           4  startup_stm32f410cx.o(RESET)
    __Vectors_End                            0x080001c8   Data           0  startup_stm32f410cx.o(RESET)
    __main                                   0x080001c9   Thumb Code     0  entry.o(.ARM.Collect$$$$00000000)
    _main_stk                                0x080001c9   Thumb Code     0  entry2.o(.ARM.Collect$$$$00000001)
    _main_scatterload                        0x080001cd   Thumb Code     0  entry5.o(.ARM.Collect$$$$00000004)
    __main_after_scatterload                 0x080001d1   Thumb Code     0  entry5.o(.ARM.Collect$$$$00000004)
    _main_clock                              0x080001d1   Thumb Code     0  entry7b.o(.ARM.Collect$$$$00000008)
    _main_cpp_init                           0x080001d1   Thumb Code     0  entry8b.o(.ARM.Collect$$$$0000000A)
    _main_init                               0x080001d1   Thumb Code     0  entry9a.o(.ARM.Collect$$$$0000000B)
    __rt_final_cpp                           0x080001d9   Thumb Code     0  entry10a.o(.ARM.Collect$$$$0000000D)
    __rt_final_exit                          0x080001d9   Thumb Code     0  entry11a.o(.ARM.Collect$$$$0000000F)
    Reset_Handler                            0x080001dd   Thumb Code     8  startup_stm32f410cx.o(.text)
    ADC_IRQHandler                           0x080001f7   Thumb Code     0  startup_stm32f410cx.o(.text)
    DMA1_Stream0_IRQHandler                  0x080001f7   Thumb Code     0  startup_stm32f410cx.o(.text)
    DMA1_Stream1_IRQHandler                  0x080001f7   Thumb Code     0  startup_stm32f410cx.o(.text)
    DMA1_Stream2_IRQHandler                  0x080001f7   Thumb Code     0  startup_stm32f410cx.o(.text)
    DMA1_Stream3_IRQHandler                  0x080001f7   Thumb Code     0  startup_stm32f410cx.o(.text)
    DMA1_Stream4_IRQHandler                  0x080001f7   Thumb Code     0  startup_stm32f410cx.o(.text)
    DMA1_Stream5_IRQHandler                  0x080001f7   Thumb Code     0  startup_stm32f410cx.o(.text)
    DMA1_Stream6_IRQHandler                  0x080001f7   Thumb Code     0  startup_stm32f410cx.o(.text)
    DMA1_Stream7_IRQHandler                  0x080001f7   Thumb Code     0  startup_stm32f410cx.o(.text)
    DMA2_Stream0_IRQHandler                  0x080001f7   Thumb Code     0  startup_stm32f410cx.o(.text)
    DMA2_Stream1_IRQHandler                  0x080001f7   Thumb Code     0  startup_stm32f410cx.o(.text)
    DMA2_Stream3_IRQHandler                  0x080001f7   Thumb Code     0  startup_stm32f410cx.o(.text)
    DMA2_Stream4_IRQHandler                  0x080001f7   Thumb Code     0  startup_stm32f410cx.o(.text)
    DMA2_Stream5_IRQHandler                  0x080001f7   Thumb Code     0  startup_stm32f410cx.o(.text)
    DMA2_Stream6_IRQHandler                  0x080001f7   Thumb Code     0  startup_stm32f410cx.o(.text)
    DMA2_Stream7_IRQHandler                  0x080001f7   Thumb Code     0  startup_stm32f410cx.o(.text)
    EXTI0_IRQHandler                         0x080001f7   Thumb Code     0  startup_stm32f410cx.o(.text)
    EXTI15_10_IRQHandler                     0x080001f7   Thumb Code     0  startup_stm32f410cx.o(.text)
    EXTI1_IRQHandler                         0x080001f7   Thumb Code     0  startup_stm32f410cx.o(.text)
    EXTI2_IRQHandler                         0x080001f7   Thumb Code     0  startup_stm32f410cx.o(.text)
    EXTI3_IRQHandler                         0x080001f7   Thumb Code     0  startup_stm32f410cx.o(.text)
    EXTI4_IRQHandler                         0x080001f7   Thumb Code     0  startup_stm32f410cx.o(.text)
    EXTI9_5_IRQHandler                       0x080001f7   Thumb Code     0  startup_stm32f410cx.o(.text)
    FLASH_IRQHandler                         0x080001f7   Thumb Code     0  startup_stm32f410cx.o(.text)
    FMPI2C1_ER_IRQHandler                    0x080001f7   Thumb Code     0  startup_stm32f410cx.o(.text)
    FMPI2C1_EV_IRQHandler                    0x080001f7   Thumb Code     0  startup_stm32f410cx.o(.text)
    FPU_IRQHandler                           0x080001f7   Thumb Code     0  startup_stm32f410cx.o(.text)
    I2C1_ER_IRQHandler                       0x080001f7   Thumb Code     0  startup_stm32f410cx.o(.text)
    I2C1_EV_IRQHandler                       0x080001f7   Thumb Code     0  startup_stm32f410cx.o(.text)
    I2C2_ER_IRQHandler                       0x080001f7   Thumb Code     0  startup_stm32f410cx.o(.text)
    I2C2_EV_IRQHandler                       0x080001f7   Thumb Code     0  startup_stm32f410cx.o(.text)
    LPTIM1_IRQHandler                        0x080001f7   Thumb Code     0  startup_stm32f410cx.o(.text)
    PVD_IRQHandler                           0x080001f7   Thumb Code     0  startup_stm32f410cx.o(.text)
    RCC_IRQHandler                           0x080001f7   Thumb Code     0  startup_stm32f410cx.o(.text)
    RNG_IRQHandler                           0x080001f7   Thumb Code     0  startup_stm32f410cx.o(.text)
    RTC_Alarm_IRQHandler                     0x080001f7   Thumb Code     0  startup_stm32f410cx.o(.text)
    RTC_WKUP_IRQHandler                      0x080001f7   Thumb Code     0  startup_stm32f410cx.o(.text)
    SPI1_IRQHandler                          0x080001f7   Thumb Code     0  startup_stm32f410cx.o(.text)
    SPI2_IRQHandler                          0x080001f7   Thumb Code     0  startup_stm32f410cx.o(.text)
    SPI5_IRQHandler                          0x080001f7   Thumb Code     0  startup_stm32f410cx.o(.text)
    TAMP_STAMP_IRQHandler                    0x080001f7   Thumb Code     0  startup_stm32f410cx.o(.text)
    TIM1_BRK_TIM9_IRQHandler                 0x080001f7   Thumb Code     0  startup_stm32f410cx.o(.text)
    TIM1_CC_IRQHandler                       0x080001f7   Thumb Code     0  startup_stm32f410cx.o(.text)
    TIM1_TRG_COM_TIM11_IRQHandler            0x080001f7   Thumb Code     0  startup_stm32f410cx.o(.text)
    TIM1_UP_IRQHandler                       0x080001f7   Thumb Code     0  startup_stm32f410cx.o(.text)
    TIM5_IRQHandler                          0x080001f7   Thumb Code     0  startup_stm32f410cx.o(.text)
    TIM6_DAC_IRQHandler                      0x080001f7   Thumb Code     0  startup_stm32f410cx.o(.text)
    USART2_IRQHandler                        0x080001f7   Thumb Code     0  startup_stm32f410cx.o(.text)
    USART6_IRQHandler                        0x080001f7   Thumb Code     0  startup_stm32f410cx.o(.text)
    WWDG_IRQHandler                          0x080001f7   Thumb Code     0  startup_stm32f410cx.o(.text)
    __aeabi_uldivmod                         0x08000201   Thumb Code    98  uldiv.o(.text)
    __aeabi_memcpy                           0x08000263   Thumb Code    36  memcpya.o(.text)
    __aeabi_memcpy4                          0x08000263   Thumb Code     0  memcpya.o(.text)
    __aeabi_memcpy8                          0x08000263   Thumb Code     0  memcpya.o(.text)
    __aeabi_memset                           0x08000287   Thumb Code    14  memseta.o(.text)
    __aeabi_memset4                          0x08000287   Thumb Code     0  memseta.o(.text)
    __aeabi_memset8                          0x08000287   Thumb Code     0  memseta.o(.text)
    __aeabi_memclr                           0x08000295   Thumb Code     4  memseta.o(.text)
    __aeabi_memclr4                          0x08000295   Thumb Code     0  memseta.o(.text)
    __aeabi_memclr8                          0x08000295   Thumb Code     0  memseta.o(.text)
    _memset$wrapper                          0x08000299   Thumb Code    18  memseta.o(.text)
    strlen                                   0x080002ab   Thumb Code    14  strlen.o(.text)
    __aeabi_dadd                             0x080002b9   Thumb Code   322  dadd.o(.text)
    __aeabi_dsub                             0x080003fb   Thumb Code     6  dadd.o(.text)
    __aeabi_drsub                            0x08000401   Thumb Code     6  dadd.o(.text)
    __aeabi_dmul                             0x08000407   Thumb Code   228  dmul.o(.text)
    __aeabi_ddiv                             0x080004eb   Thumb Code   222  ddiv.o(.text)
    __aeabi_d2iz                             0x080005c9   Thumb Code    62  dfixi.o(.text)
    __aeabi_f2d                              0x08000607   Thumb Code    38  f2d.o(.text)
    __aeabi_d2f                              0x0800062d   Thumb Code    56  d2f.o(.text)
    __aeabi_llsl                             0x08000665   Thumb Code    30  llshl.o(.text)
    _ll_shift_l                              0x08000665   Thumb Code     0  llshl.o(.text)
    __aeabi_llsr                             0x08000683   Thumb Code    32  llushr.o(.text)
    _ll_ushift_r                             0x08000683   Thumb Code     0  llushr.o(.text)
    __aeabi_lasr                             0x080006a3   Thumb Code    36  llsshr.o(.text)
    _ll_sshift_r                             0x080006a3   Thumb Code     0  llsshr.o(.text)
    __I$use$fp                               0x080006c7   Thumb Code     0  iusefp.o(.text)
    _float_round                             0x080006c7   Thumb Code    18  fepilogue.o(.text)
    _float_epilogue                          0x080006d9   Thumb Code    92  fepilogue.o(.text)
    _double_round                            0x08000735   Thumb Code    30  depilogue.o(.text)
    _double_epilogue                         0x08000753   Thumb Code   156  depilogue.o(.text)
    _dsqrt                                   0x080007ef   Thumb Code   162  dsqrt.o(.text)
    __scatterload                            0x08000891   Thumb Code    28  init.o(.text)
    __scatterload_rt2                        0x08000891   Thumb Code     0  init.o(.text)
    __decompress                             0x080008b5   Thumb Code     0  __dczerorl2.o(.text)
    __decompress1                            0x080008b5   Thumb Code    86  __dczerorl2.o(.text)
    BusFault_Handler                         0x0800090b   Thumb Code     2  stm32f4xx_it.o(i.BusFault_Handler)
    DMA2_Stream2_IRQHandler                  0x0800090d   Thumb Code     6  stm32f4xx_it.o(i.DMA2_Stream2_IRQHandler)
    DWT_Delay_Init                           0x080009bd   Thumb Code    58  dwt_stm32_delay.o(i.DWT_Delay_Init)
    DebugMon_Handler                         0x08000a01   Thumb Code     2  stm32f4xx_it.o(i.DebugMon_Handler)
    Error_Handler                            0x08000a03   Thumb Code     2  main.o(i.Error_Handler)
    HAL_DMA_Abort_IT                         0x08000c4d   Thumb Code    36  stm32f4xx_hal_dma.o(i.HAL_DMA_Abort_IT)
    HAL_DMA_IRQHandler                       0x08000c71   Thumb Code   412  stm32f4xx_hal_dma.o(i.HAL_DMA_IRQHandler)
    HAL_DMA_Init                             0x08000e11   Thumb Code   206  stm32f4xx_hal_dma.o(i.HAL_DMA_Init)
    HAL_DMA_Start_IT                         0x08000ee5   Thumb Code   120  stm32f4xx_hal_dma.o(i.HAL_DMA_Start_IT)
    HAL_Delay                                0x08000f5d   Thumb Code    32  stm32f4xx_hal.o(i.HAL_Delay)
    HAL_FMPI2CEx_ConfigAnalogFilter          0x08000f81   Thumb Code    86  stm32f4xx_hal_fmpi2c_ex.o(i.HAL_FMPI2CEx_ConfigAnalogFilter)
    HAL_FMPI2C_Init                          0x08000fd9   Thumb Code   178  stm32f4xx_hal_fmpi2c.o(i.HAL_FMPI2C_Init)
    HAL_FMPI2C_Master_Receive                0x08001091   Thumb Code   294  stm32f4xx_hal_fmpi2c.o(i.HAL_FMPI2C_Master_Receive)
    HAL_FMPI2C_Master_Transmit               0x080011c1   Thumb Code   292  stm32f4xx_hal_fmpi2c.o(i.HAL_FMPI2C_Master_Transmit)
    HAL_FMPI2C_MspInit                       0x080012ed   Thumb Code    94  stm32f4xx_hal_msp.o(i.HAL_FMPI2C_MspInit)
    HAL_GPIO_Init                            0x08001359   Thumb Code   340  stm32f4xx_hal_gpio.o(i.HAL_GPIO_Init)
    HAL_GPIO_TogglePin                       0x080014c5   Thumb Code     8  stm32f4xx_hal_gpio.o(i.HAL_GPIO_TogglePin)
    HAL_GPIO_WritePin                        0x080014cd   Thumb Code    10  stm32f4xx_hal_gpio.o(i.HAL_GPIO_WritePin)
    HAL_GetTick                              0x080014d9   Thumb Code     6  stm32f4xx_hal.o(i.HAL_GetTick)
    HAL_IncTick                              0x080014e5   Thumb Code    12  stm32f4xx_hal.o(i.HAL_IncTick)
    HAL_Init                                 0x080014f5   Thumb Code    48  stm32f4xx_hal.o(i.HAL_Init)
    HAL_InitTick                             0x08001529   Thumb Code    54  stm32f4xx_hal.o(i.HAL_InitTick)
    HAL_MspInit                              0x08001569   Thumb Code    42  stm32f4xx_hal_msp.o(i.HAL_MspInit)
    HAL_NVIC_EnableIRQ                       0x08001599   Thumb Code    22  stm32f4xx_hal_cortex.o(i.HAL_NVIC_EnableIRQ)
    HAL_NVIC_SetPriority                     0x080015b1   Thumb Code    60  stm32f4xx_hal_cortex.o(i.HAL_NVIC_SetPriority)
    HAL_NVIC_SetPriorityGrouping             0x080015f1   Thumb Code    26  stm32f4xx_hal_cortex.o(i.HAL_NVIC_SetPriorityGrouping)
    HAL_RCCEx_PeriphCLKConfig                0x08001615   Thumb Code   268  stm32f4xx_hal_rcc_ex.o(i.HAL_RCCEx_PeriphCLKConfig)
    HAL_RCC_ClockConfig                      0x08001739   Thumb Code   286  stm32f4xx_hal_rcc.o(i.HAL_RCC_ClockConfig)
    HAL_RCC_GetPCLK1Freq                     0x08001869   Thumb Code    20  stm32f4xx_hal_rcc.o(i.HAL_RCC_GetPCLK1Freq)
    HAL_RCC_GetPCLK2Freq                     0x08001889   Thumb Code    20  stm32f4xx_hal_rcc.o(i.HAL_RCC_GetPCLK2Freq)
    HAL_RCC_GetSysClockFreq                  0x080018a9   Thumb Code    88  stm32f4xx_hal_rcc.o(i.HAL_RCC_GetSysClockFreq)
    HAL_RCC_OscConfig                        0x0800190d   Thumb Code   778  stm32f4xx_hal_rcc_ex.o(i.HAL_RCC_OscConfig)
    HAL_RTC_Init                             0x08001c31   Thumb Code   166  stm32f4xx_hal_rtc.o(i.HAL_RTC_Init)
    HAL_RTC_MspInit                          0x08001cdd   Thumb Code    16  stm32f4xx_hal_msp.o(i.HAL_RTC_MspInit)
    HAL_RTC_WaitForSynchro                   0x08001cf5   Thumb Code    54  stm32f4xx_hal_rtc.o(i.HAL_RTC_WaitForSynchro)
    HAL_SYSTICK_Config                       0x08001d2b   Thumb Code    40  stm32f4xx_hal_cortex.o(i.HAL_SYSTICK_Config)
    HAL_TIMEx_ConfigBreakDeadTime            0x08001d53   Thumb Code    90  stm32f4xx_hal_tim_ex.o(i.HAL_TIMEx_ConfigBreakDeadTime)
    HAL_TIMEx_MasterConfigSynchronization    0x08001dad   Thumb Code    80  stm32f4xx_hal_tim_ex.o(i.HAL_TIMEx_MasterConfigSynchronization)
    HAL_TIM_MspPostInit                      0x08001dfd   Thumb Code    72  stm32f4xx_hal_msp.o(i.HAL_TIM_MspPostInit)
    HAL_TIM_PWM_ConfigChannel                0x08001e51   Thumb Code   208  stm32f4xx_hal_tim.o(i.HAL_TIM_PWM_ConfigChannel)
    HAL_TIM_PWM_Init                         0x08001f21   Thumb Code    54  stm32f4xx_hal_tim.o(i.HAL_TIM_PWM_Init)
    HAL_TIM_PWM_MspInit                      0x08001f59   Thumb Code    30  stm32f4xx_hal_msp.o(i.HAL_TIM_PWM_MspInit)
    HAL_TIM_PWM_Start                        0x08001f81   Thumb Code    42  stm32f4xx_hal_tim.o(i.HAL_TIM_PWM_Start)
    HAL_UART_ErrorCallback                   0x08001fb1   Thumb Code     2  stm32f4xx_hal_uart.o(i.HAL_UART_ErrorCallback)
    HAL_UART_IRQHandler                      0x08001fb5   Thumb Code   266  stm32f4xx_hal_uart.o(i.HAL_UART_IRQHandler)
    HAL_UART_Init                            0x080020c5   Thumb Code    98  stm32f4xx_hal_uart.o(i.HAL_UART_Init)
    HAL_UART_MspInit                         0x08002129   Thumb Code   158  stm32f4xx_hal_msp.o(i.HAL_UART_MspInit)
    HAL_UART_Receive_DMA                     0x080021dd   Thumb Code   138  stm32f4xx_hal_uart.o(i.HAL_UART_Receive_DMA)
    HAL_UART_RxCpltCallback                  0x08002275   Thumb Code    34  main.o(i.HAL_UART_RxCpltCallback)
    HAL_UART_RxHalfCpltCallback              0x080022a1   Thumb Code     2  stm32f4xx_hal_uart.o(i.HAL_UART_RxHalfCpltCallback)
    HAL_UART_Transmit                        0x080022a3   Thumb Code   186  stm32f4xx_hal_uart.o(i.HAL_UART_Transmit)
    HAL_UART_TxCpltCallback                  0x0800235d   Thumb Code     2  stm32f4xx_hal_uart.o(i.HAL_UART_TxCpltCallback)
    HardFault_Handler                        0x0800235f   Thumb Code     2  stm32f4xx_it.o(i.HardFault_Handler)
    I2C_Read                                 0x08002361   Thumb Code    46  tj_mpu6050.o(i.I2C_Read)
    I2C_Write8                               0x08002395   Thumb Code    28  tj_mpu6050.o(i.I2C_Write8)
    MPU6050_Config                           0x080023b5   Thumb Code   180  tj_mpu6050.o(i.MPU6050_Config)
    MPU6050_Get_Accel_RawData                0x08002489   Thumb Code   136  tj_mpu6050.o(i.MPU6050_Get_Accel_RawData)
    MPU6050_Get_Gyro_RawData                 0x08002515   Thumb Code    16  tj_mpu6050.o(i.MPU6050_Get_Gyro_RawData)
    MPU6050_Init                             0x08002529   Thumb Code    10  tj_mpu6050.o(i.MPU6050_Init)
    MPU6050_Set_SMPRT_DIV                    0x08002539   Thumb Code     8  tj_mpu6050.o(i.MPU6050_Set_SMPRT_DIV)
    MemManage_Handler                        0x080026f1   Thumb Code     2  stm32f4xx_it.o(i.MemManage_Handler)
    NMI_Handler                              0x080026f3   Thumb Code     2  stm32f4xx_it.o(i.NMI_Handler)
    PendSV_Handler                           0x08002715   Thumb Code     2  stm32f4xx_it.o(i.PendSV_Handler)
    RTC_EnterInitMode                        0x08002719   Thumb Code    58  stm32f4xx_hal_rtc.o(i.RTC_EnterInitMode)
    SVC_Handler                              0x08002753   Thumb Code     2  stm32f4xx_it.o(i.SVC_Handler)
    SysTick_Handler                          0x08002755   Thumb Code     4  stm32f4xx_it.o(i.SysTick_Handler)
    SystemClock_Config                       0x08002759   Thumb Code   148  main.o(i.SystemClock_Config)
    SystemInit                               0x080027f5   Thumb Code    66  system_stm32f4xx.o(i.SystemInit)
    TIM_Base_SetConfig                       0x08002849   Thumb Code    76  stm32f4xx_hal_tim.o(i.TIM_Base_SetConfig)
    TIM_CCxChannelCmd                        0x080028a5   Thumb Code    22  stm32f4xx_hal_tim.o(i.TIM_CCxChannelCmd)
    TIM_OC2_SetConfig                        0x0800290d   Thumb Code    84  stm32f4xx_hal_tim.o(i.TIM_OC2_SetConfig)
    USART1_IRQHandler                        0x08002ed1   Thumb Code     6  stm32f4xx_it.o(i.USART1_IRQHandler)
    UsageFault_Handler                       0x08002edd   Thumb Code     2  stm32f4xx_it.o(i.UsageFault_Handler)
    __ARM_fpclassify                         0x08002edf   Thumb Code    48  fpclassify.o(i.__ARM_fpclassify)
    __hardfp_asin                            0x08002f11   Thumb Code   770  asin.o(i.__hardfp_asin)
    __hardfp_sqrt                            0x08003271   Thumb Code   122  sqrt.o(i.__hardfp_sqrt)
    __kernel_poly                            0x080032eb   Thumb Code   248  poly.o(i.__kernel_poly)
    __mathlib_dbl_infnan                     0x080033e3   Thumb Code    20  dunder.o(i.__mathlib_dbl_infnan)
    __mathlib_dbl_invalid                    0x080033f9   Thumb Code    24  dunder.o(i.__mathlib_dbl_invalid)
    __mathlib_dbl_underflow                  0x08003419   Thumb Code    24  dunder.o(i.__mathlib_dbl_underflow)
    __scatterload_copy                       0x08003439   Thumb Code    14  handlers.o(i.__scatterload_copy)
    __scatterload_null                       0x08003447   Thumb Code     2  handlers.o(i.__scatterload_null)
    __scatterload_zeroinit                   0x08003449   Thumb Code    14  handlers.o(i.__scatterload_zeroinit)
    __set_errno                              0x08003459   Thumb Code     6  errno.o(i.__set_errno)
    fabs                                     0x08003465   Thumb Code    24  fabs.o(i.fabs)
    main                                     0x0800347d   Thumb Code  1502  main.o(i.main)
    sqrt                                     0x08003a5b   Thumb Code   110  sqrt.o(i.sqrt)
    AHBPrescTable                            0x08003aee   Data          16  system_stm32f4xx.o(.constdata)
    APBPrescTable                            0x08003afe   Data           8  system_stm32f4xx.o(.constdata)
    Region$$Table$$Base                      0x08003b58   Number         0  anon$$obj.o(Region$$Table)
    Region$$Table$$Limit                     0x08003b78   Number         0  anon$$obj.o(Region$$Table)
    set_gyro_angles                          0x2000001c   Data           1  main.o(.data)
    temp                                     0x2000001d   Data           1  main.o(.data)
    dutyCycle                                0x2000001e   Data           2  main.o(.data)
    pid_p_gain_roll                          0x20000020   Data           4  main.o(.data)
    pid_i_gain_roll                          0x20000024   Data           4  main.o(.data)
    pid_d_gain_roll                          0x20000028   Data           4  main.o(.data)
    pid_p_gain_pitch                         0x2000002c   Data           4  main.o(.data)
    pid_i_gain_pitch                         0x20000030   Data           4  main.o(.data)
    pid_d_gain_pitch                         0x20000034   Data           4  main.o(.data)
    pid_p_gain_yaw                           0x20000038   Data           4  main.o(.data)
    pid_i_gain_yaw                           0x2000003c   Data           4  main.o(.data)
    pid_d_gain_yaw                           0x20000040   Data           4  main.o(.data)
    acc_x                                    0x20000044   Data           4  main.o(.data)
    acc_y                                    0x20000048   Data           4  main.o(.data)
    acc_z                                    0x2000004c   Data           4  main.o(.data)
    gyro_x                                   0x20000050   Data           4  main.o(.data)
    gyro_y                                   0x20000054   Data           4  main.o(.data)
    gyro_z                                   0x20000058   Data           4  main.o(.data)
    gyro_x_cal                               0x2000005c   Data           4  main.o(.data)
    gyro_y_cal                               0x20000060   Data           4  main.o(.data)
    gyro_z_cal                               0x20000064   Data           4  main.o(.data)
    angle_pitch_gyro                         0x20000068   Data           4  main.o(.data)
    angle_roll_gyro                          0x2000006c   Data           4  main.o(.data)
    angle_yaw_gyro                           0x20000070   Data           4  main.o(.data)
    angle_pitch_acc                          0x20000074   Data           4  main.o(.data)
    angle_roll_acc                           0x20000078   Data           4  main.o(.data)
    angle_yaw_acc                            0x2000007c   Data           4  main.o(.data)
    acc_total_vector                         0x20000080   Data           4  main.o(.data)
    angle_pitch_output                       0x20000084   Data           4  main.o(.data)
    angle_roll_output                        0x20000088   Data           4  main.o(.data)
    angle_yaw_output                         0x2000008c   Data           4  main.o(.data)
    pid_error_roll                           0x20000090   Data           4  main.o(.data)
    pid_error_pitch                          0x20000094   Data           4  main.o(.data)
    pid_error_yaw                            0x20000098   Data           4  main.o(.data)
    pid_i_mem_roll                           0x2000009c   Data           4  main.o(.data)
    pid_i_mem_pitch                          0x200000a0   Data           4  main.o(.data)
    pid_i_mem_yaw                            0x200000a4   Data           4  main.o(.data)
    pid_roll_setpoint                        0x200000a8   Data           4  main.o(.data)
    pid_pitch_setpoint                       0x200000ac   Data           4  main.o(.data)
    pid_yaw_setpoint                         0x200000b0   Data           4  main.o(.data)
    pid_d_last_roll_error                    0x200000b4   Data           4  main.o(.data)
    pid_d_last_pitch_error                   0x200000b8   Data           4  main.o(.data)
    pid_d_last_yaw_error                     0x200000bc   Data           4  main.o(.data)
    pid_out_roll                             0x200000c0   Data           4  main.o(.data)
    pid_out_pitch                            0x200000c4   Data           4  main.o(.data)
    pid_out_yaw                              0x200000c8   Data           4  main.o(.data)
    motor_1_fr                               0x200000cc   Data           4  main.o(.data)
    motor_2_rr                               0x200000d0   Data           4  main.o(.data)
    motor_3_rl                               0x200000d4   Data           4  main.o(.data)
    motor_4_fl                               0x200000d8   Data           4  main.o(.data)
    oldtime                                  0x200000dc   Data           4  main.o(.data)
    count                                    0x200000e0   Data           4  main.o(.data)
    test                                     0x200000e4   Data           4  main.o(.data)
    result                                   0x200000e8   Data           4  main.o(.data)
    looptimer                                0x200000ec   Data           4  main.o(.data)
    t1                                       0x200000f0   Data           4  main.o(.data)
    t2                                       0x200000f4   Data           4  main.o(.data)
    t3                                       0x200000f8   Data           4  main.o(.data)
    t4                                       0x200000fc   Data           4  main.o(.data)
    t5                                       0x20000100   Data           4  main.o(.data)
    t6                                       0x20000104   Data           4  main.o(.data)
    t7                                       0x20000108   Data           4  main.o(.data)
    t8                                       0x2000010c   Data           4  main.o(.data)
    t9                                       0x20000110   Data           4  main.o(.data)
    myAccelRaw                               0x20000114   Data           6  main.o(.data)
    myGyroRaw                                0x2000011a   Data           6  main.o(.data)
    uwTickFreq                               0x20000120   Data           1  stm32f4xx_hal.o(.data)
    uwTickPrio                               0x20000124   Data           4  stm32f4xx_hal.o(.data)
    uwTick                                   0x20000128   Data           4  stm32f4xx_hal.o(.data)
    SystemCoreClock                          0x2000012c   Data           4  system_stm32f4xx.o(.data)
    hfmpi2c1                                 0x20000180   Data          76  main.o(.bss)
    hrtc                                     0x200001cc   Data          32  main.o(.bss)
    htim1                                    0x200001ec   Data          60  main.o(.bss)
    huart1                                   0x20000228   Data          64  main.o(.bss)
    rxData                                   0x20000268   Data          30  main.o(.bss)
    hdma_usart1_rx                           0x20000288   Data          96  main.o(.bss)
    __initial_sp                             0x200006e8   Data           0  startup_stm32f410cx.o(STACK)



==============================================================================

Memory Map of the image

  Image Entry point : 0x080001c9

  Load Region LR_IROM1 (Base: 0x08000000, Size: 0x00003cac, Max: 0x00020000, ABSOLUTE, COMPRESSED[0x00003b8c])

    Execution Region ER_IROM1 (Exec base: 0x08000000, Load base: 0x08000000, Size: 0x00003b78, Max: 0x00020000, ABSOLUTE)

    Exec Addr    Load Addr    Size         Type   Attr      Idx    E Section Name        Object

    0x08000000   0x08000000   0x000001c8   Data   RO            3    RESET               startup_stm32f410cx.o
    0x080001c8   0x080001c8   0x00000000   Code   RO         3784  * .ARM.Collect$$$$00000000  mc_w.l(entry.o)
    0x080001c8   0x080001c8   0x00000004   Code   RO         3840    .ARM.Collect$$$$00000001  mc_w.l(entry2.o)
    0x080001cc   0x080001cc   0x00000004   Code   RO         3843    .ARM.Collect$$$$00000004  mc_w.l(entry5.o)
    0x080001d0   0x080001d0   0x00000000   Code   RO         3845    .ARM.Collect$$$$00000008  mc_w.l(entry7b.o)
    0x080001d0   0x080001d0   0x00000000   Code   RO         3847    .ARM.Collect$$$$0000000A  mc_w.l(entry8b.o)
    0x080001d0   0x080001d0   0x00000008   Code   RO         3848    .ARM.Collect$$$$0000000B  mc_w.l(entry9a.o)
    0x080001d8   0x080001d8   0x00000000   Code   RO         3850    .ARM.Collect$$$$0000000D  mc_w.l(entry10a.o)
    0x080001d8   0x080001d8   0x00000000   Code   RO         3852    .ARM.Collect$$$$0000000F  mc_w.l(entry11a.o)
    0x080001d8   0x080001d8   0x00000004   Code   RO         3841    .ARM.Collect$$$$00002712  mc_w.l(entry2.o)
    0x080001dc   0x080001dc   0x00000024   Code   RO            4    .text               startup_stm32f410cx.o
    0x08000200   0x08000200   0x00000062   Code   RO         3794    .text               mc_w.l(uldiv.o)
    0x08000262   0x08000262   0x00000024   Code   RO         3796    .text               mc_w.l(memcpya.o)
    0x08000286   0x08000286   0x00000024   Code   RO         3798    .text               mc_w.l(memseta.o)
    0x080002aa   0x080002aa   0x0000000e   Code   RO         3800    .text               mc_w.l(strlen.o)
    0x080002b8   0x080002b8   0x0000014e   Code   RO         3804    .text               mf_w.l(dadd.o)
    0x08000406   0x08000406   0x000000e4   Code   RO         3806    .text               mf_w.l(dmul.o)
    0x080004ea   0x080004ea   0x000000de   Code   RO         3808    .text               mf_w.l(ddiv.o)
    0x080005c8   0x080005c8   0x0000003e   Code   RO         3810    .text               mf_w.l(dfixi.o)
    0x08000606   0x08000606   0x00000026   Code   RO         3812    .text               mf_w.l(f2d.o)
    0x0800062c   0x0800062c   0x00000038   Code   RO         3814    .text               mf_w.l(d2f.o)
    0x08000664   0x08000664   0x0000001e   Code   RO         3854    .text               mc_w.l(llshl.o)
    0x08000682   0x08000682   0x00000020   Code   RO         3856    .text               mc_w.l(llushr.o)
    0x080006a2   0x080006a2   0x00000024   Code   RO         3858    .text               mc_w.l(llsshr.o)
    0x080006c6   0x080006c6   0x00000000   Code   RO         3867    .text               mc_w.l(iusefp.o)
    0x080006c6   0x080006c6   0x0000006e   Code   RO         3868    .text               mf_w.l(fepilogue.o)
    0x08000734   0x08000734   0x000000ba   Code   RO         3870    .text               mf_w.l(depilogue.o)
    0x080007ee   0x080007ee   0x000000a2   Code   RO         3874    .text               mf_w.l(dsqrt.o)
    0x08000890   0x08000890   0x00000024   Code   RO         3878    .text               mc_w.l(init.o)
    0x080008b4   0x080008b4   0x00000056   Code   RO         3888    .text               mc_w.l(__dczerorl2.o)
    0x0800090a   0x0800090a   0x00000002   Code   RO          332    i.BusFault_Handler  stm32f4xx_it.o
    0x0800090c   0x0800090c   0x0000000c   Code   RO          333    i.DMA2_Stream2_IRQHandler  stm32f4xx_it.o
    0x08000918   0x08000918   0x00000028   Code   RO         3043    i.DMA_CalcBaseAndBitshift  stm32f4xx_hal_dma.o
    0x08000940   0x08000940   0x00000054   Code   RO         3044    i.DMA_CheckFifoParam  stm32f4xx_hal_dma.o
    0x08000994   0x08000994   0x00000028   Code   RO         3045    i.DMA_SetConfig     stm32f4xx_hal_dma.o
    0x080009bc   0x080009bc   0x00000044   Code   RO          231    i.DWT_Delay_Init    dwt_stm32_delay.o
    0x08000a00   0x08000a00   0x00000002   Code   RO          334    i.DebugMon_Handler  stm32f4xx_it.o
    0x08000a02   0x08000a02   0x00000002   Code   RO          258    i.Error_Handler     main.o
    0x08000a04   0x08000a04   0x00000022   Code   RO          507    i.FMPI2C_Flush_TXDR  stm32f4xx_hal_fmpi2c.o
    0x08000a26   0x08000a26   0x00000002   PAD
    0x08000a28   0x08000a28   0x0000007c   Code   RO          515    i.FMPI2C_IsAcknowledgeFailed  stm32f4xx_hal_fmpi2c.o
    0x08000aa4   0x08000aa4   0x0000002c   Code   RO          522    i.FMPI2C_TransferConfig  stm32f4xx_hal_fmpi2c.o
    0x08000ad0   0x08000ad0   0x00000052   Code   RO          523    i.FMPI2C_WaitOnFlagUntilTimeout  stm32f4xx_hal_fmpi2c.o
    0x08000b22   0x08000b22   0x00000002   PAD
    0x08000b24   0x08000b24   0x00000088   Code   RO          524    i.FMPI2C_WaitOnRXNEFlagUntilTimeout  stm32f4xx_hal_fmpi2c.o
    0x08000bac   0x08000bac   0x0000004e   Code   RO          525    i.FMPI2C_WaitOnSTOPFlagUntilTimeout  stm32f4xx_hal_fmpi2c.o
    0x08000bfa   0x08000bfa   0x00000052   Code   RO          526    i.FMPI2C_WaitOnTXISFlagUntilTimeout  stm32f4xx_hal_fmpi2c.o
    0x08000c4c   0x08000c4c   0x00000024   Code   RO         3047    i.HAL_DMA_Abort_IT  stm32f4xx_hal_dma.o
    0x08000c70   0x08000c70   0x000001a0   Code   RO         3051    i.HAL_DMA_IRQHandler  stm32f4xx_hal_dma.o
    0x08000e10   0x08000e10   0x000000d4   Code   RO         3052    i.HAL_DMA_Init      stm32f4xx_hal_dma.o
    0x08000ee4   0x08000ee4   0x00000078   Code   RO         3056    i.HAL_DMA_Start_IT  stm32f4xx_hal_dma.o
    0x08000f5c   0x08000f5c   0x00000024   Code   RO         3489    i.HAL_Delay         stm32f4xx_hal.o
    0x08000f80   0x08000f80   0x00000056   Code   RO          927    i.HAL_FMPI2CEx_ConfigAnalogFilter  stm32f4xx_hal_fmpi2c_ex.o
    0x08000fd6   0x08000fd6   0x00000002   PAD
    0x08000fd8   0x08000fd8   0x000000b8   Code   RO          538    i.HAL_FMPI2C_Init   stm32f4xx_hal_fmpi2c.o
    0x08001090   0x08001090   0x00000130   Code   RO          544    i.HAL_FMPI2C_Master_Receive  stm32f4xx_hal_fmpi2c.o
    0x080011c0   0x080011c0   0x0000012c   Code   RO          549    i.HAL_FMPI2C_Master_Transmit  stm32f4xx_hal_fmpi2c.o
    0x080012ec   0x080012ec   0x0000006c   Code   RO          421    i.HAL_FMPI2C_MspInit  stm32f4xx_hal_msp.o
    0x08001358   0x08001358   0x0000016c   Code   RO         2939    i.HAL_GPIO_Init     stm32f4xx_hal_gpio.o
    0x080014c4   0x080014c4   0x00000008   Code   RO         2942    i.HAL_GPIO_TogglePin  stm32f4xx_hal_gpio.o
    0x080014cc   0x080014cc   0x0000000a   Code   RO         2943    i.HAL_GPIO_WritePin  stm32f4xx_hal_gpio.o
    0x080014d6   0x080014d6   0x00000002   PAD
    0x080014d8   0x080014d8   0x0000000c   Code   RO         3495    i.HAL_GetTick       stm32f4xx_hal.o
    0x080014e4   0x080014e4   0x00000010   Code   RO         3499    i.HAL_IncTick       stm32f4xx_hal.o
    0x080014f4   0x080014f4   0x00000034   Code   RO         3500    i.HAL_Init          stm32f4xx_hal.o
    0x08001528   0x08001528   0x00000040   Code   RO         3501    i.HAL_InitTick      stm32f4xx_hal.o
    0x08001568   0x08001568   0x00000030   Code   RO          422    i.HAL_MspInit       stm32f4xx_hal_msp.o
    0x08001598   0x08001598   0x00000016   Code   RO         3352    i.HAL_NVIC_EnableIRQ  stm32f4xx_hal_cortex.o
    0x080015ae   0x080015ae   0x00000002   PAD
    0x080015b0   0x080015b0   0x00000040   Code   RO         3358    i.HAL_NVIC_SetPriority  stm32f4xx_hal_cortex.o
    0x080015f0   0x080015f0   0x00000024   Code   RO         3359    i.HAL_NVIC_SetPriorityGrouping  stm32f4xx_hal_cortex.o
    0x08001614   0x08001614   0x00000124   Code   RO         2634    i.HAL_RCCEx_PeriphCLKConfig  stm32f4xx_hal_rcc_ex.o
    0x08001738   0x08001738   0x00000130   Code   RO         2531    i.HAL_RCC_ClockConfig  stm32f4xx_hal_rcc.o
    0x08001868   0x08001868   0x00000020   Code   RO         2538    i.HAL_RCC_GetPCLK1Freq  stm32f4xx_hal_rcc.o
    0x08001888   0x08001888   0x00000020   Code   RO         2539    i.HAL_RCC_GetPCLK2Freq  stm32f4xx_hal_rcc.o
    0x080018a8   0x080018a8   0x00000064   Code   RO         2540    i.HAL_RCC_GetSysClockFreq  stm32f4xx_hal_rcc.o
    0x0800190c   0x0800190c   0x00000324   Code   RO         2638    i.HAL_RCC_OscConfig  stm32f4xx_hal_rcc_ex.o
    0x08001c30   0x08001c30   0x000000ac   Code   RO          977    i.HAL_RTC_Init      stm32f4xx_hal_rtc.o
    0x08001cdc   0x08001cdc   0x00000018   Code   RO          424    i.HAL_RTC_MspInit   stm32f4xx_hal_msp.o
    0x08001cf4   0x08001cf4   0x00000036   Code   RO          985    i.HAL_RTC_WaitForSynchro  stm32f4xx_hal_rtc.o
    0x08001d2a   0x08001d2a   0x00000028   Code   RO         3363    i.HAL_SYSTICK_Config  stm32f4xx_hal_cortex.o
    0x08001d52   0x08001d52   0x0000005a   Code   RO         1967    i.HAL_TIMEx_ConfigBreakDeadTime  stm32f4xx_hal_tim_ex.o
    0x08001dac   0x08001dac   0x00000050   Code   RO         1982    i.HAL_TIMEx_MasterConfigSynchronization  stm32f4xx_hal_tim_ex.o
    0x08001dfc   0x08001dfc   0x00000054   Code   RO          425    i.HAL_TIM_MspPostInit  stm32f4xx_hal_msp.o
    0x08001e50   0x08001e50   0x000000d0   Code   RO         1402    i.HAL_TIM_PWM_ConfigChannel  stm32f4xx_hal_tim.o
    0x08001f20   0x08001f20   0x00000036   Code   RO         1405    i.HAL_TIM_PWM_Init  stm32f4xx_hal_tim.o
    0x08001f56   0x08001f56   0x00000002   PAD
    0x08001f58   0x08001f58   0x00000028   Code   RO          427    i.HAL_TIM_PWM_MspInit  stm32f4xx_hal_msp.o
    0x08001f80   0x08001f80   0x00000030   Code   RO         1409    i.HAL_TIM_PWM_Start  stm32f4xx_hal_tim.o
    0x08001fb0   0x08001fb0   0x00000002   Code   RO         2225    i.HAL_UART_ErrorCallback  stm32f4xx_hal_uart.o
    0x08001fb2   0x08001fb2   0x00000002   PAD
    0x08001fb4   0x08001fb4   0x00000110   Code   RO         2228    i.HAL_UART_IRQHandler  stm32f4xx_hal_uart.o
    0x080020c4   0x080020c4   0x00000062   Code   RO         2229    i.HAL_UART_Init     stm32f4xx_hal_uart.o
    0x08002126   0x08002126   0x00000002   PAD
    0x08002128   0x08002128   0x000000b4   Code   RO          429    i.HAL_UART_MspInit  stm32f4xx_hal_msp.o
    0x080021dc   0x080021dc   0x00000098   Code   RO         2233    i.HAL_UART_Receive_DMA  stm32f4xx_hal_uart.o
    0x08002274   0x08002274   0x0000002c   Code   RO          259    i.HAL_UART_RxCpltCallback  main.o
    0x080022a0   0x080022a0   0x00000002   Code   RO         2236    i.HAL_UART_RxHalfCpltCallback  stm32f4xx_hal_uart.o
    0x080022a2   0x080022a2   0x000000ba   Code   RO         2237    i.HAL_UART_Transmit  stm32f4xx_hal_uart.o
    0x0800235c   0x0800235c   0x00000002   Code   RO         2240    i.HAL_UART_TxCpltCallback  stm32f4xx_hal_uart.o
    0x0800235e   0x0800235e   0x00000002   Code   RO          335    i.HardFault_Handler  stm32f4xx_it.o
    0x08002360   0x08002360   0x00000034   Code   RO           13    i.I2C_Read          tj_mpu6050.o
    0x08002394   0x08002394   0x00000020   Code   RO           14    i.I2C_Write8        tj_mpu6050.o
    0x080023b4   0x080023b4   0x000000d4   Code   RO           15    i.MPU6050_Config    tj_mpu6050.o
    0x08002488   0x08002488   0x0000008c   Code   RO           17    i.MPU6050_Get_Accel_RawData  tj_mpu6050.o
    0x08002514   0x08002514   0x00000014   Code   RO           20    i.MPU6050_Get_Gyro_RawData  tj_mpu6050.o
    0x08002528   0x08002528   0x00000010   Code   RO           23    i.MPU6050_Init      tj_mpu6050.o
    0x08002538   0x08002538   0x00000008   Code   RO           25    i.MPU6050_Set_SMPRT_DIV  tj_mpu6050.o
    0x08002540   0x08002540   0x0000003c   Code   RO          260    i.MX_FMPI2C1_Init   main.o
    0x0800257c   0x0800257c   0x000000d0   Code   RO          261    i.MX_GPIO_Init      main.o
    0x0800264c   0x0800264c   0x000000a4   Code   RO          262    i.MX_TIM1_Init      main.o
    0x080026f0   0x080026f0   0x00000002   Code   RO          336    i.MemManage_Handler  stm32f4xx_it.o
    0x080026f2   0x080026f2   0x00000002   Code   RO          337    i.NMI_Handler       stm32f4xx_it.o
    0x080026f4   0x080026f4   0x00000020   Code   RO         3365    i.NVIC_SetPriority  stm32f4xx_hal_cortex.o
    0x08002714   0x08002714   0x00000002   Code   RO          338    i.PendSV_Handler    stm32f4xx_it.o
    0x08002716   0x08002716   0x00000002   PAD
    0x08002718   0x08002718   0x0000003a   Code   RO          988    i.RTC_EnterInitMode  stm32f4xx_hal_rtc.o
    0x08002752   0x08002752   0x00000002   Code   RO          339    i.SVC_Handler       stm32f4xx_it.o
    0x08002754   0x08002754   0x00000004   Code   RO          340    i.SysTick_Handler   stm32f4xx_it.o
    0x08002758   0x08002758   0x0000009c   Code   RO          263    i.SystemClock_Config  main.o
    0x080027f4   0x080027f4   0x00000054   Code   RO         3654    i.SystemInit        system_stm32f4xx.o
    0x08002848   0x08002848   0x0000005c   Code   RO         1420    i.TIM_Base_SetConfig  stm32f4xx_hal_tim.o
    0x080028a4   0x080028a4   0x00000016   Code   RO         1421    i.TIM_CCxChannelCmd  stm32f4xx_hal_tim.o
    0x080028ba   0x080028ba   0x00000002   PAD
    0x080028bc   0x080028bc   0x00000050   Code   RO         1429    i.TIM_OC1_SetConfig  stm32f4xx_hal_tim.o
    0x0800290c   0x0800290c   0x00000058   Code   RO         1430    i.TIM_OC2_SetConfig  stm32f4xx_hal_tim.o
    0x08002964   0x08002964   0x00000058   Code   RO         1431    i.TIM_OC3_SetConfig  stm32f4xx_hal_tim.o
    0x080029bc   0x080029bc   0x00000044   Code   RO         1432    i.TIM_OC4_SetConfig  stm32f4xx_hal_tim.o
    0x08002a00   0x08002a00   0x00000010   Code   RO         2242    i.UART_DMAAbortOnError  stm32f4xx_hal_uart.o
    0x08002a10   0x08002a10   0x0000004a   Code   RO         2243    i.UART_DMAError     stm32f4xx_hal_uart.o
    0x08002a5a   0x08002a5a   0x0000003c   Code   RO         2244    i.UART_DMAReceiveCplt  stm32f4xx_hal_uart.o
    0x08002a96   0x08002a96   0x0000000a   Code   RO         2246    i.UART_DMARxHalfCplt  stm32f4xx_hal_uart.o
    0x08002aa0   0x08002aa0   0x0000001c   Code   RO         2252    i.UART_EndRxTransfer  stm32f4xx_hal_uart.o
    0x08002abc   0x08002abc   0x00000012   Code   RO         2253    i.UART_EndTxTransfer  stm32f4xx_hal_uart.o
    0x08002ace   0x08002ace   0x0000008c   Code   RO         2254    i.UART_Receive_IT   stm32f4xx_hal_uart.o
    0x08002b5a   0x08002b5a   0x00000002   PAD
    0x08002b5c   0x08002b5c   0x000002ac   Code   RO         2255    i.UART_SetConfig    stm32f4xx_hal_uart.o
    0x08002e08   0x08002e08   0x00000062   Code   RO         2256    i.UART_Transmit_IT  stm32f4xx_hal_uart.o
    0x08002e6a   0x08002e6a   0x00000064   Code   RO         2257    i.UART_WaitOnFlagUntilTimeout  stm32f4xx_hal_uart.o
    0x08002ece   0x08002ece   0x00000002   PAD
    0x08002ed0   0x08002ed0   0x0000000c   Code   RO          341    i.USART1_IRQHandler  stm32f4xx_it.o
    0x08002edc   0x08002edc   0x00000002   Code   RO          342    i.UsageFault_Handler  stm32f4xx_it.o
    0x08002ede   0x08002ede   0x00000030   Code   RO         3836    i.__ARM_fpclassify  m_wm.l(fpclassify.o)
    0x08002f0e   0x08002f0e   0x00000002   PAD
    0x08002f10   0x08002f10   0x00000360   Code   RO         3758    i.__hardfp_asin     m_wm.l(asin.o)
    0x08003270   0x08003270   0x0000007a   Code   RO         3772    i.__hardfp_sqrt     m_wm.l(sqrt.o)
    0x080032ea   0x080032ea   0x000000f8   Code   RO         3838    i.__kernel_poly     m_wm.l(poly.o)
    0x080033e2   0x080033e2   0x00000014   Code   RO         3817    i.__mathlib_dbl_infnan  m_wm.l(dunder.o)
    0x080033f6   0x080033f6   0x00000002   PAD
    0x080033f8   0x080033f8   0x00000020   Code   RO         3819    i.__mathlib_dbl_invalid  m_wm.l(dunder.o)
    0x08003418   0x08003418   0x00000020   Code   RO         3822    i.__mathlib_dbl_underflow  m_wm.l(dunder.o)
    0x08003438   0x08003438   0x0000000e   Code   RO         3882    i.__scatterload_copy  mc_w.l(handlers.o)
    0x08003446   0x08003446   0x00000002   Code   RO         3883    i.__scatterload_null  mc_w.l(handlers.o)
    0x08003448   0x08003448   0x0000000e   Code   RO         3884    i.__scatterload_zeroinit  mc_w.l(handlers.o)
    0x08003456   0x08003456   0x00000002   PAD
    0x08003458   0x08003458   0x0000000c   Code   RO         3862    i.__set_errno       mc_w.l(errno.o)
    0x08003464   0x08003464   0x00000018   Code   RO         3832    i.fabs              m_wm.l(fabs.o)
    0x0800347c   0x0800347c   0x000005de   Code   RO          264    i.main              main.o
    0x08003a5a   0x08003a5a   0x0000006e   Code   RO         3774    i.sqrt              m_wm.l(sqrt.o)
    0x08003ac8   0x08003ac8   0x0000001e   Data   RO          271    .constdata          main.o
    0x08003ae6   0x08003ae6   0x00000008   Data   RO         3058    .constdata          stm32f4xx_hal_dma.o
    0x08003aee   0x08003aee   0x00000010   Data   RO         3655    .constdata          system_stm32f4xx.o
    0x08003afe   0x08003afe   0x00000008   Data   RO         3656    .constdata          system_stm32f4xx.o
    0x08003b06   0x08003b06   0x00000002   PAD
    0x08003b08   0x08003b08   0x00000050   Data   RO         3761    .constdata          m_wm.l(asin.o)
    0x08003b58   0x08003b58   0x00000020   Data   RO         3880    Region$$Table       anon$$obj.o


    Execution Region RW_IRAM1 (Exec base: 0x20000000, Load base: 0x08003b78, Size: 0x000006e8, Max: 0x00008000, ABSOLUTE, COMPRESSED[0x00000014])

    Exec Addr    Load Addr    Size         Type   Attr      Idx    E Section Name        Object

    0x20000000   COMPRESSED   0x0000001a   Data   RW           28    .data               tj_mpu6050.o
    0x2000001a   COMPRESSED   0x00000002   PAD
    0x2000001c   COMPRESSED   0x00000104   Data   RW          273    .data               main.o
    0x20000120   COMPRESSED   0x0000000c   Data   RW         3507    .data               stm32f4xx_hal.o
    0x2000012c   COMPRESSED   0x00000004   Data   RW         3657    .data               system_stm32f4xx.o
    0x20000130   COMPRESSED   0x00000004   Data   RW         3863    .data               mc_w.l(errno.o)
    0x20000134        -       0x0000004c   Zero   RW           27    .bss                tj_mpu6050.o
    0x20000180        -       0x00000106   Zero   RW          265    .bss                main.o
    0x20000286   COMPRESSED   0x00000002   PAD
    0x20000288        -       0x00000060   Zero   RW          266    .bss                main.o
    0x200002e8        -       0x00000400   Zero   RW            1    STACK               startup_stm32f410cx.o


==============================================================================

Image component sizes


      Code (inc. data)   RO Data    RW Data    ZI Data      Debug   Object Name

        68         10          0          0          0        661   dwt_stm32_delay.o
      2136        162         30        260        358       9341   main.o
        36          8        456          0       1024        928   startup_stm32f410cx.o
       180         28          0         12          0       5221   stm32f4xx_hal.o
       194         14          0          0          0      30959   stm32f4xx_hal_cortex.o
       948         16          8          0          0       7202   stm32f4xx_hal_dma.o
      1368         38          0          0          0      12227   stm32f4xx_hal_fmpi2c.o
        86          0          0          0          0       1338   stm32f4xx_hal_fmpi2c_ex.o
       382         24          0          0          0       3361   stm32f4xx_hal_gpio.o
       484         72          0          0          0       4821   stm32f4xx_hal_msp.o
       468         54          0          0          0       4152   stm32f4xx_hal_rcc.o
      1096         50          0          0          0       3096   stm32f4xx_hal_rcc_ex.o
       284          6          0          0          0       3228   stm32f4xx_hal_rtc.o
       748         42          0          0          0       8644   stm32f4xx_hal_tim.o
       170          0          0          0          0       2392   stm32f4xx_hal_tim_ex.o
      1942         28          0          0          0      14466   stm32f4xx_hal_uart.o
        44         12          0          0          0       6024   stm32f4xx_it.o
        84         18         24          4          0       1435   system_stm32f4xx.o
       480         56          0         26         76     375981   tj_mpu6050.o

    ----------------------------------------------------------------------
     11222        638        552        304       1460     495477   Object Totals
         0          0         32          0          0          0   (incl. Generated)
        24          0          2          2          2          0   (incl. Padding)

    ----------------------------------------------------------------------

      Code (inc. data)   RO Data    RW Data    ZI Data      Debug   Library Member Name

       864         94         80          0          0        280   asin.o
        84         16          0          0          0        372   dunder.o
        24          0          0          0          0        124   fabs.o
        48          0          0          0          0        124   fpclassify.o
       248          0          0          0          0        152   poly.o
       232          0          0          0          0        296   sqrt.o
        86          0          0          0          0          0   __dczerorl2.o
         0          0          0          0          0          0   entry.o
         0          0          0          0          0          0   entry10a.o
         0          0          0          0          0          0   entry11a.o
         8          4          0          0          0          0   entry2.o
         4          0          0          0          0          0   entry5.o
         0          0          0          0          0          0   entry7b.o
         0          0          0          0          0          0   entry8b.o
         8          4          0          0          0          0   entry9a.o
        12          6          0          4          0         68   errno.o
        30          0          0          0          0          0   handlers.o
        36          8          0          0          0         68   init.o
         0          0          0          0          0          0   iusefp.o
        30          0          0          0          0         68   llshl.o
        36          0          0          0          0         68   llsshr.o
        32          0          0          0          0         68   llushr.o
        36          0          0          0          0         68   memcpya.o
        36          0          0          0          0        108   memseta.o
        14          0          0          0          0         68   strlen.o
        98          0          0          0          0         92   uldiv.o
        56          0          0          0          0         88   d2f.o
       334          0          0          0          0        148   dadd.o
       222          0          0          0          0        100   ddiv.o
       186          0          0          0          0        176   depilogue.o
        62          0          0          0          0         80   dfixi.o
       228          0          0          0          0         96   dmul.o
       162          0          0          0          0        100   dsqrt.o
        38          0          0          0          0         68   f2d.o
       110          0          0          0          0        168   fepilogue.o

    ----------------------------------------------------------------------
      3370        132         80          4          0       3048   Library Totals
         6          0          0          0          0          0   (incl. Padding)

    ----------------------------------------------------------------------

      Code (inc. data)   RO Data    RW Data    ZI Data      Debug   Library Name

      1500        110         80          0          0       1348   m_wm.l
       466         22          0          4          0        676   mc_w.l
      1398          0          0          0          0       1024   mf_w.l

    ----------------------------------------------------------------------
      3370        132         80          4          0       3048   Library Totals

    ----------------------------------------------------------------------

==============================================================================


      Code (inc. data)   RO Data    RW Data    ZI Data      Debug   

     14592        770        632        308       1460     487729   Grand Totals
     14592        770        632         20       1460     487729   ELF Image Totals (compressed)
     14592        770        632         20          0          0   ROM Totals

==============================================================================

    Total RO  Size (Code + RO Data)                15224 (  14.87kB)
    Total RW  Size (RW Data + ZI Data)              1768 (   1.73kB)
    Total ROM Size (Code + RO Data + RW Data)      15244 (  14.89kB)

==============================================================================

