<html>
<body>
<pre>
<h1>µVision Build Log</h1>
<h2>Tool Versions:</h2>
IDE-Version: µVision V5.27.1.0
Copyright (C) 2019 ARM Ltd and ARM Germany GmbH. All rights reserved.
License Information: john doe, john doe inc, LIC=----
 
Tool Versions:
Toolchain:       MDK-Lite  Version: 5.27.1.0
Toolchain Path:  C:\Keil_v5\ARM\ARMCC\Bin
C Compiler:      Armcc.exe V5.06 update 6 (build 750)
Assembler:       Armasm.exe V5.06 update 6 (build 750)
Linker/Locator:  ArmLink.exe V5.06 update 6 (build 750)
Library Manager: ArmAr.exe V5.06 update 6 (build 750)
Hex Converter:   FromElf.exe V5.06 update 6 (build 750)
CPU DLL:         SARMCM3.DLL V5.27.1.0
Dialog DLL:      DCM.DLL V1.17.2.0
Target DLL:      STLink\ST-LINKIII-KEIL_SWO.dll V3.0.6.0
Dialog DLL:      TCM.DLL V1.36.1.0
 
<h2>Project:</h2>
C:\Users\Jonathan\Desktop\Quadcopter Code Generation\STCubeGenerated FOLDER\STCubeGenerated-20190516T054113Z-001\STCubeGenerated\MDK-ARM\STCubeGenerated.uvprojx
Project File Date:  05/15/2019

<h2>Output:</h2>
*** Using Compiler 'V5.06 update 6 (build 750)', folder: 'C:\Keil_v5\ARM\ARMCC\Bin'
Build target 'STCubeGenerated'
compiling stm32f4xx_hal_msp.c...
compiling main.c...
../Src/main.c(301): warning:  #188-D: enumerated type mixed with another type
  			HAL_GPIO_WritePin(GPIOA, GPIO_PIN_2, 1); //Greem				
../Src/main.c(390): warning:  #1035-D: single-precision operand implicitly converted to double-precision
  			angle_pitch_gyro = angle_pitch_gyro * 0.9 + angle_pitch_acc * 0.1;     //Correct the drift of the gyro pitch angle with the accelerometer pitch angle
../Src/main.c(390): warning:  #1035-D: single-precision operand implicitly converted to double-precision
  			angle_pitch_gyro = angle_pitch_gyro * 0.9 + angle_pitch_acc * 0.1;     //Correct the drift of the gyro pitch angle with the accelerometer pitch angle
../Src/main.c(391): warning:  #1035-D: single-precision operand implicitly converted to double-precision
  			angle_roll_gyro = angle_roll_gyro * 0.9 + angle_roll_acc * 0.1;        //Correct the drift of the gyro roll angle with the accelerometer roll angle
../Src/main.c(391): warning:  #1035-D: single-precision operand implicitly converted to double-precision
  			angle_roll_gyro = angle_roll_gyro * 0.9 + angle_roll_acc * 0.1;        //Correct the drift of the gyro roll angle with the accelerometer roll angle
../Src/main.c(392): warning:  #1035-D: single-precision operand implicitly converted to double-precision
  			angle_yaw_gyro = angle_yaw_gyro * 0.9 + angle_yaw_acc * 0.1;
../Src/main.c(392): warning:  #1035-D: single-precision operand implicitly converted to double-precision
  			angle_yaw_gyro = angle_yaw_gyro * 0.9 + angle_yaw_acc * 0.1;
../Src/main.c(481): warning:  #188-D: enumerated type mixed with another type
  				HAL_GPIO_WritePin(GPIOA, GPIO_PIN_3, 1); //rad
../Src/main.c(160): warning:  #177-D: variable "txData"  was declared but never referenced
  		char txData[30] = "Hello World\r\n";
../Src/main.c: 9 warnings, 0 errors
linking...
Program Size: Code=14592 RO-data=632 RW-data=308 ZI-data=1460  
FromELF: creating hex file...
"STCubeGenerated\STCubeGenerated.axf" - 0 Error(s), 9 Warning(s).

<h2>Software Packages used:</h2>

Package Vendor: ARM
                http://www.keil.com/pack/ARM.CMSIS.5.5.1.pack
                ARM.CMSIS.5.5.1
                CMSIS (Cortex Microcontroller Software Interface Standard)
   * Component: CORE Version: 5.2.0

Package Vendor: Keil
                http://www.keil.com/pack/Keil.ARM_Compiler.1.6.1.pack
                Keil.ARM_Compiler.1.6.1
                Keil ARM Compiler extensions for ARM Compiler 5 and ARM Compiler 6
   * Component: STDERR Variant: ITM Version: 1.2.0
   * Component: STDIN Variant: ITM Version: 1.2.0
   * Component: STDOUT Variant: ITM Version: 1.2.0

Package Vendor: Keil
                http://www.keil.com/pack/Keil.STM32F4xx_DFP.2.13.0.pack
                Keil.STM32F4xx_DFP.2.13.0
                STMicroelectronics STM32F4 Series Device Support, Drivers and Examples

<h2>Collection of Component include folders:</h2>
  .\RTE\_STCubeGenerated
  C:\Users\Jonathan\AppData\Local\Arm\Packs\ARM\CMSIS\5.5.1\CMSIS\Core\Include
  C:\Users\Jonathan\AppData\Local\Arm\Packs\Keil\STM32F4xx_DFP\2.13.0\Drivers\CMSIS\Device\ST\STM32F4xx\Include

<h2>Collection of Component Files used:</h2>

   * Component: ARM::CMSIS:CORE:5.2.0

   * Component: Keil.ARM Compiler::Compiler:I/O:STDERR:ITM:1.2.0
      Source file:   Source\retarget_io.c

   * Component: Keil.ARM Compiler::Compiler:I/O:STDIN:ITM:1.2.0
      Source file:   Source\retarget_io.c

   * Component: Keil.ARM Compiler::Compiler:I/O:STDOUT:ITM:1.2.0
      Source file:   Source\retarget_io.c
Build Time Elapsed:  00:00:07
</pre>
</body>
</html>
