Component: ARM Compiler 5.06 update 6 (build 750) Tool: armlink [4d35ed]

==============================================================================

Section Cross References

    startup_stm32f410cx.o(RESET) refers to startup_stm32f410cx.o(STACK) for __initial_sp
    startup_stm32f410cx.o(RESET) refers to startup_stm32f410cx.o(.text) for Reset_Handler
    startup_stm32f410cx.o(RESET) refers to stm32f4xx_it.o(i.NMI_Handler) for NMI_Handler
    startup_stm32f410cx.o(RESET) refers to stm32f4xx_it.o(i.HardFault_Handler) for HardFault_Handler
    startup_stm32f410cx.o(RESET) refers to stm32f4xx_it.o(i.MemManage_Handler) for MemManage_Handler
    startup_stm32f410cx.o(RESET) refers to stm32f4xx_it.o(i.BusFault_Handler) for BusFault_Handler
    startup_stm32f410cx.o(RESET) refers to stm32f4xx_it.o(i.UsageFault_Handler) for UsageFault_Handler
    startup_stm32f410cx.o(RESET) refers to stm32f4xx_it.o(i.SVC_Handler) for SVC_Handler
    startup_stm32f410cx.o(RESET) refers to stm32f4xx_it.o(i.DebugMon_Handler) for DebugMon_Handler
    startup_stm32f410cx.o(RESET) refers to stm32f4xx_it.o(i.PendSV_Handler) for PendSV_Handler
    startup_stm32f410cx.o(RESET) refers to stm32f4xx_it.o(i.SysTick_Handler) for SysTick_Handler
    startup_stm32f410cx.o(RESET) refers to stm32f4xx_it.o(i.USART1_IRQHandler) for USART1_IRQHandler
    startup_stm32f410cx.o(RESET) refers to stm32f4xx_it.o(i.DMA2_Stream2_IRQHandler) for DMA2_Stream2_IRQHandler
    startup_stm32f410cx.o(.text) refers to system_stm32f4xx.o(i.SystemInit) for SystemInit
    startup_stm32f410cx.o(.text) refers to entry.o(.ARM.Collect$$$$00000000) for __main
    tj_mpu6050.o(i.I2C_Read) refers to stm32f4xx_hal_fmpi2c.o(i.HAL_FMPI2C_Master_Transmit) for HAL_FMPI2C_Master_Transmit
    tj_mpu6050.o(i.I2C_Read) refers to stm32f4xx_hal_fmpi2c.o(i.HAL_FMPI2C_Master_Receive) for HAL_FMPI2C_Master_Receive
    tj_mpu6050.o(i.I2C_Read) refers to tj_mpu6050.o(.bss) for .bss
    tj_mpu6050.o(i.I2C_Write8) refers to stm32f4xx_hal_fmpi2c.o(i.HAL_FMPI2C_Master_Transmit) for HAL_FMPI2C_Master_Transmit
    tj_mpu6050.o(i.I2C_Write8) refers to tj_mpu6050.o(.bss) for .bss
    tj_mpu6050.o(i.MPU6050_Config) refers to tj_mpu6050.o(i.I2C_Write8) for I2C_Write8
    tj_mpu6050.o(i.MPU6050_Config) refers to stm32f4xx_hal.o(i.HAL_Delay) for HAL_Delay
    tj_mpu6050.o(i.MPU6050_Config) refers to tj_mpu6050.o(i.MPU6050_Set_SMPRT_DIV) for MPU6050_Set_SMPRT_DIV
    tj_mpu6050.o(i.MPU6050_Config) refers to tj_mpu6050.o(.data) for .data
    tj_mpu6050.o(i.MPU6050_Get_Accel_Cali) refers to tj_mpu6050.o(i.MPU6050_Get_Accel_Scale) for MPU6050_Get_Accel_Scale
    tj_mpu6050.o(i.MPU6050_Get_Accel_Cali) refers to tj_mpu6050.o(.data) for .data
    tj_mpu6050.o(i.MPU6050_Get_Accel_RawData) refers to tj_mpu6050.o(i.I2C_Read) for I2C_Read
    tj_mpu6050.o(i.MPU6050_Get_Accel_RawData) refers to tj_mpu6050.o(.data) for .data
    tj_mpu6050.o(i.MPU6050_Get_Accel_Scale) refers to tj_mpu6050.o(i.MPU6050_Get_Accel_RawData) for MPU6050_Get_Accel_RawData
    tj_mpu6050.o(i.MPU6050_Get_Accel_Scale) refers to tj_mpu6050.o(.data) for .data
    tj_mpu6050.o(i.MPU6050_Get_FSYNC) refers to tj_mpu6050.o(i.I2C_Read) for I2C_Read
    tj_mpu6050.o(i.MPU6050_Get_Gyro_RawData) refers to tj_mpu6050.o(.data) for .data
    tj_mpu6050.o(i.MPU6050_Get_Gyro_Scale) refers to tj_mpu6050.o(i.MPU6050_Get_Gyro_RawData) for MPU6050_Get_Gyro_RawData
    tj_mpu6050.o(i.MPU6050_Get_Gyro_Scale) refers to tj_mpu6050.o(.data) for .data
    tj_mpu6050.o(i.MPU6050_Get_SMPRT_DIV) refers to tj_mpu6050.o(i.I2C_Read) for I2C_Read
    tj_mpu6050.o(i.MPU6050_Init) refers to memcpya.o(.text) for __aeabi_memcpy4
    tj_mpu6050.o(i.MPU6050_Init) refers to tj_mpu6050.o(.bss) for .bss
    tj_mpu6050.o(i.MPU6050_Set_FSYNC) refers to tj_mpu6050.o(i.I2C_Read) for I2C_Read
    tj_mpu6050.o(i.MPU6050_Set_FSYNC) refers to tj_mpu6050.o(i.I2C_Write8) for I2C_Write8
    tj_mpu6050.o(i.MPU6050_Set_SMPRT_DIV) refers to tj_mpu6050.o(i.I2C_Write8) for I2C_Write8
    tj_mpu6050.o(i._Accel_Cali) refers to tj_mpu6050.o(.data) for .data
    main.o(i.MX_FMPI2C1_Init) refers to stm32f4xx_hal_fmpi2c.o(i.HAL_FMPI2C_Init) for HAL_FMPI2C_Init
    main.o(i.MX_FMPI2C1_Init) refers to stm32f4xx_hal_fmpi2c_ex.o(i.HAL_FMPI2CEx_ConfigAnalogFilter) for HAL_FMPI2CEx_ConfigAnalogFilter
    main.o(i.MX_FMPI2C1_Init) refers to main.o(.bss) for .bss
    main.o(i.MX_GPIO_Init) refers to memseta.o(.text) for __aeabi_memclr4
    main.o(i.MX_GPIO_Init) refers to stm32f4xx_hal_gpio.o(i.HAL_GPIO_WritePin) for HAL_GPIO_WritePin
    main.o(i.MX_GPIO_Init) refers to stm32f4xx_hal_gpio.o(i.HAL_GPIO_Init) for HAL_GPIO_Init
    main.o(i.MX_TIM1_Init) refers to memseta.o(.text) for __aeabi_memclr4
    main.o(i.MX_TIM1_Init) refers to stm32f4xx_hal_tim.o(i.HAL_TIM_PWM_Init) for HAL_TIM_PWM_Init
    main.o(i.MX_TIM1_Init) refers to stm32f4xx_hal_tim_ex.o(i.HAL_TIMEx_MasterConfigSynchronization) for HAL_TIMEx_MasterConfigSynchronization
[...]
    Removing stm32f4xx_hal_rtc_ex.o(i.HAL_RTCEx_PollForTamper2Event), (66 bytes).
    Removing stm32f4xx_hal_rtc_ex.o(i.HAL_RTCEx_PollForTimeStampEvent), (78 bytes).
    Removing stm32f4xx_hal_rtc_ex.o(i.HAL_RTCEx_PollForWakeUpTimerEvent), (66 bytes).
    Removing stm32f4xx_hal_rtc_ex.o(i.HAL_RTCEx_SetCalibrationOutPut), (76 bytes).
    Removing stm32f4xx_hal_rtc_ex.o(i.HAL_RTCEx_SetCoarseCalib), (110 bytes).
    Removing stm32f4xx_hal_rtc_ex.o(i.HAL_RTCEx_SetRefClock), (96 bytes).
    Removing stm32f4xx_hal_rtc_ex.o(i.HAL_RTCEx_SetSmoothCalib), (130 bytes).
    Removing stm32f4xx_hal_rtc_ex.o(i.HAL_RTCEx_SetSynchroShift), (154 bytes).
    Removing stm32f4xx_hal_rtc_ex.o(i.HAL_RTCEx_SetTamper), (104 bytes).
    Removing stm32f4xx_hal_rtc_ex.o(i.HAL_RTCEx_SetTamper_IT), (164 bytes).
    Removing stm32f4xx_hal_rtc_ex.o(i.HAL_RTCEx_SetTimeStamp), (90 bytes).
    Removing stm32f4xx_hal_rtc_ex.o(i.HAL_RTCEx_SetTimeStamp_IT), (140 bytes).
    Removing stm32f4xx_hal_rtc_ex.o(i.HAL_RTCEx_SetWakeUpTimer), (194 bytes).
    Removing stm32f4xx_hal_rtc_ex.o(i.HAL_RTCEx_SetWakeUpTimer_IT), (248 bytes).
    Removing stm32f4xx_hal_rtc_ex.o(i.HAL_RTCEx_Tamper1EventCallback), (2 bytes).
    Removing stm32f4xx_hal_rtc_ex.o(i.HAL_RTCEx_Tamper2EventCallback), (2 bytes).
    Removing stm32f4xx_hal_rtc_ex.o(i.HAL_RTCEx_TamperTimeStampIRQHandler), (124 bytes).
    Removing stm32f4xx_hal_rtc_ex.o(i.HAL_RTCEx_TimeStampEventCallback), (2 bytes).
    Removing stm32f4xx_hal_rtc_ex.o(i.HAL_RTCEx_WakeUpTimerEventCallback), (2 bytes).
    Removing stm32f4xx_hal_rtc_ex.o(i.HAL_RTCEx_WakeUpTimerIRQHandler), (56 bytes).
    Removing stm32f4xx_hal_tim.o(.rev16_text), (4 bytes).
    Removing stm32f4xx_hal_tim.o(.revsh_text), (4 bytes).
    Removing stm32f4xx_hal_tim.o(.rrx_text), (6 bytes).
    Removing stm32f4xx_hal_tim.o(i.HAL_TIM_Base_DeInit), (56 bytes).
    Removing stm32f4xx_hal_tim.o(i.HAL_TIM_Base_GetState), (6 bytes).
    Removing stm32f4xx_hal_tim.o(i.HAL_TIM_Base_Init), (54 bytes).
    Removing stm32f4xx_hal_tim.o(i.HAL_TIM_Base_MspDeInit), (2 bytes).
    Removing stm32f4xx_hal_tim.o(i.HAL_TIM_Base_MspInit), (2 bytes).
    Removing stm32f4xx_hal_tim.o(i.HAL_TIM_Base_Start), (26 bytes).
    Removing stm32f4xx_hal_tim.o(i.HAL_TIM_Base_Start_DMA), (92 bytes).
    Removing stm32f4xx_hal_tim.o(i.HAL_TIM_Base_Start_IT), (24 bytes).
    Removing stm32f4xx_hal_tim.o(i.HAL_TIM_Base_Stop), (44 bytes).
    Removing stm32f4xx_hal_tim.o(i.HAL_TIM_Base_Stop_DMA), (48 bytes).
    Removing stm32f4xx_hal_tim.o(i.HAL_TIM_Base_Stop_IT), (42 bytes).
    Removing stm32f4xx_hal_tim.o(i.HAL_TIM_ConfigClockSource), (242 bytes).
    Removing stm32f4xx_hal_tim.o(i.HAL_TIM_ConfigOCrefClear), (174 bytes).
    Removing stm32f4xx_hal_tim.o(i.HAL_TIM_ConfigTI1Input), (16 bytes).
    Removing stm32f4xx_hal_tim.o(i.HAL_TIM_DMABurst_ReadStart), (260 bytes).
    Removing stm32f4xx_hal_tim.o(i.HAL_TIM_DMABurst_ReadStop), (96 bytes).
    Removing stm32f4xx_hal_tim.o(i.HAL_TIM_DMABurst_WriteStart), (260 bytes).
    Removing stm32f4xx_hal_tim.o(i.HAL_TIM_DMABurst_WriteStop), (96 bytes).
    Removing stm32f4xx_hal_tim.o(i.HAL_TIM_Encoder_DeInit), (56 bytes).
    Removing stm32f4xx_hal_tim.o(i.HAL_TIM_Encoder_GetState), (6 bytes).
    Removing stm32f4xx_hal_tim.o(i.HAL_TIM_Encoder_Init), (150 bytes).
    Removing stm32f4xx_hal_tim.o(i.HAL_TIM_Encoder_MspDeInit), (2 bytes).
    Removing stm32f4xx_hal_tim.o(i.HAL_TIM_Encoder_MspInit), (2 bytes).
    Removing stm32f4xx_hal_tim.o(i.HAL_TIM_Encoder_Start), (52 bytes).
    Removing stm32f4xx_hal_tim.o(i.HAL_TIM_Encoder_Start_DMA), (272 bytes).
    Removing stm32f4xx_hal_tim.o(i.HAL_TIM_Encoder_Start_IT), (92 bytes).
    Removing stm32f4xx_hal_tim.o(i.HAL_TIM_Encoder_Stop), (70 bytes).
    Removing stm32f4xx_hal_tim.o(i.HAL_TIM_Encoder_Stop_DMA), (116 bytes).
    Removing stm32f4xx_hal_tim.o(i.HAL_TIM_Encoder_Stop_IT), (116 bytes).
    Removing stm32f4xx_hal_tim.o(i.HAL_TIM_ErrorCallback), (2 bytes).
    Removing stm32f4xx_hal_tim.o(i.HAL_TIM_GenerateEvent), (38 bytes).
    Removing stm32f4xx_hal_tim.o(i.HAL_TIM_IC_CaptureCallback), (2 bytes).
    Removing stm32f4xx_hal_tim.o(i.HAL_TIM_IC_ConfigChannel), (286 bytes).
    Removing stm32f4xx_hal_tim.o(i.HAL_TIM_IC_DeInit), (56 bytes).
    Removing stm32f4xx_hal_tim.o(i.HAL_TIM_IC_GetState), (6 bytes).
    Removing stm32f4xx_hal_tim.o(i.HAL_TIM_IC_Init), (54 bytes).
    Removing stm32f4xx_hal_tim.o(i.HAL_TIM_IC_MspDeInit), (2 bytes).
    Removing stm32f4xx_hal_tim.o(i.HAL_TIM_IC_MspInit), (2 bytes).
    Removing stm32f4xx_hal_tim.o(i.HAL_TIM_IC_Start), (26 bytes).
    Removing stm32f4xx_hal_tim.o(i.HAL_TIM_IC_Start_DMA), (200 bytes).
    Removing stm32f4xx_hal_tim.o(i.HAL_TIM_IC_Start_IT), (76 bytes).
    Removing stm32f4xx_hal_tim.o(i.HAL_TIM_IC_Stop), (44 bytes).
    Removing stm32f4xx_hal_tim.o(i.HAL_TIM_IC_Stop_DMA), (100 bytes).
    Removing stm32f4xx_hal_tim.o(i.HAL_TIM_IC_Stop_IT), (94 bytes).
    Removing stm32f4xx_hal_tim.o(i.HAL_TIM_IRQHandler), (358 bytes).
    Removing stm32f4xx_hal_tim.o(i.HAL_TIM_OC_ConfigChannel), (86 bytes).
    Removing stm32f4xx_hal_tim.o(i.HAL_TIM_OC_DeInit), (56 bytes).
    Removing stm32f4xx_hal_tim.o(i.HAL_TIM_OC_DelayElapsedCallback), (2 bytes).
    Removing stm32f4xx_hal_tim.o(i.HAL_TIM_OC_GetState), (6 bytes).
    Removing stm32f4xx_hal_tim.o(i.HAL_TIM_OC_Init), (54 bytes).
    Removing stm32f4xx_hal_tim.o(i.HAL_TIM_OC_MspDeInit), (2 bytes).
    Removing stm32f4xx_hal_tim.o(i.HAL_TIM_OC_MspInit), (2 bytes).
    Removing stm32f4xx_hal_tim.o(i.HAL_TIM_OC_Start), (48 bytes).
    Removing stm32f4xx_hal_tim.o(i.HAL_TIM_OC_Start_DMA), (228 bytes).
    Removing stm32f4xx_hal_tim.o(i.HAL_TIM_OC_Start_IT), (96 bytes).
    Removing stm32f4xx_hal_tim.o(i.HAL_TIM_OC_Stop), (76 bytes).
    Removing stm32f4xx_hal_tim.o(i.HAL_TIM_OC_Stop_DMA), (132 bytes).
    Removing stm32f4xx_hal_tim.o(i.HAL_TIM_OC_Stop_IT), (128 bytes).
    Removing stm32f4xx_hal_tim.o(i.HAL_TIM_OnePulse_ConfigChannel), (218 bytes).
    Removing stm32f4xx_hal_tim.o(i.HAL_TIM_OnePulse_DeInit), (56 bytes).
    Removing stm32f4xx_hal_tim.o(i.HAL_TIM_OnePulse_GetState), (6 bytes).
    Removing stm32f4xx_hal_tim.o(i.HAL_TIM_OnePulse_Init), (74 bytes).
    Removing stm32f4xx_hal_tim.o(i.HAL_TIM_OnePulse_MspDeInit), (2 bytes).
    Removing stm32f4xx_hal_tim.o(i.HAL_TIM_OnePulse_MspInit), (2 bytes).
    Removing stm32f4xx_hal_tim.o(i.HAL_TIM_OnePulse_Start), (48 bytes).
    Removing stm32f4xx_hal_tim.o(i.HAL_TIM_OnePulse_Start_IT), (68 bytes).
    Removing stm32f4xx_hal_tim.o(i.HAL_TIM_OnePulse_Stop), (88 bytes).
    Removing stm32f4xx_hal_tim.o(i.HAL_TIM_OnePulse_Stop_IT), (108 bytes).
    Removing stm32f4xx_hal_tim.o(i.HAL_TIM_PWM_DeInit), (56 bytes).
    Removing stm32f4xx_hal_tim.o(i.HAL_TIM_PWM_GetState), (6 bytes).
    Removing stm32f4xx_hal_tim.o(i.HAL_TIM_PWM_MspDeInit), (2 bytes).
    Removing stm32f4xx_hal_tim.o(i.HAL_TIM_PWM_MspInit), (2 bytes).
    Removing stm32f4xx_hal_tim.o(i.HAL_TIM_PWM_PulseFinishedCallback), (2 bytes).
    Removing stm32f4xx_hal_tim.o(i.HAL_TIM_PWM_Start), (48 bytes).
    Removing stm32f4xx_hal_tim.o(i.HAL_TIM_PWM_Start_DMA), (228 bytes).
    Removing stm32f4xx_hal_tim.o(i.HAL_TIM_PWM_Start_IT), (96 bytes).
    Removing stm32f4xx_hal_tim.o(i.HAL_TIM_PWM_Stop), (84 bytes).
    Removing stm32f4xx_hal_tim.o(i.HAL_TIM_PWM_Stop_DMA), (132 bytes).
    Removing stm32f4xx_hal_tim.o(i.HAL_TIM_PWM_Stop_IT), (128 bytes).
    Removing stm32f4xx_hal_tim.o(i.HAL_TIM_PeriodElapsedCallback), (2 bytes).
    Removing stm32f4xx_hal_tim.o(i.HAL_TIM_ReadCapturedValue), (68 bytes).
    Removing stm32f4xx_hal_tim.o(i.HAL_TIM_SlaveConfigSynchronization), (66 bytes).
    Removing stm32f4xx_hal_tim.o(i.HAL_TIM_SlaveConfigSynchronization_IT), (66 bytes).
    Removing stm32f4xx_hal_tim.o(i.HAL_TIM_TriggerCallback), (2 bytes).
    Removing stm32f4xx_hal_tim.o(i.TIM_CCxChannelCmd), (22 bytes).
    Removing stm32f4xx_hal_tim.o(i.TIM_DMACaptureCplt), (62 bytes).
    Removing stm32f4xx_hal_tim.o(i.TIM_DMADelayPulseCplt), (62 bytes).
    Removing stm32f4xx_hal_tim.o(i.TIM_DMAError), (16 bytes).
    Removing stm32f4xx_hal_tim.o(i.TIM_DMAPeriodElapsedCplt), (16 bytes).
    Removing stm32f4xx_hal_tim.o(i.TIM_DMATriggerCplt), (16 bytes).
    Removing stm32f4xx_hal_tim.o(i.TIM_ETR_SetConfig), (20 bytes).
    Removing stm32f4xx_hal_tim.o(i.TIM_ITRx_SetConfig), (16 bytes).
    Removing stm32f4xx_hal_tim.o(i.TIM_SlaveTimer_SetConfig), (124 bytes).
    Removing stm32f4xx_hal_tim.o(i.TIM_TI1_ConfigInputStage), (34 bytes).
    Removing stm32f4xx_hal_tim.o(i.TIM_TI1_SetConfig), (88 bytes).
    Removing stm32f4xx_hal_tim.o(i.TIM_TI2_ConfigInputStage), (36 bytes).
    Removing stm32f4xx_hal_tim.o(i.TIM_TI2_SetConfig), (54 bytes).
    Removing stm32f4xx_hal_tim_ex.o(.rev16_text), (4 bytes).
    Removing stm32f4xx_hal_tim_ex.o(.revsh_text), (4 bytes).
    Removing stm32f4xx_hal_tim_ex.o(.rrx_text), (6 bytes).
    Removing stm32f4xx_hal_tim_ex.o(i.HAL_TIMEx_BreakCallback), (2 bytes).
    Removing stm32f4xx_hal_tim_ex.o(i.HAL_TIMEx_CommutationCallback), (2 bytes).
    Removing stm32f4xx_hal_tim_ex.o(i.HAL_TIMEx_ConfigCommutationEvent), (92 bytes).
    Removing stm32f4xx_hal_tim_ex.o(i.HAL_TIMEx_ConfigCommutationEvent_DMA), (124 bytes).
    Removing stm32f4xx_hal_tim_ex.o(i.HAL_TIMEx_ConfigCommutationEvent_IT), (102 bytes).
    Removing stm32f4xx_hal_tim_ex.o(i.HAL_TIMEx_HallSensor_DeInit), (56 bytes).
    Removing stm32f4xx_hal_tim_ex.o(i.HAL_TIMEx_HallSensor_GetState), (6 bytes).
    Removing stm32f4xx_hal_tim_ex.o(i.HAL_TIMEx_HallSensor_Init), (176 bytes).
    Removing stm32f4xx_hal_tim_ex.o(i.HAL_TIMEx_HallSensor_MspDeInit), (2 bytes).
    Removing stm32f4xx_hal_tim_ex.o(i.HAL_TIMEx_HallSensor_MspInit), (2 bytes).
    Removing stm32f4xx_hal_tim_ex.o(i.HAL_TIMEx_HallSensor_Start), (28 bytes).
    Removing stm32f4xx_hal_tim_ex.o(i.HAL_TIMEx_HallSensor_Start_DMA), (104 bytes).
    Removing stm32f4xx_hal_tim_ex.o(i.HAL_TIMEx_HallSensor_Start_IT), (38 bytes).
    Removing stm32f4xx_hal_tim_ex.o(i.HAL_TIMEx_HallSensor_Stop), (46 bytes).
    Removing stm32f4xx_hal_tim_ex.o(i.HAL_TIMEx_HallSensor_Stop_DMA), (56 bytes).
    Removing stm32f4xx_hal_tim_ex.o(i.HAL_TIMEx_HallSensor_Stop_IT), (56 bytes).
    Removing stm32f4xx_hal_tim_ex.o(i.HAL_TIMEx_OCN_Start), (36 bytes).
    Removing stm32f4xx_hal_tim_ex.o(i.HAL_TIMEx_OCN_Start_DMA), (220 bytes).
    Removing stm32f4xx_hal_tim_ex.o(i.HAL_TIMEx_OCN_Start_IT), (96 bytes).
    Removing stm32f4xx_hal_tim_ex.o(i.HAL_TIMEx_OCN_Stop), (68 bytes).
    Removing stm32f4xx_hal_tim_ex.o(i.HAL_TIMEx_OCN_Stop_DMA), (124 bytes).
    Removing stm32f4xx_hal_tim_ex.o(i.HAL_TIMEx_OCN_Stop_IT), (134 bytes).
    Removing stm32f4xx_hal_tim_ex.o(i.HAL_TIMEx_OnePulseN_Start), (26 bytes).
    Removing stm32f4xx_hal_tim_ex.o(i.HAL_TIMEx_OnePulseN_Start_IT), (46 bytes).
    Removing stm32f4xx_hal_tim_ex.o(i.HAL_TIMEx_OnePulseN_Stop), (68 bytes).
    Removing stm32f4xx_hal_tim_ex.o(i.HAL_TIMEx_OnePulseN_Stop_IT), (88 bytes).
    Removing stm32f4xx_hal_tim_ex.o(i.HAL_TIMEx_PWMN_Start), (36 bytes).
    Removing stm32f4xx_hal_tim_ex.o(i.HAL_TIMEx_PWMN_Start_DMA), (220 bytes).
    Removing stm32f4xx_hal_tim_ex.o(i.HAL_TIMEx_PWMN_Start_IT), (96 bytes).
    Removing stm32f4xx_hal_tim_ex.o(i.HAL_TIMEx_PWMN_Stop), (68 bytes).
    Removing stm32f4xx_hal_tim_ex.o(i.HAL_TIMEx_PWMN_Stop_DMA), (124 bytes).
    Removing stm32f4xx_hal_tim_ex.o(i.HAL_TIMEx_PWMN_Stop_IT), (134 bytes).
    Removing stm32f4xx_hal_tim_ex.o(i.HAL_TIMEx_RemapConfig), (34 bytes).
    Removing stm32f4xx_hal_tim_ex.o(i.TIMEx_DMACommutationCplt), (16 bytes).
    Removing stm32f4xx_hal_tim_ex.o(i.TIM_CCxNChannelCmd), (22 bytes).
    Removing stm32f4xx_hal_uart.o(.rev16_text), (4 bytes).
    Removing stm32f4xx_hal_uart.o(.revsh_text), (4 bytes).
    Removing stm32f4xx_hal_uart.o(.rrx_text), (6 bytes).
    Removing stm32f4xx_hal_uart.o(i.HAL_HalfDuplex_EnableReceiver), (50 bytes).
    Removing stm32f4xx_hal_uart.o(i.HAL_HalfDuplex_EnableTransmitter), (50 bytes).
    Removing stm32f4xx_hal_uart.o(i.HAL_HalfDuplex_Init), (108 bytes).
    Removing stm32f4xx_hal_uart.o(i.HAL_LIN_Init), (128 bytes).
    Removing stm32f4xx_hal_uart.o(i.HAL_LIN_SendBreak), (46 bytes).
    Removing stm32f4xx_hal_uart.o(i.HAL_MultiProcessor_EnterMuteMode), (46 bytes).
    Removing stm32f4xx_hal_uart.o(i.HAL_MultiProcessor_ExitMuteMode), (46 bytes).
    Removing stm32f4xx_hal_uart.o(i.HAL_MultiProcessor_Init), (142 bytes).
    Removing stm32f4xx_hal_uart.o(i.HAL_UART_Abort), (104 bytes).
    Removing stm32f4xx_hal_uart.o(i.HAL_UART_AbortCpltCallback), (2 bytes).
    Removing stm32f4xx_hal_uart.o(i.HAL_UART_AbortReceive), (68 bytes).
    Removing stm32f4xx_hal_uart.o(i.HAL_UART_AbortReceiveCpltCallback), (2 bytes).
    Removing stm32f4xx_hal_uart.o(i.HAL_UART_AbortReceive_IT), (92 bytes).
    Removing stm32f4xx_hal_uart.o(i.HAL_UART_AbortTransmit), (58 bytes).
    Removing stm32f4xx_hal_uart.o(i.HAL_UART_AbortTransmitCpltCallback), (2 bytes).
    Removing stm32f4xx_hal_uart.o(i.HAL_UART_AbortTransmit_IT), (84 bytes).
    Removing stm32f4xx_hal_uart.o(i.HAL_UART_Abort_IT), (172 bytes).
    Removing stm32f4xx_hal_uart.o(i.HAL_UART_DMAPause), (102 bytes).
    Removing stm32f4xx_hal_uart.o(i.HAL_UART_DMAResume), (94 bytes).
    Removing stm32f4xx_hal_uart.o(i.HAL_UART_DMAStop), (88 bytes).
    Removing stm32f4xx_hal_uart.o(i.HAL_UART_DeInit), (40 bytes).
    Removing stm32f4xx_hal_uart.o(i.HAL_UART_GetError), (4 bytes).
    Removing stm32f4xx_hal_uart.o(i.HAL_UART_GetState), (10 bytes).
    Removing stm32f4xx_hal_uart.o(i.HAL_UART_MspDeInit), (2 bytes).
    Removing stm32f4xx_hal_uart.o(i.HAL_UART_MspInit), (2 bytes).
    Removing stm32f4xx_hal_uart.o(i.HAL_UART_Receive), (184 bytes).
    Removing stm32f4xx_hal_uart.o(i.HAL_UART_Receive_DMA), (152 bytes).
    Removing stm32f4xx_hal_uart.o(i.HAL_UART_Receive_IT), (72 bytes).
    Removing stm32f4xx_hal_uart.o(i.HAL_UART_RxCpltCallback), (2 bytes).
    Removing stm32f4xx_hal_uart.o(i.HAL_UART_RxHalfCpltCallback), (2 bytes).
    Removing stm32f4xx_hal_uart.o(i.HAL_UART_Transmit_DMA), (128 bytes).
    Removing stm32f4xx_hal_uart.o(i.HAL_UART_Transmit_IT), (62 bytes).
    Removing stm32f4xx_hal_uart.o(i.HAL_UART_TxHalfCpltCallback), (2 bytes).
    Removing stm32f4xx_hal_uart.o(i.UART_DMAError), (74 bytes).
    Removing stm32f4xx_hal_uart.o(i.UART_DMAReceiveCplt), (60 bytes).
    Removing stm32f4xx_hal_uart.o(i.UART_DMARxAbortCallback), (42 bytes).
    Removing stm32f4xx_hal_uart.o(i.UART_DMARxHalfCplt), (10 bytes).
    Removing stm32f4xx_hal_uart.o(i.UART_DMARxOnlyAbortCallback), (20 bytes).
    Removing stm32f4xx_hal_uart.o(i.UART_DMATransmitCplt), (46 bytes).
    Removing stm32f4xx_hal_uart.o(i.UART_DMATxAbortCallback), (42 bytes).
    Removing stm32f4xx_hal_uart.o(i.UART_DMATxHalfCplt), (10 bytes).
    Removing stm32f4xx_hal_uart.o(i.UART_DMATxOnlyAbortCallback), (20 bytes).
    Removing stm32f4xx_hal_uart.o(i.UART_EndTxTransfer), (18 bytes).
    Removing stm32f4xx_hal_rcc.o(.rev16_text), (4 bytes).
    Removing stm32f4xx_hal_rcc.o(.revsh_text), (4 bytes).
    Removing stm32f4xx_hal_rcc.o(.rrx_text), (6 bytes).
    Removing stm32f4xx_hal_rcc.o(i.HAL_RCC_CSSCallback), (2 bytes).
    Removing stm32f4xx_hal_rcc.o(i.HAL_RCC_DeInit), (4 bytes).
    Removing stm32f4xx_hal_rcc.o(i.HAL_RCC_DisableCSS), (12 bytes).
    Removing stm32f4xx_hal_rcc.o(i.HAL_RCC_EnableCSS), (12 bytes).
    Removing stm32f4xx_hal_rcc.o(i.HAL_RCC_GetClockConfig), (64 bytes).
    Removing stm32f4xx_hal_rcc.o(i.HAL_RCC_GetHCLKFreq), (12 bytes).
    Removing stm32f4xx_hal_rcc.o(i.HAL_RCC_GetOscConfig), (180 bytes).
    Removing stm32f4xx_hal_rcc.o(i.HAL_RCC_MCOConfig), (152 bytes).
    Removing stm32f4xx_hal_rcc.o(i.HAL_RCC_NMI_IRQHandler), (28 bytes).
    Removing stm32f4xx_hal_rcc.o(i.HAL_RCC_OscConfig), (796 bytes).
    Removing stm32f4xx_hal_rcc_ex.o(.rev16_text), (4 bytes).
    Removing stm32f4xx_hal_rcc_ex.o(.revsh_text), (4 bytes).
    Removing stm32f4xx_hal_rcc_ex.o(.rrx_text), (6 bytes).
    Removing stm32f4xx_hal_rcc_ex.o(i.HAL_RCCEx_GetPeriphCLKConfig), (72 bytes).
    Removing stm32f4xx_hal_rcc_ex.o(i.HAL_RCCEx_GetPeriphCLKFreq), (120 bytes).
    Removing stm32f4xx_hal_rcc_ex.o(i.HAL_RCCEx_SelectLSEMode), (28 bytes).
    Removing stm32f4xx_hal_rcc_ex.o(i.HAL_RCC_DeInit), (244 bytes).
    Removing stm32f4xx_hal_rcc_ex.o(i.HAL_RCC_GetOscConfig), (188 bytes).
    Removing stm32f4xx_hal_flash.o(.rev16_text), (4 bytes).
    Removing stm32f4xx_hal_flash.o(.revsh_text), (4 bytes).
    Removing stm32f4xx_hal_flash.o(.rrx_text), (6 bytes).
    Removing stm32f4xx_hal_flash.o(i.FLASH_Program_Byte), (32 bytes).
    Removing stm32f4xx_hal_flash.o(i.FLASH_Program_DoubleWord), (40 bytes).
    Removing stm32f4xx_hal_flash.o(i.FLASH_Program_HalfWord), (36 bytes).
    Removing stm32f4xx_hal_flash.o(i.FLASH_Program_Word), (36 bytes).
    Removing stm32f4xx_hal_flash.o(i.FLASH_SetErrorCode), (124 bytes).
    Removing stm32f4xx_hal_flash.o(i.FLASH_WaitForLastOperation), (80 bytes).
    Removing stm32f4xx_hal_flash.o(i.HAL_FLASH_EndOfOperationCallback), (2 bytes).
    Removing stm32f4xx_hal_flash.o(i.HAL_FLASH_GetError), (12 bytes).
    Removing stm32f4xx_hal_flash.o(i.HAL_FLASH_IRQHandler), (204 bytes).
    Removing stm32f4xx_hal_flash.o(i.HAL_FLASH_Lock), (20 bytes).
    Removing stm32f4xx_hal_flash.o(i.HAL_FLASH_OB_Launch), (24 bytes).
    Removing stm32f4xx_hal_flash.o(i.HAL_FLASH_OB_Lock), (20 bytes).
    Removing stm32f4xx_hal_flash.o(i.HAL_FLASH_OB_Unlock), (40 bytes).
    Removing stm32f4xx_hal_flash.o(i.HAL_FLASH_OperationErrorCallback), (2 bytes).
    Removing stm32f4xx_hal_flash.o(i.HAL_FLASH_Program), (124 bytes).
    Removing stm32f4xx_hal_flash.o(i.HAL_FLASH_Program_IT), (108 bytes).
    Removing stm32f4xx_hal_flash.o(i.HAL_FLASH_Unlock), (44 bytes).
    Removing stm32f4xx_hal_flash.o(.bss), (32 bytes).
    Removing stm32f4xx_hal_flash_ex.o(.rev16_text), (4 bytes).
    Removing stm32f4xx_hal_flash_ex.o(.revsh_text), (4 bytes).
    Removing stm32f4xx_hal_flash_ex.o(.rrx_text), (6 bytes).
    Removing stm32f4xx_hal_flash_ex.o(i.FLASH_Erase_Sector), (80 bytes).
    Removing stm32f4xx_hal_flash_ex.o(i.FLASH_FlushCaches), (84 bytes).
    Removing stm32f4xx_hal_flash_ex.o(i.FLASH_MassErase), (40 bytes).
    Removing stm32f4xx_hal_flash_ex.o(i.HAL_FLASHEx_AdvOBGetConfig), (12 bytes).
    Removing stm32f4xx_hal_flash_ex.o(i.HAL_FLASHEx_AdvOBProgram), (60 bytes).
    Removing stm32f4xx_hal_flash_ex.o(i.HAL_FLASHEx_Erase), (152 bytes).
    Removing stm32f4xx_hal_flash_ex.o(i.HAL_FLASHEx_Erase_IT), (104 bytes).
    Removing stm32f4xx_hal_flash_ex.o(i.HAL_FLASHEx_OBGetConfig), (64 bytes).
    Removing stm32f4xx_hal_flash_ex.o(i.HAL_FLASHEx_OBProgram), (204 bytes).
    Removing stm32f4xx_hal_flash_ex.o(i.HAL_FLASHEx_OB_DeSelectPCROP), (20 bytes).
    Removing stm32f4xx_hal_flash_ex.o(i.HAL_FLASHEx_OB_SelectPCROP), (24 bytes).
    Removing stm32f4xx_hal_flash_ramfunc.o(.rev16_text), (4 bytes).
    Removing stm32f4xx_hal_flash_ramfunc.o(.revsh_text), (4 bytes).
    Removing stm32f4xx_hal_flash_ramfunc.o(.rrx_text), (6 bytes).
    Removing stm32f4xx_hal_flash_ramfunc.o(i.HAL_FLASHEx_DisableFlashSleepMode), (44 bytes).
    Removing stm32f4xx_hal_flash_ramfunc.o(i.HAL_FLASHEx_EnableFlashSleepMode), (44 bytes).
    Removing stm32f4xx_hal_flash_ramfunc.o(i.HAL_FLASHEx_StartFlashInterfaceClk), (44 bytes).
    Removing stm32f4xx_hal_flash_ramfunc.o(i.HAL_FLASHEx_StopFlashInterfaceClk), (44 bytes).
    Removing stm32f4xx_hal_gpio.o(.rev16_text), (4 bytes).
    Removing stm32f4xx_hal_gpio.o(.revsh_text), (4 bytes).
    Removing stm32f4xx_hal_gpio.o(.rrx_text), (6 bytes).
    Removing stm32f4xx_hal_gpio.o(i.HAL_GPIO_DeInit), (236 bytes).
    Removing stm32f4xx_hal_gpio.o(i.HAL_GPIO_EXTI_Callback), (2 bytes).
    Removing stm32f4xx_hal_gpio.o(i.HAL_GPIO_EXTI_IRQHandler), (24 bytes).
    Removing stm32f4xx_hal_gpio.o(i.HAL_GPIO_LockPin), (34 bytes).
    Removing stm32f4xx_hal_gpio.o(i.HAL_GPIO_ReadPin), (10 bytes).
    Removing stm32f4xx_hal_dma_ex.o(.rev16_text), (4 bytes).
    Removing stm32f4xx_hal_dma_ex.o(.revsh_text), (4 bytes).
    Removing stm32f4xx_hal_dma_ex.o(.rrx_text), (6 bytes).
    Removing stm32f4xx_hal_dma_ex.o(i.DMA_MultiBufferSetConfig), (30 bytes).
    Removing stm32f4xx_hal_dma_ex.o(i.HAL_DMAEx_ChangeMemory), (14 bytes).
    Removing stm32f4xx_hal_dma_ex.o(i.HAL_DMAEx_MultiBufferStart), (100 bytes).
    Removing stm32f4xx_hal_dma_ex.o(i.HAL_DMAEx_MultiBufferStart_IT), (2432 bytes).
    Removing stm32f4xx_hal_dma.o(.rev16_text), (4 bytes).
    Removing stm32f4xx_hal_dma.o(.revsh_text), (4 bytes).
    Removing stm32f4xx_hal_dma.o(.rrx_text), (6 bytes).
    Removing stm32f4xx_hal_dma.o(i.DMA_SetConfig), (40 bytes).
    Removing stm32f4xx_hal_dma.o(i.HAL_DMA_Abort), (142 bytes).
    Removing stm32f4xx_hal_dma.o(i.HAL_DMA_DeInit), (86 bytes).
    Removing stm32f4xx_hal_dma.o(i.HAL_DMA_GetError), (4 bytes).
    Removing stm32f4xx_hal_dma.o(i.HAL_DMA_GetState), (6 bytes).
    Removing stm32f4xx_hal_dma.o(i.HAL_DMA_PollForTransfer), (292 bytes).
    Removing stm32f4xx_hal_dma.o(i.HAL_DMA_RegisterCallback), (80 bytes).
    Removing stm32f4xx_hal_dma.o(i.HAL_DMA_Start), (70 bytes).
    Removing stm32f4xx_hal_dma.o(i.HAL_DMA_Start_IT), (120 bytes).
    Removing stm32f4xx_hal_dma.o(i.HAL_DMA_UnRegisterCallback), (96 bytes).
    Removing stm32f4xx_hal_pwr.o(.rev16_text), (4 bytes).
    Removing stm32f4xx_hal_pwr.o(.revsh_text), (4 bytes).
    Removing stm32f4xx_hal_pwr.o(.rrx_text), (6 bytes).
    Removing stm32f4xx_hal_pwr.o(i.HAL_PWR_ConfigPVD), (124 bytes).
    Removing stm32f4xx_hal_pwr.o(i.HAL_PWR_DeInit), (24 bytes).
    Removing stm32f4xx_hal_pwr.o(i.HAL_PWR_DisableBkUpAccess), (12 bytes).
    Removing stm32f4xx_hal_pwr.o(i.HAL_PWR_DisablePVD), (12 bytes).
    Removing stm32f4xx_hal_pwr.o(i.HAL_PWR_DisableSEVOnPend), (16 bytes).
    Removing stm32f4xx_hal_pwr.o(i.HAL_PWR_DisableSleepOnExit), (16 bytes).
    Removing stm32f4xx_hal_pwr.o(i.HAL_PWR_DisableWakeUpPin), (16 bytes).
    Removing stm32f4xx_hal_pwr.o(i.HAL_PWR_EnableBkUpAccess), (12 bytes).
    Removing stm32f4xx_hal_pwr.o(i.HAL_PWR_EnablePVD), (12 bytes).
    Removing stm32f4xx_hal_pwr.o(i.HAL_PWR_EnableSEVOnPend), (16 bytes).
    Removing stm32f4xx_hal_pwr.o(i.HAL_PWR_EnableSleepOnExit), (16 bytes).
    Removing stm32f4xx_hal_pwr.o(i.HAL_PWR_EnableWakeUpPin), (16 bytes).
    Removing stm32f4xx_hal_pwr.o(i.HAL_PWR_EnterSLEEPMode), (32 bytes).
    Removing stm32f4xx_hal_pwr.o(i.HAL_PWR_EnterSTANDBYMode), (32 bytes).
    Removing stm32f4xx_hal_pwr.o(i.HAL_PWR_EnterSTOPMode), (56 bytes).
    Removing stm32f4xx_hal_pwr.o(i.HAL_PWR_PVDCallback), (2 bytes).
    Removing stm32f4xx_hal_pwr.o(i.HAL_PWR_PVD_IRQHandler), (28 bytes).
    Removing stm32f4xx_hal_pwr_ex.o(.rev16_text), (4 bytes).
    Removing stm32f4xx_hal_pwr_ex.o(.revsh_text), (4 bytes).
    Removing stm32f4xx_hal_pwr_ex.o(.rrx_text), (6 bytes).
    Removing stm32f4xx_hal_pwr_ex.o(i.HAL_PWREx_ControlVoltageScaling), (176 bytes).
    Removing stm32f4xx_hal_pwr_ex.o(i.HAL_PWREx_DisableBkUpReg), (60 bytes).
    Removing stm32f4xx_hal_pwr_ex.o(i.HAL_PWREx_DisableFlashPowerDown), (12 bytes).
    Removing stm32f4xx_hal_pwr_ex.o(i.HAL_PWREx_DisableLowRegulatorLowVoltage), (12 bytes).
    Removing stm32f4xx_hal_pwr_ex.o(i.HAL_PWREx_DisableMainRegulatorLowVoltage), (12 bytes).
    Removing stm32f4xx_hal_pwr_ex.o(i.HAL_PWREx_EnableBkUpReg), (60 bytes).
    Removing stm32f4xx_hal_pwr_ex.o(i.HAL_PWREx_EnableFlashPowerDown), (12 bytes).
    Removing stm32f4xx_hal_pwr_ex.o(i.HAL_PWREx_EnableLowRegulatorLowVoltage), (12 bytes).
    Removing stm32f4xx_hal_pwr_ex.o(i.HAL_PWREx_EnableMainRegulatorLowVoltage), (12 bytes).
    Removing stm32f4xx_hal_pwr_ex.o(i.HAL_PWREx_GetVoltageRange), (16 bytes).
    Removing stm32f4xx_hal_cortex.o(.rev16_text), (4 bytes).
    Removing stm32f4xx_hal_cortex.o(.revsh_text), (4 bytes).
    Removing stm32f4xx_hal_cortex.o(.rrx_text), (6 bytes).
    Removing stm32f4xx_hal_cortex.o(i.HAL_MPU_ConfigRegion), (84 bytes).
    Removing stm32f4xx_hal_cortex.o(i.HAL_MPU_Disable), (28 bytes).
    Removing stm32f4xx_hal_cortex.o(i.HAL_MPU_Enable), (36 bytes).
    Removing stm32f4xx_hal_cortex.o(i.HAL_NVIC_ClearPendingIRQ), (22 bytes).
    Removing stm32f4xx_hal_cortex.o(i.HAL_NVIC_DisableIRQ), (22 bytes).
    Removing stm32f4xx_hal_cortex.o(i.HAL_NVIC_GetActive), (32 bytes).
    Removing stm32f4xx_hal_cortex.o(i.HAL_NVIC_GetPendingIRQ), (32 bytes).
    Removing stm32f4xx_hal_cortex.o(i.HAL_NVIC_GetPriority), (82 bytes).
    Removing stm32f4xx_hal_cortex.o(i.HAL_NVIC_GetPriorityGrouping), (16 bytes).
    Removing stm32f4xx_hal_cortex.o(i.HAL_NVIC_SetPendingIRQ), (22 bytes).
    Removing stm32f4xx_hal_cortex.o(i.HAL_NVIC_SystemReset), (36 bytes).
    Removing stm32f4xx_hal_cortex.o(i.HAL_SYSTICK_CLKSourceConfig), (24 bytes).
    Removing stm32f4xx_hal_cortex.o(i.HAL_SYSTICK_Callback), (2 bytes).
    Removing stm32f4xx_hal_cortex.o(i.HAL_SYSTICK_IRQHandler), (8 bytes).
    Removing stm32f4xx_hal.o(.rev16_text), (4 bytes).
    Removing stm32f4xx_hal.o(.revsh_text), (4 bytes).
    Removing stm32f4xx_hal.o(.rrx_text), (6 bytes).
    Removing stm32f4xx_hal.o(i.HAL_DBGMCU_DisableDBGSleepMode), (16 bytes).
    Removing stm32f4xx_hal.o(i.HAL_DBGMCU_DisableDBGStandbyMode), (16 bytes).
    Removing stm32f4xx_hal.o(i.HAL_DBGMCU_DisableDBGStopMode), (16 bytes).
    Removing stm32f4xx_hal.o(i.HAL_DBGMCU_EnableDBGSleepMode), (16 bytes).
    Removing stm32f4xx_hal.o(i.HAL_DBGMCU_EnableDBGStandbyMode), (16 bytes).
    Removing stm32f4xx_hal.o(i.HAL_DBGMCU_EnableDBGStopMode), (16 bytes).
    Removing stm32f4xx_hal.o(i.HAL_DeInit), (40 bytes).
    Removing stm32f4xx_hal.o(i.HAL_DisableCompensationCell), (12 bytes).
    Removing stm32f4xx_hal.o(i.HAL_EnableCompensationCell), (12 bytes).
    Removing stm32f4xx_hal.o(i.HAL_GetDEVID), (16 bytes).
    Removing stm32f4xx_hal.o(i.HAL_GetHalVersion), (8 bytes).
    Removing stm32f4xx_hal.o(i.HAL_GetREVID), (12 bytes).
    Removing stm32f4xx_hal.o(i.HAL_GetTickFreq), (12 bytes).
    Removing stm32f4xx_hal.o(i.HAL_GetTickPrio), (12 bytes).
    Removing stm32f4xx_hal.o(i.HAL_GetUID), (28 bytes).
    Removing stm32f4xx_hal.o(i.HAL_MspDeInit), (2 bytes).
    Removing stm32f4xx_hal.o(i.HAL_MspInit), (2 bytes).
    Removing stm32f4xx_hal.o(i.HAL_ResumeTick), (14 bytes).
    Removing stm32f4xx_hal.o(i.HAL_SetTickFreq), (28 bytes).
    Removing stm32f4xx_hal.o(i.HAL_SuspendTick), (14 bytes).
    Removing system_stm32f4xx.o(.rev16_text), (4 bytes).
    Removing system_stm32f4xx.o(.revsh_text), (4 bytes).
    Removing system_stm32f4xx.o(.rrx_text), (6 bytes).
    Removing system_stm32f4xx.o(i.SystemCoreClockUpdate), (124 bytes).
    Removing retarget_io.o(i.ITM_ReceiveChar), (28 bytes).
    Removing retarget_io.o(i.ITM_SendChar), (36 bytes).
    Removing retarget_io.o(i.__aeabi_assert), (144 bytes).
    Removing retarget_io.o(i.__backspace), (40 bytes).
    Removing retarget_io.o(i.abort), (2 bytes).
    Removing retarget_io.o(i.fgetc), (52 bytes).
    Removing retarget_io.o(i.fputc), (32 bytes).
    Removing retarget_io.o(.data), (12 bytes).

519 unused section(s) (total 35366 bytes) removed from the image.

==============================================================================

Image Symbol Table

    Local Symbols

    Symbol Name                              Value     Ov Type        Size  Object(Section)

    ../Drivers/STM32F4xx_HAL_Driver/Src/stm32f4xx_hal.c 0x00000000   Number         0  stm32f4xx_hal.o ABSOLUTE
    ../Drivers/STM32F4xx_HAL_Driver/Src/stm32f4xx_hal_cortex.c 0x00000000   Number         0  stm32f4xx_hal_cortex.o ABSOLUTE
    ../Drivers/STM32F4xx_HAL_Driver/Src/stm32f4xx_hal_dma.c 0x00000000   Number         0  stm32f4xx_hal_dma.o ABSOLUTE
    ../Drivers/STM32F4xx_HAL_Driver/Src/stm32f4xx_hal_dma_ex.c 0x00000000   Number         0  stm32f4xx_hal_dma_ex.o ABSOLUTE
    ../Drivers/STM32F4xx_HAL_Driver/Src/stm32f4xx_hal_flash.c 0x00000000   Number         0  stm32f4xx_hal_flash.o ABSOLUTE
    ../Drivers/STM32F4xx_HAL_Driver/Src/stm32f4xx_hal_flash_ex.c 0x00000000   Number         0  stm32f4xx_hal_flash_ex.o ABSOLUTE
    ../Drivers/STM32F4xx_HAL_Driver/Src/stm32f4xx_hal_flash_ramfunc.c 0x00000000   Number         0  stm32f4xx_hal_flash_ramfunc.o ABSOLUTE
    ../Drivers/STM32F4xx_HAL_Driver/Src/stm32f4xx_hal_fmpi2c.c 0x00000000   Number         0  stm32f4xx_hal_fmpi2c.o ABSOLUTE
    ../Drivers/STM32F4xx_HAL_Driver/Src/stm32f4xx_hal_fmpi2c_ex.c 0x00000000   Number         0  stm32f4xx_hal_fmpi2c_ex.o ABSOLUTE
    ../Drivers/STM32F4xx_HAL_Driver/Src/stm32f4xx_hal_gpio.c 0x00000000   Number         0  stm32f4xx_hal_gpio.o ABSOLUTE
    ../Drivers/STM32F4xx_HAL_Driver/Src/stm32f4xx_hal_pwr.c 0x00000000   Number         0  stm32f4xx_hal_pwr.o ABSOLUTE
    ../Drivers/STM32F4xx_HAL_Driver/Src/stm32f4xx_hal_pwr_ex.c 0x00000000   Number         0  stm32f4xx_hal_pwr_ex.o ABSOLUTE
    ../Drivers/STM32F4xx_HAL_Driver/Src/stm32f4xx_hal_rcc.c 0x00000000   Number         0  stm32f4xx_hal_rcc.o ABSOLUTE
    ../Drivers/STM32F4xx_HAL_Driver/Src/stm32f4xx_hal_rcc_ex.c 0x00000000   Number         0  stm32f4xx_hal_rcc_ex.o ABSOLUTE
    ../Drivers/STM32F4xx_HAL_Driver/Src/stm32f4xx_hal_rtc.c 0x00000000   Number         0  stm32f4xx_hal_rtc.o ABSOLUTE
    ../Drivers/STM32F4xx_HAL_Driver/Src/stm32f4xx_hal_rtc_ex.c 0x00000000   Number         0  stm32f4xx_hal_rtc_ex.o ABSOLUTE
    ../Drivers/STM32F4xx_HAL_Driver/Src/stm32f4xx_hal_tim.c 0x00000000   Number         0  stm32f4xx_hal_tim.o ABSOLUTE
    ../Drivers/STM32F4xx_HAL_Driver/Src/stm32f4xx_hal_tim_ex.c 0x00000000   Number         0  stm32f4xx_hal_tim_ex.o ABSOLUTE
    ../Drivers/STM32F4xx_HAL_Driver/Src/stm32f4xx_hal_uart.c 0x00000000   Number         0  stm32f4xx_hal_uart.o ABSOLUTE
    ../Src/main.c                            0x00000000   Number         0  main.o ABSOLUTE
    ../Src/stm32f4xx_hal_msp.c               0x00000000   Number         0  stm32f4xx_hal_msp.o ABSOLUTE
    ../Src/stm32f4xx_it.c                    0x00000000   Number         0  stm32f4xx_it.o ABSOLUTE
    ../Src/system_stm32f4xx.c                0x00000000   Number         0  system_stm32f4xx.o ABSOLUTE
    ../clib/microlib/division.c              0x00000000   Number         0  uldiv.o ABSOLUTE
    ../clib/microlib/init/entry.s            0x00000000   Number         0  entry8a.o ABSOLUTE
    ../clib/microlib/init/entry.s            0x00000000   Number         0  entry7b.o ABSOLUTE
    ../clib/microlib/init/entry.s            0x00000000   Number         0  entry7a.o ABSOLUTE
    ../clib/microlib/init/entry.s            0x00000000   Number         0  entry5.o ABSOLUTE
    ../clib/microlib/init/entry.s            0x00000000   Number         0  entry2.o ABSOLUTE
    ../clib/microlib/init/entry.s            0x00000000   Number         0  entry.o ABSOLUTE
    ../clib/microlib/init/entry.s            0x00000000   Number         0  entry9b.o ABSOLUTE
    ../clib/microlib/init/entry.s            0x00000000   Number         0  entry11b.o ABSOLUTE
    ../clib/microlib/init/entry.s            0x00000000   Number         0  entry11a.o ABSOLUTE
    ../clib/microlib/init/entry.s            0x00000000   Number         0  entry10b.o ABSOLUTE
    ../clib/microlib/init/entry.s            0x00000000   Number         0  entry10a.o ABSOLUTE
    ../clib/microlib/init/entry.s            0x00000000   Number         0  entry9a.o ABSOLUTE
    ../clib/microlib/init/entry.s            0x00000000   Number         0  entry8b.o ABSOLUTE
    ../clib/microlib/longlong.c              0x00000000   Number         0  llshl.o ABSOLUTE
    ../clib/microlib/longlong.c              0x00000000   Number         0  llushr.o ABSOLUTE
    ../clib/microlib/stdio/fputs.c           0x00000000   Number         0  fputs.o ABSOLUTE
    ../clib/microlib/stdio/fputs.c           0x00000000   Number         0  fputs_e.o ABSOLUTE
    ../clib/microlib/stdio/streams.c         0x00000000   Number         0  stdin.o ABSOLUTE
    ../clib/microlib/stdio/streams.c         0x00000000   Number         0  stdout.o ABSOLUTE
    ../clib/microlib/stdio/streams.c         0x00000000   Number         0  stderr.o ABSOLUTE
    ../clib/microlib/string/memcpy.c         0x00000000   Number         0  memcpya.o ABSOLUTE
    ../clib/microlib/string/memcpy.c         0x00000000   Number         0  memcpyb.o ABSOLUTE
    ../clib/microlib/string/memset.c         0x00000000   Number         0  memseta.o ABSOLUTE
    ..\Drivers\STM32F4xx_HAL_Driver\Src\stm32f4xx_hal.c 0x00000000   Number         0  stm32f4xx_hal.o ABSOLUTE
    ..\Drivers\STM32F4xx_HAL_Driver\Src\stm32f4xx_hal_cortex.c 0x00000000   Number         0  stm32f4xx_hal_cortex.o ABSOLUTE
    ..\Drivers\STM32F4xx_HAL_Driver\Src\stm32f4xx_hal_dma.c 0x00000000   Number         0  stm32f4xx_hal_dma.o ABSOLUTE
    ..\Drivers\STM32F4xx_HAL_Driver\Src\stm32f4xx_hal_dma_ex.c 0x00000000   Number         0  stm32f4xx_hal_dma_ex.o ABSOLUTE
    ..\Drivers\STM32F4xx_HAL_Driver\Src\stm32f4xx_hal_flash.c 0x00000000   Number         0  stm32f4xx_hal_flash.o ABSOLUTE
    ..\Drivers\STM32F4xx_HAL_Driver\Src\stm32f4xx_hal_flash_ex.c 0x00000000   Number         0  stm32f4xx_hal_flash_ex.o ABSOLUTE
    ..\Drivers\STM32F4xx_HAL_Driver\Src\stm32f4xx_hal_flash_ramfunc.c 0x00000000   Number         0  stm32f4xx_hal_flash_ramfunc.o ABSOLUTE
    ..\Drivers\STM32F4xx_HAL_Driver\Src\stm32f4xx_hal_fmpi2c.c 0x00000000   Number         0  stm32f4xx_hal_fmpi2c.o ABSOLUTE
    ..\Drivers\STM32F4xx_HAL_Driver\Src\stm32f4xx_hal_fmpi2c_ex.c 0x00000000   Number         0  stm32f4xx_hal_fmpi2c_ex.o ABSOLUTE
    ..\Drivers\STM32F4xx_HAL_Driver\Src\stm32f4xx_hal_gpio.c 0x00000000   Number         0  stm32f4xx_hal_gpio.o ABSOLUTE
    ..\Drivers\STM32F4xx_HAL_Driver\Src\stm32f4xx_hal_pwr.c 0x00000000   Number         0  stm32f4xx_hal_pwr.o ABSOLUTE
    ..\Drivers\STM32F4xx_HAL_Driver\Src\stm32f4xx_hal_pwr_ex.c 0x00000000   Number         0  stm32f4xx_hal_pwr_ex.o ABSOLUTE
    ..\Drivers\STM32F4xx_HAL_Driver\Src\stm32f4xx_hal_rcc.c 0x00000000   Number         0  stm32f4xx_hal_rcc.o ABSOLUTE
    ..\Drivers\STM32F4xx_HAL_Driver\Src\stm32f4xx_hal_rcc_ex.c 0x00000000   Number         0  stm32f4xx_hal_rcc_ex.o ABSOLUTE
    ..\Drivers\STM32F4xx_HAL_Driver\Src\stm32f4xx_hal_rtc.c 0x00000000   Number         0  stm32f4xx_hal_rtc.o ABSOLUTE
    ..\Drivers\STM32F4xx_HAL_Driver\Src\stm32f4xx_hal_rtc_ex.c 0x00000000   Number         0  stm32f4xx_hal_rtc_ex.o ABSOLUTE
    ..\Drivers\STM32F4xx_HAL_Driver\Src\stm32f4xx_hal_tim.c 0x00000000   Number         0  stm32f4xx_hal_tim.o ABSOLUTE
    ..\Drivers\STM32F4xx_HAL_Driver\Src\stm32f4xx_hal_tim_ex.c 0x00000000   Number         0  stm32f4xx_hal_tim_ex.o ABSOLUTE
    ..\Drivers\STM32F4xx_HAL_Driver\Src\stm32f4xx_hal_uart.c 0x00000000   Number         0  stm32f4xx_hal_uart.o ABSOLUTE
    ..\Src\TJ_MPU6050.c                      0x00000000   Number         0  tj_mpu6050.o ABSOLUTE
    ..\Src\dwt_stm32_delay.c                 0x00000000   Number         0  dwt_stm32_delay.o ABSOLUTE
    ..\Src\flight_controller.c               0x00000000   Number         0  flight_controller.o ABSOLUTE
    ..\Src\main.c                            0x00000000   Number         0  main.o ABSOLUTE
    ..\Src\stm32f4xx_hal_msp.c               0x00000000   Number         0  stm32f4xx_hal_msp.o ABSOLUTE
    ..\Src\stm32f4xx_it.c                    0x00000000   Number         0  stm32f4xx_it.o ABSOLUTE
    ..\Src\system_stm32f4xx.c                0x00000000   Number         0  system_stm32f4xx.o ABSOLUTE
    ..\\Src\\TJ_MPU6050.c                    0x00000000   Number         0  tj_mpu6050.o ABSOLUTE
    ..\\Src\\dwt_stm32_delay.c               0x00000000   Number         0  dwt_stm32_delay.o ABSOLUTE
    ..\\Src\\flight_controller.c             0x00000000   Number         0  flight_controller.o ABSOLUTE
    C:\Users\soopa\AppData\Local\Arm\Packs\Keil\ARM_Compiler\1.6.1\Source\retarget_io.c 0x00000000   Number         0  retarget_io.o ABSOLUTE
    dc.s                                     0x00000000   Number         0  dc.o ABSOLUTE
    handlers.s                               0x00000000   Number         0  handlers.o ABSOLUTE
    init.s                                   0x00000000   Number         0  init.o ABSOLUTE
    startup_stm32f410cx.s                    0x00000000   Number         0  startup_stm32f410cx.o ABSOLUTE
    RESET                                    0x08000000   Section      456  startup_stm32f410cx.o(RESET)
    .ARM.Collect$$$$00000000                 0x080001c8   Section        0  entry.o(.ARM.Collect$$$$00000000)
    .ARM.Collect$$$$00000001                 0x080001c8   Section        4  entry2.o(.ARM.Collect$$$$00000001)
    .ARM.Collect$$$$00000004                 0x080001cc   Section        4  entry5.o(.ARM.Collect$$$$00000004)
    .ARM.Collect$$$$00000008                 0x080001d0   Section        0  entry7b.o(.ARM.Collect$$$$00000008)
    .ARM.Collect$$$$0000000A                 0x080001d0   Section        0  entry8b.o(.ARM.Collect$$$$0000000A)
    .ARM.Collect$$$$0000000B                 0x080001d0   Section        8  entry9a.o(.ARM.Collect$$$$0000000B)
    .ARM.Collect$$$$0000000D                 0x080001d8   Section        0  entry10a.o(.ARM.Collect$$$$0000000D)
    .ARM.Collect$$$$0000000F                 0x080001d8   Section        0  entry11a.o(.ARM.Collect$$$$0000000F)
    .ARM.Collect$$$$00002712                 0x080001d8   Section        4  entry2.o(.ARM.Collect$$$$00002712)
    __lit__00000000                          0x080001d8   Data           4  entry2.o(.ARM.Collect$$$$00002712)
    .text                                    0x080001dc   Section       36  startup_stm32f410cx.o(.text)
    $v0                                      0x080001dc   Number         0  startup_stm32f410cx.o(.text)
    .text                                    0x08000200   Section        0  uldiv.o(.text)
    .text                                    0x08000262   Section        0  memcpya.o(.text)
    .text                                    0x08000286   Section        0  memseta.o(.text)
    .text                                    0x080002aa   Section        0  llshl.o(.text)
    .text                                    0x080002c8   Section        0  llushr.o(.text)
    .text                                    0x080002e8   Section       36  init.o(.text)
    i.BusFault_Handler                       0x0800030c   Section        0  stm32f4xx_it.o(i.BusFault_Handler)
    i.DMA2_Stream2_IRQHandler                0x08000310   Section        0  stm32f4xx_it.o(i.DMA2_Stream2_IRQHandler)
    i.DMA_CalcBaseAndBitshift                0x0800031c   Section        0  stm32f4xx_hal_dma.o(i.DMA_CalcBaseAndBitshift)
    DMA_CalcBaseAndBitshift                  0x0800031d   Thumb Code    34  stm32f4xx_hal_dma.o(i.DMA_CalcBaseAndBitshift)
    i.DMA_CheckFifoParam                     0x08000344   Section        0  stm32f4xx_hal_dma.o(i.DMA_CheckFifoParam)
    DMA_CheckFifoParam                       0x08000345   Thumb Code    84  stm32f4xx_hal_dma.o(i.DMA_CheckFifoParam)
    i.DWT_Delay_Init                         0x08000398   Section        0  dwt_stm32_delay.o(i.DWT_Delay_Init)
    i.DebugMon_Handler                       0x080003dc   Section        0  stm32f4xx_it.o(i.DebugMon_Handler)
    i.Error_Handler                          0x080003de   Section        0  main.o(i.Error_Handler)
    i.FMPI2C_Flush_TXDR                      0x080003e0   Section        0  stm32f4xx_hal_fmpi2c.o(i.FMPI2C_Flush_TXDR)
    FMPI2C_Flush_TXDR                        0x080003e1   Thumb Code    34  stm32f4xx_hal_fmpi2c.o(i.FMPI2C_Flush_TXDR)
    i.FMPI2C_IsAcknowledgeFailed             0x08000404   Section        0  stm32f4xx_hal_fmpi2c.o(i.FMPI2C_IsAcknowledgeFailed)
    FMPI2C_IsAcknowledgeFailed               0x08000405   Thumb Code   118  stm32f4xx_hal_fmpi2c.o(i.FMPI2C_IsAcknowledgeFailed)
    i.FMPI2C_TransferConfig                  0x08000480   Section        0  stm32f4xx_hal_fmpi2c.o(i.FMPI2C_TransferConfig)
    FMPI2C_TransferConfig                    0x08000481   Thumb Code    40  stm32f4xx_hal_fmpi2c.o(i.FMPI2C_TransferConfig)
    i.FMPI2C_WaitOnFlagUntilTimeout          0x080004ac   Section        0  stm32f4xx_hal_fmpi2c.o(i.FMPI2C_WaitOnFlagUntilTimeout)
    FMPI2C_WaitOnFlagUntilTimeout            0x080004ad   Thumb Code    82  stm32f4xx_hal_fmpi2c.o(i.FMPI2C_WaitOnFlagUntilTimeout)
    i.FMPI2C_WaitOnRXNEFlagUntilTimeout      0x08000500   Section        0  stm32f4xx_hal_fmpi2c.o(i.FMPI2C_WaitOnRXNEFlagUntilTimeout)
    FMPI2C_WaitOnRXNEFlagUntilTimeout        0x08000501   Thumb Code   132  stm32f4xx_hal_fmpi2c.o(i.FMPI2C_WaitOnRXNEFlagUntilTimeout)
    i.FMPI2C_WaitOnSTOPFlagUntilTimeout      0x08000588   Section        0  stm32f4xx_hal_fmpi2c.o(i.FMPI2C_WaitOnSTOPFlagUntilTimeout)
    FMPI2C_WaitOnSTOPFlagUntilTimeout        0x08000589   Thumb Code    78  stm32f4xx_hal_fmpi2c.o(i.FMPI2C_WaitOnSTOPFlagUntilTimeout)
    i.FMPI2C_WaitOnTXISFlagUntilTimeout      0x080005d6   Section        0  stm32f4xx_hal_fmpi2c.o(i.FMPI2C_WaitOnTXISFlagUntilTimeout)
    FMPI2C_WaitOnTXISFlagUntilTimeout        0x080005d7   Thumb Code    82  stm32f4xx_hal_fmpi2c.o(i.FMPI2C_WaitOnTXISFlagUntilTimeout)
    i.HAL_DMA_Abort_IT                       0x08000628   Section        0  stm32f4xx_hal_dma.o(i.HAL_DMA_Abort_IT)
    i.HAL_DMA_IRQHandler                     0x0800064c   Section        0  stm32f4xx_hal_dma.o(i.HAL_DMA_IRQHandler)
    i.HAL_DMA_Init                           0x080007ec   Section        0  stm32f4xx_hal_dma.o(i.HAL_DMA_Init)
    i.HAL_Delay                              0x080008c0   Section        0  stm32f4xx_hal.o(i.HAL_Delay)
    i.HAL_FMPI2CEx_ConfigAnalogFilter        0x080008e4   Section        0  stm32f4xx_hal_fmpi2c_ex.o(i.HAL_FMPI2CEx_ConfigAnalogFilter)
    i.HAL_FMPI2C_Init                        0x0800093c   Section        0  stm32f4xx_hal_fmpi2c.o(i.HAL_FMPI2C_Init)
    i.HAL_FMPI2C_Master_Receive              0x080009f4   Section        0  stm32f4xx_hal_fmpi2c.o(i.HAL_FMPI2C_Master_Receive)
    i.HAL_FMPI2C_Master_Transmit             0x08000b24   Section        0  stm32f4xx_hal_fmpi2c.o(i.HAL_FMPI2C_Master_Transmit)
    i.HAL_FMPI2C_MspInit                     0x08000c50   Section        0  stm32f4xx_hal_msp.o(i.HAL_FMPI2C_MspInit)
    i.HAL_GPIO_Init                          0x08000cbc   Section        0  stm32f4xx_hal_gpio.o(i.HAL_GPIO_Init)
    i.HAL_GPIO_TogglePin                     0x08000e28   Section        0  stm32f4xx_hal_gpio.o(i.HAL_GPIO_TogglePin)
    i.HAL_GPIO_WritePin                      0x08000e30   Section        0  stm32f4xx_hal_gpio.o(i.HAL_GPIO_WritePin)
    i.HAL_GetTick                            0x08000e3c   Section        0  stm32f4xx_hal.o(i.HAL_GetTick)
    i.HAL_IncTick                            0x08000e48   Section        0  stm32f4xx_hal.o(i.HAL_IncTick)
    i.HAL_Init                               0x08000e58   Section        0  stm32f4xx_hal.o(i.HAL_Init)
    i.HAL_InitTick                           0x08000e8c   Section        0  stm32f4xx_hal.o(i.HAL_InitTick)
    i.HAL_MspInit                            0x08000ecc   Section        0  stm32f4xx_hal_msp.o(i.HAL_MspInit)
    i.HAL_NVIC_EnableIRQ                     0x08000efc   Section        0  stm32f4xx_hal_cortex.o(i.HAL_NVIC_EnableIRQ)
    i.HAL_NVIC_SetPriority                   0x08000f14   Section        0  stm32f4xx_hal_cortex.o(i.HAL_NVIC_SetPriority)
    i.HAL_NVIC_SetPriorityGrouping           0x08000f54   Section        0  stm32f4xx_hal_cortex.o(i.HAL_NVIC_SetPriorityGrouping)
    i.HAL_RCCEx_PeriphCLKConfig              0x08000f78   Section        0  stm32f4xx_hal_rcc_ex.o(i.HAL_RCCEx_PeriphCLKConfig)
    i.HAL_RCC_ClockConfig                    0x0800109c   Section        0  stm32f4xx_hal_rcc.o(i.HAL_RCC_ClockConfig)
    i.HAL_RCC_GetPCLK1Freq                   0x080011cc   Section        0  stm32f4xx_hal_rcc.o(i.HAL_RCC_GetPCLK1Freq)
    i.HAL_RCC_GetPCLK2Freq                   0x080011ec   Section        0  stm32f4xx_hal_rcc.o(i.HAL_RCC_GetPCLK2Freq)
    i.HAL_RCC_GetSysClockFreq                0x0800120c   Section        0  stm32f4xx_hal_rcc.o(i.HAL_RCC_GetSysClockFreq)
    i.HAL_RCC_OscConfig                      0x08001270   Section        0  stm32f4xx_hal_rcc_ex.o(i.HAL_RCC_OscConfig)
    i.HAL_RTC_Init                           0x08001594   Section        0  stm32f4xx_hal_rtc.o(i.HAL_RTC_Init)
    i.HAL_RTC_MspInit                        0x08001640   Section        0  stm32f4xx_hal_msp.o(i.HAL_RTC_MspInit)
    i.HAL_RTC_WaitForSynchro                 0x08001658   Section        0  stm32f4xx_hal_rtc.o(i.HAL_RTC_WaitForSynchro)
    i.HAL_SYSTICK_Config                     0x0800168e   Section        0  stm32f4xx_hal_cortex.o(i.HAL_SYSTICK_Config)
    i.HAL_TIMEx_ConfigBreakDeadTime          0x080016b6   Section        0  stm32f4xx_hal_tim_ex.o(i.HAL_TIMEx_ConfigBreakDeadTime)
    i.HAL_TIMEx_MasterConfigSynchronization  0x08001710   Section        0  stm32f4xx_hal_tim_ex.o(i.HAL_TIMEx_MasterConfigSynchronization)
    i.HAL_TIM_MspPostInit                    0x08001760   Section        0  stm32f4xx_hal_msp.o(i.HAL_TIM_MspPostInit)
    i.HAL_TIM_PWM_ConfigChannel              0x080017b4   Section        0  stm32f4xx_hal_tim.o(i.HAL_TIM_PWM_ConfigChannel)
    i.HAL_TIM_PWM_Init                       0x08001884   Section        0  stm32f4xx_hal_tim.o(i.HAL_TIM_PWM_Init)
    i.HAL_TIM_PWM_MspInit                    0x080018bc   Section        0  stm32f4xx_hal_msp.o(i.HAL_TIM_PWM_MspInit)
    i.HAL_UART_ErrorCallback                 0x080018e4   Section        0  stm32f4xx_hal_uart.o(i.HAL_UART_ErrorCallback)
    i.HAL_UART_IRQHandler                    0x080018e8   Section        0  stm32f4xx_hal_uart.o(i.HAL_UART_IRQHandler)
    i.HAL_UART_Init                          0x080019f8   Section        0  stm32f4xx_hal_uart.o(i.HAL_UART_Init)
    i.HAL_UART_MspInit                       0x08001a5c   Section        0  stm32f4xx_hal_msp.o(i.HAL_UART_MspInit)
    i.HAL_UART_RxCpltCallback                0x08001b10   Section        0  main.o(i.HAL_UART_RxCpltCallback)
    i.HAL_UART_Transmit                      0x08001b12   Section        0  stm32f4xx_hal_uart.o(i.HAL_UART_Transmit)
    i.HAL_UART_TxCpltCallback                0x08001bcc   Section        0  stm32f4xx_hal_uart.o(i.HAL_UART_TxCpltCallback)
    i.HardFault_Handler                      0x08001bce   Section        0  stm32f4xx_it.o(i.HardFault_Handler)
    i.I2C_Read                               0x08001bd0   Section        0  tj_mpu6050.o(i.I2C_Read)
    i.I2C_Write8                             0x08001c04   Section        0  tj_mpu6050.o(i.I2C_Write8)
    i.MPU6050_Config                         0x08001c24   Section        0  tj_mpu6050.o(i.MPU6050_Config)
    i.MPU6050_Get_Accel_RawData              0x08001cf8   Section        0  tj_mpu6050.o(i.MPU6050_Get_Accel_RawData)
    i.MPU6050_Get_Accel_Scale                0x08001d84   Section        0  tj_mpu6050.o(i.MPU6050_Get_Accel_Scale)
    i.MPU6050_Get_Gyro_RawData               0x08001dd8   Section        0  tj_mpu6050.o(i.MPU6050_Get_Gyro_RawData)
    i.MPU6050_Get_Gyro_Scale                 0x08001dec   Section        0  tj_mpu6050.o(i.MPU6050_Get_Gyro_Scale)
    i.MPU6050_Init                           0x08001e40   Section        0  tj_mpu6050.o(i.MPU6050_Init)
    i.MPU6050_Set_SMPRT_DIV                  0x08001e50   Section        0  tj_mpu6050.o(i.MPU6050_Set_SMPRT_DIV)
    i.MX_FMPI2C1_Init                        0x08001e58   Section        0  main.o(i.MX_FMPI2C1_Init)
    MX_FMPI2C1_Init                          0x08001e59   Thumb Code    46  main.o(i.MX_FMPI2C1_Init)
    i.MX_GPIO_Init                           0x08001e94   Section        0  main.o(i.MX_GPIO_Init)
    MX_GPIO_Init                             0x08001e95   Thumb Code   192  main.o(i.MX_GPIO_Init)
    i.MX_TIM1_Init                           0x08001f64   Section        0  main.o(i.MX_TIM1_Init)
    MX_TIM1_Init                             0x08001f65   Thumb Code   154  main.o(i.MX_TIM1_Init)
    i.MemManage_Handler                      0x08002008   Section        0  stm32f4xx_it.o(i.MemManage_Handler)
    i.NMI_Handler                            0x0800200a   Section        0  stm32f4xx_it.o(i.NMI_Handler)
    i.NVIC_SetPriority                       0x0800200c   Section        0  stm32f4xx_hal_cortex.o(i.NVIC_SetPriority)
    NVIC_SetPriority                         0x0800200d   Thumb Code    32  stm32f4xx_hal_cortex.o(i.NVIC_SetPriority)
    i.PendSV_Handler                         0x0800202c   Section        0  stm32f4xx_it.o(i.PendSV_Handler)
    i.RTC_EnterInitMode                      0x08002030   Section        0  stm32f4xx_hal_rtc.o(i.RTC_EnterInitMode)
    i.SVC_Handler                            0x0800206a   Section        0  stm32f4xx_it.o(i.SVC_Handler)
    i.SysTick_Handler                        0x0800206c   Section        0  stm32f4xx_it.o(i.SysTick_Handler)
    i.SystemClock_Config                     0x08002070   Section        0  main.o(i.SystemClock_Config)
    i.SystemInit                             0x0800210c   Section        0  system_stm32f4xx.o(i.SystemInit)
    i.TIM_Base_SetConfig                     0x08002160   Section        0  stm32f4xx_hal_tim.o(i.TIM_Base_SetConfig)
    i.TIM_OC1_SetConfig                      0x080021bc   Section        0  stm32f4xx_hal_tim.o(i.TIM_OC1_SetConfig)
    TIM_OC1_SetConfig                        0x080021bd   Thumb Code    74  stm32f4xx_hal_tim.o(i.TIM_OC1_SetConfig)
    i.TIM_OC2_SetConfig                      0x0800220c   Section        0  stm32f4xx_hal_tim.o(i.TIM_OC2_SetConfig)
    i.TIM_OC3_SetConfig                      0x08002264   Section        0  stm32f4xx_hal_tim.o(i.TIM_OC3_SetConfig)
    TIM_OC3_SetConfig                        0x08002265   Thumb Code    82  stm32f4xx_hal_tim.o(i.TIM_OC3_SetConfig)
    i.TIM_OC4_SetConfig                      0x080022bc   Section        0  stm32f4xx_hal_tim.o(i.TIM_OC4_SetConfig)
    TIM_OC4_SetConfig                        0x080022bd   Thumb Code    64  stm32f4xx_hal_tim.o(i.TIM_OC4_SetConfig)
    i.UART_DMAAbortOnError                   0x08002300   Section        0  stm32f4xx_hal_uart.o(i.UART_DMAAbortOnError)
    UART_DMAAbortOnError                     0x08002301   Thumb Code    16  stm32f4xx_hal_uart.o(i.UART_DMAAbortOnError)
    i.UART_EndRxTransfer                     0x08002310   Section        0  stm32f4xx_hal_uart.o(i.UART_EndRxTransfer)
    UART_EndRxTransfer                       0x08002311   Thumb Code    28  stm32f4xx_hal_uart.o(i.UART_EndRxTransfer)
    i.UART_Receive_IT                        0x0800232c   Section        0  stm32f4xx_hal_uart.o(i.UART_Receive_IT)
    UART_Receive_IT                          0x0800232d   Thumb Code   140  stm32f4xx_hal_uart.o(i.UART_Receive_IT)
    i.UART_SetConfig                         0x080023b8   Section        0  stm32f4xx_hal_uart.o(i.UART_SetConfig)
    UART_SetConfig                           0x080023b9   Thumb Code   676  stm32f4xx_hal_uart.o(i.UART_SetConfig)
    i.UART_Transmit_IT                       0x08002664   Section        0  stm32f4xx_hal_uart.o(i.UART_Transmit_IT)
    UART_Transmit_IT                         0x08002665   Thumb Code    98  stm32f4xx_hal_uart.o(i.UART_Transmit_IT)
    i.UART_WaitOnFlagUntilTimeout            0x080026c6   Section        0  stm32f4xx_hal_uart.o(i.UART_WaitOnFlagUntilTimeout)
    UART_WaitOnFlagUntilTimeout              0x080026c7   Thumb Code   100  stm32f4xx_hal_uart.o(i.UART_WaitOnFlagUntilTimeout)
    i.USART1_IRQHandler                      0x0800272c   Section        0  stm32f4xx_it.o(i.USART1_IRQHandler)
    i.UsageFault_Handler                     0x08002738   Section        0  stm32f4xx_it.o(i.UsageFault_Handler)
    i.__scatterload_copy                     0x0800273a   Section       14  handlers.o(i.__scatterload_copy)
    i.__scatterload_null                     0x08002748   Section        2  handlers.o(i.__scatterload_null)
    i.__scatterload_zeroinit                 0x0800274a   Section       14  handlers.o(i.__scatterload_zeroinit)
    i.main                                   0x08002758   Section        0  main.o(i.main)
    i.turnOnBlueLED                          0x08002858   Section        0  flight_controller.o(i.turnOnBlueLED)
    .constdata                               0x08002864   Section       30  main.o(.constdata)
    .constdata                               0x08002882   Section        8  stm32f4xx_hal_dma.o(.constdata)
    flagBitshiftOffset                       0x08002882   Data           8  stm32f4xx_hal_dma.o(.constdata)
    .constdata                               0x0800288a   Section       16  system_stm32f4xx.o(.constdata)
    .constdata                               0x0800289a   Section        8  system_stm32f4xx.o(.constdata)
    .data                                    0x20000000   Section       26  tj_mpu6050.o(.data)
    A_X_Bias                                 0x20000000   Data           4  tj_mpu6050.o(.data)
    A_Y_Bias                                 0x20000004   Data           4  tj_mpu6050.o(.data)
    A_Z_Bias                                 0x20000008   Data           4  tj_mpu6050.o(.data)
    accelScalingFactor                       0x2000000c   Data           4  tj_mpu6050.o(.data)
    gyroScalingFactor                        0x20000010   Data           4  tj_mpu6050.o(.data)
    GyroRW                                   0x20000014   Data           6  tj_mpu6050.o(.data)
    .data                                    0x2000001a   Section       12  main.o(.data)
    .data                                    0x20000028   Section       12  stm32f4xx_hal.o(.data)
    .data                                    0x20000034   Section        4  system_stm32f4xx.o(.data)
    .bss                                     0x20000038   Section       76  tj_mpu6050.o(.bss)
    i2cHandler                               0x20000038   Data          76  tj_mpu6050.o(.bss)
    .bss                                     0x20000084   Section      256  main.o(.bss)
    .bss                                     0x20000184   Section       96  main.o(.bss)
    STACK                                    0x200001e8   Section     1024  startup_stm32f410cx.o(STACK)

    Global Symbols

    Symbol Name                              Value     Ov Type        Size  Object(Section)

    BuildAttributes$$THM_ISAv4$E$P$D$K$B$S$7EM$VFPi3$EXTD16$VFPS$VFMA$PE$A:L22UL41UL21$X:L11$S22US41US21$IEEE1$IW$USESV6$~STKCKD$USESV7$~SHL$OSPACE$EBA8$MICROLIB$REQ8$PRES8$EABIv2 0x00000000   Number         0  anon$$obj.o ABSOLUTE
    __ARM_use_no_argv                        0x00000000   Number         0  main.o ABSOLUTE
    __cpp_initialize__aeabi_                  - Undefined Weak Reference
    __cxa_finalize                            - Undefined Weak Reference
    __decompress                              - Undefined Weak Reference
    _clock_init                               - Undefined Weak Reference
    _microlib_exit                            - Undefined Weak Reference
    __Vectors_Size                           0x000001c8   Number         0  startup_stm32f410cx.o ABSOLUTE
    __Vectors                                0x08000000   Data           4  startup_stm32f410cx.o(RESET)
    __Vectors_End                            0x080001c8   Data           0  startup_stm32f410cx.o(RESET)
    __main                                   0x080001c9   Thumb Code     0  entry.o(.ARM.Collect$$$$00000000)
    _main_stk                                0x080001c9   Thumb Code     0  entry2.o(.ARM.Collect$$$$00000001)
    _main_scatterload                        0x080001cd   Thumb Code     0  entry5.o(.ARM.Collect$$$$00000004)
    __main_after_scatterload                 0x080001d1   Thumb Code     0  entry5.o(.ARM.Collect$$$$00000004)
    _main_clock                              0x080001d1   Thumb Code     0  entry7b.o(.ARM.Collect$$$$00000008)
    _main_cpp_init                           0x080001d1   Thumb Code     0  entry8b.o(.ARM.Collect$$$$0000000A)
    _main_init                               0x080001d1   Thumb Code     0  entry9a.o(.ARM.Collect$$$$0000000B)
    __rt_final_cpp                           0x080001d9   Thumb Code     0  entry10a.o(.ARM.Collect$$$$0000000D)
    __rt_final_exit                          0x080001d9   Thumb Code     0  entry11a.o(.ARM.Collect$$$$0000000F)
    Reset_Handler                            0x080001dd   Thumb Code     8  startup_stm32f410cx.o(.text)
    ADC_IRQHandler                           0x080001f7   Thumb Code     0  startup_stm32f410cx.o(.text)
    DMA1_Stream0_IRQHandler                  0x080001f7   Thumb Code     0  startup_stm32f410cx.o(.text)
    DMA1_Stream1_IRQHandler                  0x080001f7   Thumb Code     0  startup_stm32f410cx.o(.text)
    DMA1_Stream2_IRQHandler                  0x080001f7   Thumb Code     0  startup_stm32f410cx.o(.text)
    DMA1_Stream3_IRQHandler                  0x080001f7   Thumb Code     0  startup_stm32f410cx.o(.text)
    DMA1_Stream4_IRQHandler                  0x080001f7   Thumb Code     0  startup_stm32f410cx.o(.text)
    DMA1_Stream5_IRQHandler                  0x080001f7   Thumb Code     0  startup_stm32f410cx.o(.text)
    DMA1_Stream6_IRQHandler                  0x080001f7   Thumb Code     0  startup_stm32f410cx.o(.text)
    DMA1_Stream7_IRQHandler                  0x080001f7   Thumb Code     0  startup_stm32f410cx.o(.text)
    DMA2_Stream0_IRQHandler                  0x080001f7   Thumb Code     0  startup_stm32f410cx.o(.text)
    DMA2_Stream1_IRQHandler                  0x080001f7   Thumb Code     0  startup_stm32f410cx.o(.text)
    DMA2_Stream3_IRQHandler                  0x080001f7   Thumb Code     0  startup_stm32f410cx.o(.text)
    DMA2_Stream4_IRQHandler                  0x080001f7   Thumb Code     0  startup_stm32f410cx.o(.text)
    DMA2_Stream5_IRQHandler                  0x080001f7   Thumb Code     0  startup_stm32f410cx.o(.text)
    DMA2_Stream6_IRQHandler                  0x080001f7   Thumb Code     0  startup_stm32f410cx.o(.text)
    DMA2_Stream7_IRQHandler                  0x080001f7   Thumb Code     0  startup_stm32f410cx.o(.text)
    EXTI0_IRQHandler                         0x080001f7   Thumb Code     0  startup_stm32f410cx.o(.text)
    EXTI15_10_IRQHandler                     0x080001f7   Thumb Code     0  startup_stm32f410cx.o(.text)
    EXTI1_IRQHandler                         0x080001f7   Thumb Code     0  startup_stm32f410cx.o(.text)
    EXTI2_IRQHandler                         0x080001f7   Thumb Code     0  startup_stm32f410cx.o(.text)
    EXTI3_IRQHandler                         0x080001f7   Thumb Code     0  startup_stm32f410cx.o(.text)
    EXTI4_IRQHandler                         0x080001f7   Thumb Code     0  startup_stm32f410cx.o(.text)
    EXTI9_5_IRQHandler                       0x080001f7   Thumb Code     0  startup_stm32f410cx.o(.text)
    FLASH_IRQHandler                         0x080001f7   Thumb Code     0  startup_stm32f410cx.o(.text)
    FMPI2C1_ER_IRQHandler                    0x080001f7   Thumb Code     0  startup_stm32f410cx.o(.text)
    FMPI2C1_EV_IRQHandler                    0x080001f7   Thumb Code     0  startup_stm32f410cx.o(.text)
    FPU_IRQHandler                           0x080001f7   Thumb Code     0  startup_stm32f410cx.o(.text)
    I2C1_ER_IRQHandler                       0x080001f7   Thumb Code     0  startup_stm32f410cx.o(.text)
    I2C1_EV_IRQHandler                       0x080001f7   Thumb Code     0  startup_stm32f410cx.o(.text)
    I2C2_ER_IRQHandler                       0x080001f7   Thumb Code     0  startup_stm32f410cx.o(.text)
    I2C2_EV_IRQHandler                       0x080001f7   Thumb Code     0  startup_stm32f410cx.o(.text)
    LPTIM1_IRQHandler                        0x080001f7   Thumb Code     0  startup_stm32f410cx.o(.text)
    PVD_IRQHandler                           0x080001f7   Thumb Code     0  startup_stm32f410cx.o(.text)
    RCC_IRQHandler                           0x080001f7   Thumb Code     0  startup_stm32f410cx.o(.text)
    RNG_IRQHandler                           0x080001f7   Thumb Code     0  startup_stm32f410cx.o(.text)
    RTC_Alarm_IRQHandler                     0x080001f7   Thumb Code     0  startup_stm32f410cx.o(.text)
    RTC_WKUP_IRQHandler                      0x080001f7   Thumb Code     0  startup_stm32f410cx.o(.text)
    SPI1_IRQHandler                          0x080001f7   Thumb Code     0  startup_stm32f410cx.o(.text)
    SPI2_IRQHandler                          0x080001f7   Thumb Code     0  startup_stm32f410cx.o(.text)
    SPI5_IRQHandler                          0x080001f7   Thumb Code     0  startup_stm32f410cx.o(.text)
    TAMP_STAMP_IRQHandler                    0x080001f7   Thumb Code     0  startup_stm32f410cx.o(.text)
    TIM1_BRK_TIM9_IRQHandler                 0x080001f7   Thumb Code     0  startup_stm32f410cx.o(.text)
    TIM1_CC_IRQHandler                       0x080001f7   Thumb Code     0  startup_stm32f410cx.o(.text)
    TIM1_TRG_COM_TIM11_IRQHandler            0x080001f7   Thumb Code     0  startup_stm32f410cx.o(.text)
    TIM1_UP_IRQHandler                       0x080001f7   Thumb Code     0  startup_stm32f410cx.o(.text)
    TIM5_IRQHandler                          0x080001f7   Thumb Code     0  startup_stm32f410cx.o(.text)
    TIM6_DAC_IRQHandler                      0x080001f7   Thumb Code     0  startup_stm32f410cx.o(.text)
    USART2_IRQHandler                        0x080001f7   Thumb Code     0  startup_stm32f410cx.o(.text)
    USART6_IRQHandler                        0x080001f7   Thumb Code     0  startup_stm32f410cx.o(.text)
    WWDG_IRQHandler                          0x080001f7   Thumb Code     0  startup_stm32f410cx.o(.text)
    __aeabi_uldivmod                         0x08000201   Thumb Code    98  uldiv.o(.text)
    __aeabi_memcpy                           0x08000263   Thumb Code    36  memcpya.o(.text)
    __aeabi_memcpy4                          0x08000263   Thumb Code     0  memcpya.o(.text)
    __aeabi_memcpy8                          0x08000263   Thumb Code     0  memcpya.o(.text)
    __aeabi_memset                           0x08000287   Thumb Code    14  memseta.o(.text)
    __aeabi_memset4                          0x08000287   Thumb Code     0  memseta.o(.text)
    __aeabi_memset8                          0x08000287   Thumb Code     0  memseta.o(.text)
    __aeabi_memclr                           0x08000295   Thumb Code     4  memseta.o(.text)
    __aeabi_memclr4                          0x08000295   Thumb Code     0  memseta.o(.text)
    __aeabi_memclr8                          0x08000295   Thumb Code     0  memseta.o(.text)
    _memset$wrapper                          0x08000299   Thumb Code    18  memseta.o(.text)
    __aeabi_llsl                             0x080002ab   Thumb Code    30  llshl.o(.text)
    _ll_shift_l                              0x080002ab   Thumb Code     0  llshl.o(.text)
    __aeabi_llsr                             0x080002c9   Thumb Code    32  llushr.o(.text)
    _ll_ushift_r                             0x080002c9   Thumb Code     0  llushr.o(.text)
    __scatterload                            0x080002e9   Thumb Code    28  init.o(.text)
    __scatterload_rt2                        0x080002e9   Thumb Code     0  init.o(.text)
    BusFault_Handler                         0x0800030d   Thumb Code     2  stm32f4xx_it.o(i.BusFault_Handler)
    DMA2_Stream2_IRQHandler                  0x08000311   Thumb Code     6  stm32f4xx_it.o(i.DMA2_Stream2_IRQHandler)
    DWT_Delay_Init                           0x08000399   Thumb Code    58  dwt_stm32_delay.o(i.DWT_Delay_Init)
    DebugMon_Handler                         0x080003dd   Thumb Code     2  stm32f4xx_it.o(i.DebugMon_Handler)
    Error_Handler                            0x080003df   Thumb Code     2  main.o(i.Error_Handler)
    HAL_DMA_Abort_IT                         0x08000629   Thumb Code    36  stm32f4xx_hal_dma.o(i.HAL_DMA_Abort_IT)
    HAL_DMA_IRQHandler                       0x0800064d   Thumb Code   412  stm32f4xx_hal_dma.o(i.HAL_DMA_IRQHandler)
    HAL_DMA_Init                             0x080007ed   Thumb Code   206  stm32f4xx_hal_dma.o(i.HAL_DMA_Init)
    HAL_Delay                                0x080008c1   Thumb Code    32  stm32f4xx_hal.o(i.HAL_Delay)
    HAL_FMPI2CEx_ConfigAnalogFilter          0x080008e5   Thumb Code    86  stm32f4xx_hal_fmpi2c_ex.o(i.HAL_FMPI2CEx_ConfigAnalogFilter)
    HAL_FMPI2C_Init                          0x0800093d   Thumb Code   178  stm32f4xx_hal_fmpi2c.o(i.HAL_FMPI2C_Init)
    HAL_FMPI2C_Master_Receive                0x080009f5   Thumb Code   294  stm32f4xx_hal_fmpi2c.o(i.HAL_FMPI2C_Master_Receive)
    HAL_FMPI2C_Master_Transmit               0x08000b25   Thumb Code   292  stm32f4xx_hal_fmpi2c.o(i.HAL_FMPI2C_Master_Transmit)
    HAL_FMPI2C_MspInit                       0x08000c51   Thumb Code    94  stm32f4xx_hal_msp.o(i.HAL_FMPI2C_MspInit)
    HAL_GPIO_Init                            0x08000cbd   Thumb Code   340  stm32f4xx_hal_gpio.o(i.HAL_GPIO_Init)
    HAL_GPIO_TogglePin                       0x08000e29   Thumb Code     8  stm32f4xx_hal_gpio.o(i.HAL_GPIO_TogglePin)
    HAL_GPIO_WritePin                        0x08000e31   Thumb Code    10  stm32f4xx_hal_gpio.o(i.HAL_GPIO_WritePin)
    HAL_GetTick                              0x08000e3d   Thumb Code     6  stm32f4xx_hal.o(i.HAL_GetTick)
    HAL_IncTick                              0x08000e49   Thumb Code    12  stm32f4xx_hal.o(i.HAL_IncTick)
    HAL_Init                                 0x08000e59   Thumb Code    48  stm32f4xx_hal.o(i.HAL_Init)
    HAL_InitTick                             0x08000e8d   Thumb Code    54  stm32f4xx_hal.o(i.HAL_InitTick)
    HAL_MspInit                              0x08000ecd   Thumb Code    42  stm32f4xx_hal_msp.o(i.HAL_MspInit)
    HAL_NVIC_EnableIRQ                       0x08000efd   Thumb Code    22  stm32f4xx_hal_cortex.o(i.HAL_NVIC_EnableIRQ)
    HAL_NVIC_SetPriority                     0x08000f15   Thumb Code    60  stm32f4xx_hal_cortex.o(i.HAL_NVIC_SetPriority)
    HAL_NVIC_SetPriorityGrouping             0x08000f55   Thumb Code    26  stm32f4xx_hal_cortex.o(i.HAL_NVIC_SetPriorityGrouping)
    HAL_RCCEx_PeriphCLKConfig                0x08000f79   Thumb Code   268  stm32f4xx_hal_rcc_ex.o(i.HAL_RCCEx_PeriphCLKConfig)
    HAL_RCC_ClockConfig                      0x0800109d   Thumb Code   286  stm32f4xx_hal_rcc.o(i.HAL_RCC_ClockConfig)
    HAL_RCC_GetPCLK1Freq                     0x080011cd   Thumb Code    20  stm32f4xx_hal_rcc.o(i.HAL_RCC_GetPCLK1Freq)
    HAL_RCC_GetPCLK2Freq                     0x080011ed   Thumb Code    20  stm32f4xx_hal_rcc.o(i.HAL_RCC_GetPCLK2Freq)
    HAL_RCC_GetSysClockFreq                  0x0800120d   Thumb Code    88  stm32f4xx_hal_rcc.o(i.HAL_RCC_GetSysClockFreq)
    HAL_RCC_OscConfig                        0x08001271   Thumb Code   778  stm32f4xx_hal_rcc_ex.o(i.HAL_RCC_OscConfig)
    HAL_RTC_Init                             0x08001595   Thumb Code   166  stm32f4xx_hal_rtc.o(i.HAL_RTC_Init)
    HAL_RTC_MspInit                          0x08001641   Thumb Code    16  stm32f4xx_hal_msp.o(i.HAL_RTC_MspInit)
    HAL_RTC_WaitForSynchro                   0x08001659   Thumb Code    54  stm32f4xx_hal_rtc.o(i.HAL_RTC_WaitForSynchro)
    HAL_SYSTICK_Config                       0x0800168f   Thumb Code    40  stm32f4xx_hal_cortex.o(i.HAL_SYSTICK_Config)
    HAL_TIMEx_ConfigBreakDeadTime            0x080016b7   Thumb Code    90  stm32f4xx_hal_tim_ex.o(i.HAL_TIMEx_ConfigBreakDeadTime)
    HAL_TIMEx_MasterConfigSynchronization    0x08001711   Thumb Code    80  stm32f4xx_hal_tim_ex.o(i.HAL_TIMEx_MasterConfigSynchronization)
    HAL_TIM_MspPostInit                      0x08001761   Thumb Code    72  stm32f4xx_hal_msp.o(i.HAL_TIM_MspPostInit)
    HAL_TIM_PWM_ConfigChannel                0x080017b5   Thumb Code   208  stm32f4xx_hal_tim.o(i.HAL_TIM_PWM_ConfigChannel)
    HAL_TIM_PWM_Init                         0x08001885   Thumb Code    54  stm32f4xx_hal_tim.o(i.HAL_TIM_PWM_Init)
    HAL_TIM_PWM_MspInit                      0x080018bd   Thumb Code    30  stm32f4xx_hal_msp.o(i.HAL_TIM_PWM_MspInit)
    HAL_UART_ErrorCallback                   0x080018e5   Thumb Code     2  stm32f4xx_hal_uart.o(i.HAL_UART_ErrorCallback)
    HAL_UART_IRQHandler                      0x080018e9   Thumb Code   266  stm32f4xx_hal_uart.o(i.HAL_UART_IRQHandler)
    HAL_UART_Init                            0x080019f9   Thumb Code    98  stm32f4xx_hal_uart.o(i.HAL_UART_Init)
    HAL_UART_MspInit                         0x08001a5d   Thumb Code   158  stm32f4xx_hal_msp.o(i.HAL_UART_MspInit)
    HAL_UART_RxCpltCallback                  0x08001b11   Thumb Code     2  main.o(i.HAL_UART_RxCpltCallback)
    HAL_UART_Transmit                        0x08001b13   Thumb Code   186  stm32f4xx_hal_uart.o(i.HAL_UART_Transmit)
    HAL_UART_TxCpltCallback                  0x08001bcd   Thumb Code     2  stm32f4xx_hal_uart.o(i.HAL_UART_TxCpltCallback)
    HardFault_Handler                        0x08001bcf   Thumb Code     2  stm32f4xx_it.o(i.HardFault_Handler)
    I2C_Read                                 0x08001bd1   Thumb Code    46  tj_mpu6050.o(i.I2C_Read)
    I2C_Write8                               0x08001c05   Thumb Code    28  tj_mpu6050.o(i.I2C_Write8)
    MPU6050_Config                           0x08001c25   Thumb Code   180  tj_mpu6050.o(i.MPU6050_Config)
    MPU6050_Get_Accel_RawData                0x08001cf9   Thumb Code   136  tj_mpu6050.o(i.MPU6050_Get_Accel_RawData)
    MPU6050_Get_Accel_Scale                  0x08001d85   Thumb Code    78  tj_mpu6050.o(i.MPU6050_Get_Accel_Scale)
    MPU6050_Get_Gyro_RawData                 0x08001dd9   Thumb Code    16  tj_mpu6050.o(i.MPU6050_Get_Gyro_RawData)
    MPU6050_Get_Gyro_Scale                   0x08001ded   Thumb Code    78  tj_mpu6050.o(i.MPU6050_Get_Gyro_Scale)
    MPU6050_Init                             0x08001e41   Thumb Code    10  tj_mpu6050.o(i.MPU6050_Init)
    MPU6050_Set_SMPRT_DIV                    0x08001e51   Thumb Code     8  tj_mpu6050.o(i.MPU6050_Set_SMPRT_DIV)
    MemManage_Handler                        0x08002009   Thumb Code     2  stm32f4xx_it.o(i.MemManage_Handler)
    NMI_Handler                              0x0800200b   Thumb Code     2  stm32f4xx_it.o(i.NMI_Handler)
    PendSV_Handler                           0x0800202d   Thumb Code     2  stm32f4xx_it.o(i.PendSV_Handler)
    RTC_EnterInitMode                        0x08002031   Thumb Code    58  stm32f4xx_hal_rtc.o(i.RTC_EnterInitMode)
    SVC_Handler                              0x0800206b   Thumb Code     2  stm32f4xx_it.o(i.SVC_Handler)
    SysTick_Handler                          0x0800206d   Thumb Code     4  stm32f4xx_it.o(i.SysTick_Handler)
    SystemClock_Config                       0x08002071   Thumb Code   148  main.o(i.SystemClock_Config)
    SystemInit                               0x0800210d   Thumb Code    66  system_stm32f4xx.o(i.SystemInit)
    TIM_Base_SetConfig                       0x08002161   Thumb Code    76  stm32f4xx_hal_tim.o(i.TIM_Base_SetConfig)
    TIM_OC2_SetConfig                        0x0800220d   Thumb Code    84  stm32f4xx_hal_tim.o(i.TIM_OC2_SetConfig)
    USART1_IRQHandler                        0x0800272d   Thumb Code     6  stm32f4xx_it.o(i.USART1_IRQHandler)
    UsageFault_Handler                       0x08002739   Thumb Code     2  stm32f4xx_it.o(i.UsageFault_Handler)
    __scatterload_copy                       0x0800273b   Thumb Code    14  handlers.o(i.__scatterload_copy)
    __scatterload_null                       0x08002749   Thumb Code     2  handlers.o(i.__scatterload_null)
    __scatterload_zeroinit                   0x0800274b   Thumb Code    14  handlers.o(i.__scatterload_zeroinit)
    main                                     0x08002759   Thumb Code   228  main.o(i.main)
    turnOnBlueLED                            0x08002859   Thumb Code     8  flight_controller.o(i.turnOnBlueLED)
    AHBPrescTable                            0x0800288a   Data          16  system_stm32f4xx.o(.constdata)
    APBPrescTable                            0x0800289a   Data           8  system_stm32f4xx.o(.constdata)
    Region$$Table$$Base                      0x080028a4   Number         0  anon$$obj.o(Region$$Table)
    Region$$Table$$Limit                     0x080028c4   Number         0  anon$$obj.o(Region$$Table)
    myAccelRaw                               0x2000001a   Data           6  main.o(.data)
    myGyroRaw                                0x20000020   Data           6  main.o(.data)
    uwTickFreq                               0x20000028   Data           1  stm32f4xx_hal.o(.data)
    uwTickPrio                               0x2000002c   Data           4  stm32f4xx_hal.o(.data)
    uwTick                                   0x20000030   Data           4  stm32f4xx_hal.o(.data)
    SystemCoreClock                          0x20000034   Data           4  system_stm32f4xx.o(.data)
    hfmpi2c1                                 0x20000084   Data          76  main.o(.bss)
    hrtc                                     0x200000d0   Data          32  main.o(.bss)
    htim1                                    0x200000f0   Data          60  main.o(.bss)
    huart1                                   0x2000012c   Data          64  main.o(.bss)
    myAccelScaled                            0x2000016c   Data          12  main.o(.bss)
    myGyroScaled                             0x20000178   Data          12  main.o(.bss)
    hdma_usart1_rx                           0x20000184   Data          96  main.o(.bss)
    __initial_sp                             0x200005e8   Data           0  startup_stm32f410cx.o(STACK)



==============================================================================

Memory Map of the image

  Image Entry point : 0x080001c9

  Load Region LR_IROM1 (Base: 0x08000000, Size: 0x000028fc, Max: 0x00020000, ABSOLUTE)

    Execution Region ER_IROM1 (Exec base: 0x08000000, Load base: 0x08000000, Size: 0x000028c4, Max: 0x00020000, ABSOLUTE)

    Exec Addr    Load Addr    Size         Type   Attr      Idx    E Section Name        Object

    0x08000000   0x08000000   0x000001c8   Data   RO            3    RESET               startup_stm32f410cx.o
    0x080001c8   0x080001c8   0x00000000   Code   RO         3783  * .ARM.Collect$$$$00000000  mc_w.l(entry.o)
    0x080001c8   0x080001c8   0x00000004   Code   RO         3801    .ARM.Collect$$$$00000001  mc_w.l(entry2.o)
    0x080001cc   0x080001cc   0x00000004   Code   RO         3804    .ARM.Collect$$$$00000004  mc_w.l(entry5.o)
    0x080001d0   0x080001d0   0x00000000   Code   RO         3806    .ARM.Collect$$$$00000008  mc_w.l(entry7b.o)
    0x080001d0   0x080001d0   0x00000000   Code   RO         3808    .ARM.Collect$$$$0000000A  mc_w.l(entry8b.o)
    0x080001d0   0x080001d0   0x00000008   Code   RO         3809    .ARM.Collect$$$$0000000B  mc_w.l(entry9a.o)
    0x080001d8   0x080001d8   0x00000000   Code   RO         3811    .ARM.Collect$$$$0000000D  mc_w.l(entry10a.o)
    0x080001d8   0x080001d8   0x00000000   Code   RO         3813    .ARM.Collect$$$$0000000F  mc_w.l(entry11a.o)
    0x080001d8   0x080001d8   0x00000004   Code   RO         3802    .ARM.Collect$$$$00002712  mc_w.l(entry2.o)
    0x080001dc   0x080001dc   0x00000024   Code   RO            4    .text               startup_stm32f410cx.o
    0x08000200   0x08000200   0x00000062   Code   RO         3793    .text               mc_w.l(uldiv.o)
    0x08000262   0x08000262   0x00000024   Code   RO         3795    .text               mc_w.l(memcpya.o)
    0x08000286   0x08000286   0x00000024   Code   RO         3797    .text               mc_w.l(memseta.o)
    0x080002aa   0x080002aa   0x0000001e   Code   RO         3815    .text               mc_w.l(llshl.o)
    0x080002c8   0x080002c8   0x00000020   Code   RO         3817    .text               mc_w.l(llushr.o)
    0x080002e8   0x080002e8   0x00000024   Code   RO         3819    .text               mc_w.l(init.o)
    0x0800030c   0x0800030c   0x00000002   Code   RO          327    i.BusFault_Handler  stm32f4xx_it.o
    0x0800030e   0x0800030e   0x00000002   PAD
    0x08000310   0x08000310   0x0000000c   Code   RO          328    i.DMA2_Stream2_IRQHandler  stm32f4xx_it.o
    0x0800031c   0x0800031c   0x00000028   Code   RO         3068    i.DMA_CalcBaseAndBitshift  stm32f4xx_hal_dma.o
    0x08000344   0x08000344   0x00000054   Code   RO         3069    i.DMA_CheckFifoParam  stm32f4xx_hal_dma.o
    0x08000398   0x08000398   0x00000044   Code   RO          231    i.DWT_Delay_Init    dwt_stm32_delay.o
    0x080003dc   0x080003dc   0x00000002   Code   RO          329    i.DebugMon_Handler  stm32f4xx_it.o
    0x080003de   0x080003de   0x00000002   Code   RO          258    i.Error_Handler     main.o
    0x080003e0   0x080003e0   0x00000022   Code   RO          532    i.FMPI2C_Flush_TXDR  stm32f4xx_hal_fmpi2c.o
    0x08000402   0x08000402   0x00000002   PAD
    0x08000404   0x08000404   0x0000007c   Code   RO          540    i.FMPI2C_IsAcknowledgeFailed  stm32f4xx_hal_fmpi2c.o
    0x08000480   0x08000480   0x0000002c   Code   RO          547    i.FMPI2C_TransferConfig  stm32f4xx_hal_fmpi2c.o
    0x080004ac   0x080004ac   0x00000052   Code   RO          548    i.FMPI2C_WaitOnFlagUntilTimeout  stm32f4xx_hal_fmpi2c.o
    0x080004fe   0x080004fe   0x00000002   PAD
    0x08000500   0x08000500   0x00000088   Code   RO          549    i.FMPI2C_WaitOnRXNEFlagUntilTimeout  stm32f4xx_hal_fmpi2c.o
    0x08000588   0x08000588   0x0000004e   Code   RO          550    i.FMPI2C_WaitOnSTOPFlagUntilTimeout  stm32f4xx_hal_fmpi2c.o
    0x080005d6   0x080005d6   0x00000052   Code   RO          551    i.FMPI2C_WaitOnTXISFlagUntilTimeout  stm32f4xx_hal_fmpi2c.o
    0x08000628   0x08000628   0x00000024   Code   RO         3072    i.HAL_DMA_Abort_IT  stm32f4xx_hal_dma.o
    0x0800064c   0x0800064c   0x000001a0   Code   RO         3076    i.HAL_DMA_IRQHandler  stm32f4xx_hal_dma.o
    0x080007ec   0x080007ec   0x000000d4   Code   RO         3077    i.HAL_DMA_Init      stm32f4xx_hal_dma.o
    0x080008c0   0x080008c0   0x00000024   Code   RO         3514    i.HAL_Delay         stm32f4xx_hal.o
    0x080008e4   0x080008e4   0x00000056   Code   RO          952    i.HAL_FMPI2CEx_ConfigAnalogFilter  stm32f4xx_hal_fmpi2c_ex.o
    0x0800093a   0x0800093a   0x00000002   PAD
    0x0800093c   0x0800093c   0x000000b8   Code   RO          563    i.HAL_FMPI2C_Init   stm32f4xx_hal_fmpi2c.o
    0x080009f4   0x080009f4   0x00000130   Code   RO          569    i.HAL_FMPI2C_Master_Receive  stm32f4xx_hal_fmpi2c.o
    0x08000b24   0x08000b24   0x0000012c   Code   RO          574    i.HAL_FMPI2C_Master_Transmit  stm32f4xx_hal_fmpi2c.o
    0x08000c50   0x08000c50   0x0000006c   Code   RO          416    i.HAL_FMPI2C_MspInit  stm32f4xx_hal_msp.o
    0x08000cbc   0x08000cbc   0x0000016c   Code   RO         2964    i.HAL_GPIO_Init     stm32f4xx_hal_gpio.o
    0x08000e28   0x08000e28   0x00000008   Code   RO         2967    i.HAL_GPIO_TogglePin  stm32f4xx_hal_gpio.o
    0x08000e30   0x08000e30   0x0000000a   Code   RO         2968    i.HAL_GPIO_WritePin  stm32f4xx_hal_gpio.o
    0x08000e3a   0x08000e3a   0x00000002   PAD
    0x08000e3c   0x08000e3c   0x0000000c   Code   RO         3520    i.HAL_GetTick       stm32f4xx_hal.o
    0x08000e48   0x08000e48   0x00000010   Code   RO         3524    i.HAL_IncTick       stm32f4xx_hal.o
    0x08000e58   0x08000e58   0x00000034   Code   RO         3525    i.HAL_Init          stm32f4xx_hal.o
    0x08000e8c   0x08000e8c   0x00000040   Code   RO         3526    i.HAL_InitTick      stm32f4xx_hal.o
    0x08000ecc   0x08000ecc   0x00000030   Code   RO          417    i.HAL_MspInit       stm32f4xx_hal_msp.o
    0x08000efc   0x08000efc   0x00000016   Code   RO         3377    i.HAL_NVIC_EnableIRQ  stm32f4xx_hal_cortex.o
    0x08000f12   0x08000f12   0x00000002   PAD
    0x08000f14   0x08000f14   0x00000040   Code   RO         3383    i.HAL_NVIC_SetPriority  stm32f4xx_hal_cortex.o
    0x08000f54   0x08000f54   0x00000024   Code   RO         3384    i.HAL_NVIC_SetPriorityGrouping  stm32f4xx_hal_cortex.o
    0x08000f78   0x08000f78   0x00000124   Code   RO         2659    i.HAL_RCCEx_PeriphCLKConfig  stm32f4xx_hal_rcc_ex.o
    0x0800109c   0x0800109c   0x00000130   Code   RO         2556    i.HAL_RCC_ClockConfig  stm32f4xx_hal_rcc.o
    0x080011cc   0x080011cc   0x00000020   Code   RO         2563    i.HAL_RCC_GetPCLK1Freq  stm32f4xx_hal_rcc.o
    0x080011ec   0x080011ec   0x00000020   Code   RO         2564    i.HAL_RCC_GetPCLK2Freq  stm32f4xx_hal_rcc.o
    0x0800120c   0x0800120c   0x00000064   Code   RO         2565    i.HAL_RCC_GetSysClockFreq  stm32f4xx_hal_rcc.o
    0x08001270   0x08001270   0x00000324   Code   RO         2663    i.HAL_RCC_OscConfig  stm32f4xx_hal_rcc_ex.o
    0x08001594   0x08001594   0x000000ac   Code   RO         1002    i.HAL_RTC_Init      stm32f4xx_hal_rtc.o
    0x08001640   0x08001640   0x00000018   Code   RO          419    i.HAL_RTC_MspInit   stm32f4xx_hal_msp.o
    0x08001658   0x08001658   0x00000036   Code   RO         1010    i.HAL_RTC_WaitForSynchro  stm32f4xx_hal_rtc.o
    0x0800168e   0x0800168e   0x00000028   Code   RO         3388    i.HAL_SYSTICK_Config  stm32f4xx_hal_cortex.o
    0x080016b6   0x080016b6   0x0000005a   Code   RO         1992    i.HAL_TIMEx_ConfigBreakDeadTime  stm32f4xx_hal_tim_ex.o
    0x08001710   0x08001710   0x00000050   Code   RO         2007    i.HAL_TIMEx_MasterConfigSynchronization  stm32f4xx_hal_tim_ex.o
    0x08001760   0x08001760   0x00000054   Code   RO          420    i.HAL_TIM_MspPostInit  stm32f4xx_hal_msp.o
    0x080017b4   0x080017b4   0x000000d0   Code   RO         1427    i.HAL_TIM_PWM_ConfigChannel  stm32f4xx_hal_tim.o
    0x08001884   0x08001884   0x00000036   Code   RO         1430    i.HAL_TIM_PWM_Init  stm32f4xx_hal_tim.o
    0x080018ba   0x080018ba   0x00000002   PAD
    0x080018bc   0x080018bc   0x00000028   Code   RO          422    i.HAL_TIM_PWM_MspInit  stm32f4xx_hal_msp.o
    0x080018e4   0x080018e4   0x00000002   Code   RO         2250    i.HAL_UART_ErrorCallback  stm32f4xx_hal_uart.o
    0x080018e6   0x080018e6   0x00000002   PAD
    0x080018e8   0x080018e8   0x00000110   Code   RO         2253    i.HAL_UART_IRQHandler  stm32f4xx_hal_uart.o
    0x080019f8   0x080019f8   0x00000062   Code   RO         2254    i.HAL_UART_Init     stm32f4xx_hal_uart.o
    0x08001a5a   0x08001a5a   0x00000002   PAD
    0x08001a5c   0x08001a5c   0x000000b4   Code   RO          424    i.HAL_UART_MspInit  stm32f4xx_hal_msp.o
    0x08001b10   0x08001b10   0x00000002   Code   RO          259    i.HAL_UART_RxCpltCallback  main.o
    0x08001b12   0x08001b12   0x000000ba   Code   RO         2262    i.HAL_UART_Transmit  stm32f4xx_hal_uart.o
    0x08001bcc   0x08001bcc   0x00000002   Code   RO         2265    i.HAL_UART_TxCpltCallback  stm32f4xx_hal_uart.o
    0x08001bce   0x08001bce   0x00000002   Code   RO          330    i.HardFault_Handler  stm32f4xx_it.o
    0x08001bd0   0x08001bd0   0x00000034   Code   RO           13    i.I2C_Read          tj_mpu6050.o
    0x08001c04   0x08001c04   0x00000020   Code   RO           14    i.I2C_Write8        tj_mpu6050.o
    0x08001c24   0x08001c24   0x000000d4   Code   RO           15    i.MPU6050_Config    tj_mpu6050.o
    0x08001cf8   0x08001cf8   0x0000008c   Code   RO           17    i.MPU6050_Get_Accel_RawData  tj_mpu6050.o
    0x08001d84   0x08001d84   0x00000054   Code   RO           18    i.MPU6050_Get_Accel_Scale  tj_mpu6050.o
    0x08001dd8   0x08001dd8   0x00000014   Code   RO           20    i.MPU6050_Get_Gyro_RawData  tj_mpu6050.o
    0x08001dec   0x08001dec   0x00000054   Code   RO           21    i.MPU6050_Get_Gyro_Scale  tj_mpu6050.o
    0x08001e40   0x08001e40   0x00000010   Code   RO           23    i.MPU6050_Init      tj_mpu6050.o
    0x08001e50   0x08001e50   0x00000008   Code   RO           25    i.MPU6050_Set_SMPRT_DIV  tj_mpu6050.o
    0x08001e58   0x08001e58   0x0000003c   Code   RO          260    i.MX_FMPI2C1_Init   main.o
    0x08001e94   0x08001e94   0x000000d0   Code   RO          261    i.MX_GPIO_Init      main.o
    0x08001f64   0x08001f64   0x000000a4   Code   RO          262    i.MX_TIM1_Init      main.o
    0x08002008   0x08002008   0x00000002   Code   RO          331    i.MemManage_Handler  stm32f4xx_it.o
    0x0800200a   0x0800200a   0x00000002   Code   RO          332    i.NMI_Handler       stm32f4xx_it.o
    0x0800200c   0x0800200c   0x00000020   Code   RO         3390    i.NVIC_SetPriority  stm32f4xx_hal_cortex.o
    0x0800202c   0x0800202c   0x00000002   Code   RO          333    i.PendSV_Handler    stm32f4xx_it.o
    0x0800202e   0x0800202e   0x00000002   PAD
    0x08002030   0x08002030   0x0000003a   Code   RO         1013    i.RTC_EnterInitMode  stm32f4xx_hal_rtc.o
    0x0800206a   0x0800206a   0x00000002   Code   RO          334    i.SVC_Handler       stm32f4xx_it.o
    0x0800206c   0x0800206c   0x00000004   Code   RO          335    i.SysTick_Handler   stm32f4xx_it.o
    0x08002070   0x08002070   0x0000009c   Code   RO          263    i.SystemClock_Config  main.o
    0x0800210c   0x0800210c   0x00000054   Code   RO         3679    i.SystemInit        system_stm32f4xx.o
    0x08002160   0x08002160   0x0000005c   Code   RO         1445    i.TIM_Base_SetConfig  stm32f4xx_hal_tim.o
    0x080021bc   0x080021bc   0x00000050   Code   RO         1454    i.TIM_OC1_SetConfig  stm32f4xx_hal_tim.o
    0x0800220c   0x0800220c   0x00000058   Code   RO         1455    i.TIM_OC2_SetConfig  stm32f4xx_hal_tim.o
    0x08002264   0x08002264   0x00000058   Code   RO         1456    i.TIM_OC3_SetConfig  stm32f4xx_hal_tim.o
    0x080022bc   0x080022bc   0x00000044   Code   RO         1457    i.TIM_OC4_SetConfig  stm32f4xx_hal_tim.o
    0x08002300   0x08002300   0x00000010   Code   RO         2267    i.UART_DMAAbortOnError  stm32f4xx_hal_uart.o
    0x08002310   0x08002310   0x0000001c   Code   RO         2277    i.UART_EndRxTransfer  stm32f4xx_hal_uart.o
    0x0800232c   0x0800232c   0x0000008c   Code   RO         2279    i.UART_Receive_IT   stm32f4xx_hal_uart.o
    0x080023b8   0x080023b8   0x000002ac   Code   RO         2280    i.UART_SetConfig    stm32f4xx_hal_uart.o
    0x08002664   0x08002664   0x00000062   Code   RO         2281    i.UART_Transmit_IT  stm32f4xx_hal_uart.o
    0x080026c6   0x080026c6   0x00000064   Code   RO         2282    i.UART_WaitOnFlagUntilTimeout  stm32f4xx_hal_uart.o
    0x0800272a   0x0800272a   0x00000002   PAD
    0x0800272c   0x0800272c   0x0000000c   Code   RO          336    i.USART1_IRQHandler  stm32f4xx_it.o
    0x08002738   0x08002738   0x00000002   Code   RO          337    i.UsageFault_Handler  stm32f4xx_it.o
    0x0800273a   0x0800273a   0x0000000e   Code   RO         3823    i.__scatterload_copy  mc_w.l(handlers.o)
    0x08002748   0x08002748   0x00000002   Code   RO         3824    i.__scatterload_null  mc_w.l(handlers.o)
    0x0800274a   0x0800274a   0x0000000e   Code   RO         3825    i.__scatterload_zeroinit  mc_w.l(handlers.o)
    0x08002758   0x08002758   0x00000100   Code   RO          264    i.main              main.o
    0x08002858   0x08002858   0x0000000c   Code   RO          494    i.turnOnBlueLED     flight_controller.o
    0x08002864   0x08002864   0x0000001e   Data   RO          267    .constdata          main.o
    0x08002882   0x08002882   0x00000008   Data   RO         3083    .constdata          stm32f4xx_hal_dma.o
    0x0800288a   0x0800288a   0x00000010   Data   RO         3680    .constdata          system_stm32f4xx.o
    0x0800289a   0x0800289a   0x00000008   Data   RO         3681    .constdata          system_stm32f4xx.o
    0x080028a2   0x080028a2   0x00000002   PAD
    0x080028a4   0x080028a4   0x00000020   Data   RO         3821    Region$$Table       anon$$obj.o


    Execution Region RW_IRAM1 (Exec base: 0x20000000, Load base: 0x080028c4, Size: 0x000005e8, Max: 0x00008000, ABSOLUTE)

    Exec Addr    Load Addr    Size         Type   Attr      Idx    E Section Name        Object

    0x20000000   0x080028c4   0x0000001a   Data   RW           28    .data               tj_mpu6050.o
    0x2000001a   0x080028de   0x0000000c   Data   RW          268    .data               main.o
    0x20000026   0x080028ea   0x00000002   PAD
    0x20000028   0x080028ec   0x0000000c   Data   RW         3532    .data               stm32f4xx_hal.o
    0x20000034   0x080028f8   0x00000004   Data   RW         3682    .data               system_stm32f4xx.o
    0x20000038        -       0x0000004c   Zero   RW           27    .bss                tj_mpu6050.o
    0x20000084        -       0x00000100   Zero   RW          265    .bss                main.o
    0x20000184        -       0x00000060   Zero   RW          266    .bss                main.o
    0x200001e4   0x080028fc   0x00000004   PAD
    0x200001e8        -       0x00000400   Zero   RW            1    STACK               startup_stm32f410cx.o


==============================================================================

Image component sizes


      Code (inc. data)   RO Data    RW Data    ZI Data      Debug   Object Name

        68         10          0          0          0        637   dwt_stm32_delay.o
        12          4          0          0          0        528   flight_controller.o
       848         76         30         12        352       5714   main.o
        36          8        456          0       1024        904   startup_stm32f410cx.o
       180         28          0         12          0       5065   stm32f4xx_hal.o
       194         14          0          0          0      30823   stm32f4xx_hal_cortex.o
       788         16          8          0          0       5155   stm32f4xx_hal_dma.o
      1368         38          0          0          0      12003   stm32f4xx_hal_fmpi2c.o
        86          0          0          0          0       1294   stm32f4xx_hal_fmpi2c_ex.o
       382         24          0          0          0       3277   stm32f4xx_hal_gpio.o
       484         72          0          0          0       4673   stm32f4xx_hal_msp.o
       468         54          0          0          0       4044   stm32f4xx_hal_rcc.o
      1096         50          0          0          0       3028   stm32f4xx_hal_rcc_ex.o
       284          6          0          0          0       3140   stm32f4xx_hal_rtc.o
       678         36          0          0          0       6996   stm32f4xx_hal_tim.o
       170          0          0          0          0       2328   stm32f4xx_hal_tim_ex.o
      1626         14          0          0          0       9805   stm32f4xx_hal_uart.o
        44         12          0          0          0       5788   stm32f4xx_it.o
        84         18         24          4          0       1363   system_stm32f4xx.o
       648         68          0         26         76     376740   tj_mpu6050.o

    ----------------------------------------------------------------------
      9566        548        552         56       1456     483305   Object Totals
         0          0         32          0          0          0   (incl. Generated)
        22          0          2          2          4          0   (incl. Padding)

    ----------------------------------------------------------------------

      Code (inc. data)   RO Data    RW Data    ZI Data      Debug   Library Member Name

         0          0          0          0          0          0   entry.o
         0          0          0          0          0          0   entry10a.o
         0          0          0          0          0          0   entry11a.o
         8          4          0          0          0          0   entry2.o
         4          0          0          0          0          0   entry5.o
         0          0          0          0          0          0   entry7b.o
         0          0          0          0          0          0   entry8b.o
         8          4          0          0          0          0   entry9a.o
        30          0          0          0          0          0   handlers.o
        36          8          0          0          0         68   init.o
        30          0          0          0          0         68   llshl.o
        32          0          0          0          0         68   llushr.o
        36          0          0          0          0         68   memcpya.o
        36          0          0          0          0        108   memseta.o
        98          0          0          0          0         92   uldiv.o

    ----------------------------------------------------------------------
       318         16          0          0          0        472   Library Totals
         0          0          0          0          0          0   (incl. Padding)

    ----------------------------------------------------------------------

      Code (inc. data)   RO Data    RW Data    ZI Data      Debug   Library Name

       318         16          0          0          0        472   mc_w.l

    ----------------------------------------------------------------------
       318         16          0          0          0        472   Library Totals

    ----------------------------------------------------------------------

==============================================================================


      Code (inc. data)   RO Data    RW Data    ZI Data      Debug   

      9884        564        552         56       1456     475325   Grand Totals
      9884        564        552         56       1456     475325   ELF Image Totals
      9884        564        552         56          0          0   ROM Totals

==============================================================================

    Total RO  Size (Code + RO Data)                10436 (  10.19kB)
    Total RW  Size (RW Data + ZI Data)              1512 (   1.48kB)
    Total ROM Size (Code + RO Data + RW Data)      10492 (  10.25kB)

==============================================================================

